
> stegmaier-landing@1.0.0 test
> vitest --run


[7m[1m[36m RUN [39m[22m[27m [36mv1.6.1[39m [90mC:/Users/Asus/Documents/stegmaier-landing/frontend[39m

 [32mÔ£ô[39m src/tests/hooks/useAnalytics.test.ts[2m > [22museAnalytics[2m > [22minitializes analytics hook correctly
 [32mÔ£ô[39m src/tests/hooks/useAnalytics.test.ts[2m > [22museAnalytics[2m > [22mtracks page view correctly
 [32mÔ£ô[39m src/tests/hooks/useAnalytics.test.ts[2m > [22museAnalytics[2m > [22mtracks lesson start correctly
 [32mÔ£ô[39m src/tests/hooks/useAnalytics.test.ts[2m > [22museAnalytics[2m > [22mtracks lesson complete correctly
 [32mÔ£ô[39m src/tests/hooks/useAnalytics.test.ts[2m > [22museAnalytics[2m > [22mtracks course complete correctly
[90mstdout[2m | src/tests/services/courseService.test.ts[2m > [22m[2mCourseService[2m > [22m[2mgetAvailableCourses[2m > [22m[2mfetches available courses successfully[22m[39m
­ƒöì [courseService] Calling getAvailableCourses with params: { page: [33m1[39m, limit: [33m10[39m }
­ƒöì [courseService] Response from API: [
  {
    id: [32m'1'[39m,
    title: [32m'Test Course 1'[39m,
    description: [32m'A test course'[39m,
    instructor_id: [32m'1'[39m,
    instructor_name: [32m'John Doe'[39m,
    level: [32m'beginner'[39m,
    category: [32m'programming'[39m,
    is_published: [33mtrue[39m,
    lessons_count: [33m5[39m,
    enrollments_count: [33m10[39m,
    created_at: [32m'2024-01-01T00:00:00Z'[39m,
    thumbnail_url: [32m'/test-image.jpg'[39m,
    price: [33m99.99[39m
  },
  {
    id: [32m'2'[39m,
    title: [32m'Test Course 2'[39m,
    description: [32m'Another test course'[39m,
    instructor_id: [32m'2'[39m,
    instructor_name: [32m'Jane Smith'[39m,
    level: [32m'intermediate'[39m,
    category: [32m'design'[39m,
    is_published: [33mtrue[39m,
    lessons_count: [33m8[39m,
    enrollments_count: [33m25[39m,
    created_at: [32m'2024-01-02T00:00:00Z'[39m,
    thumbnail_url: [32m'/test-image-2.jpg'[39m,
    price: [33m149.99[39m
  }
]
­ƒöì [courseService] Response status: [33m200[39m

[90mstdout[2m | src/tests/services/courseService.test.ts[2m > [22m[2mCourseService[2m > [22m[2mgetAvailableCourses[2m > [22m[2mhandles pagination parameters[22m[39m
­ƒöì [courseService] Calling getAvailableCourses with params: { page: [33m2[39m, limit: [33m5[39m }
­ƒöì [courseService] Response from API: [
  {
    id: [32m'1'[39m,
    title: [32m'Test Course 1'[39m,
    description: [32m'A test course'[39m,
    instructor_id: [32m'1'[39m,
    instructor_name: [32m'John Doe'[39m,
    level: [32m'beginner'[39m,
    category: [32m'programming'[39m,
    is_published: [33mtrue[39m,
    lessons_count: [33m5[39m,
    enrollments_count: [33m10[39m,
    created_at: [32m'2024-01-01T00:00:00Z'[39m,
    thumbnail_url: [32m'/test-image.jpg'[39m,
    price: [33m99.99[39m
  },
  {
    id: [32m'2'[39m,
    title: [32m'Test Course 2'[39m,
    description: [32m'Another test course'[39m,
    instructor_id: [32m'2'[39m,
    instructor_name: [32m'Jane Smith'[39m,
    level: [32m'intermediate'[39m,
    category: [32m'design'[39m,
    is_published: [33mtrue[39m,
    lessons_count: [33m8[39m,
    enrollments_count: [33m25[39m,
    created_at: [32m'2024-01-02T00:00:00Z'[39m,
    thumbnail_url: [32m'/test-image-2.jpg'[39m,
    price: [33m149.99[39m
  }
]
­ƒöì [courseService] Response status: [33m200[39m

[90mstdout[2m | src/tests/services/courseService.test.ts[2m > [22m[2mCourseService[2m > [22m[2mgetAvailableCourses[2m > [22m[2mhandles API errors gracefully[22m[39m
­ƒöì [courseService] Calling getAvailableCourses with params: { page: [33m1[39m, limit: [33m10[39m }

npm : [90mstderr[2m | src/tests/services/courseService.test.ts[2m > 
[22m[2mCourseService[2m > [22m[2mgetAvailableCourses[2m > [22m[2mhandles 
API errors gracefully[22m[39m
En línea: 1 Carácter: 1
+ npm test -- --run 2>&1 | tee test-output.txt
+ ~~~~~~~~~~~~~~~~~~~~~~
    + CategoryInfo          : NotSpecified: ([90mstderr[2m...fully[22m[39m:St 
   ring) [], RemoteException
    + FullyQualifiedErrorId : NativeCommandError
 
Error fetching available courses: Error: Request failed with status code 500
    at createError [90m(C:\Users\Asus\Documents\stegmaier-landing\frontend\[39mn
ode_modules\[4maxios[24m\lib\core\createError.js:16:15[90m)[39m
    at settle [90m(C:\Users\Asus\Documents\stegmaier-landing\frontend\[39mnode_m
odules\[4maxios[24m\lib\core\settle.js:17:12[90m)[39m
    at XMLHttpRequest.onloadend [90m(C:\Users\Asus\Documents\stegmaier-landing\fr
ontend\[39mnode_modules\[4maxios[24m\lib\adapters\xhr.js:66:7[90m)[39m
    at XMLHttpRequest.methodCall [90m(file:///C:/Users/Asus/Documents/stegmaier-l
anding/frontend/[39mnode_modules/[4m@mswjs[24m/interceptors/src/interceptors/XM
LHttpRequest/XMLHttpRequestController.ts:207:20[90m)[39m
    at Proxy.<anonymous> [90m(file:///C:/Users/Asus/Documents/stegmaier-landing/f
rontend/[39mnode_modules/[4m@mswjs[24m/interceptors/src/utils/createProxy.ts:93
:29[90m)[39m
    at XMLHttpRequestController.trigger [90m(file:///C:/Users/Asus/Documents/steg
maier-landing/frontend/[39mnode_modules/[4m@mswjs[24m/interceptors/src/intercep
tors/XMLHttpRequest/XMLHttpRequestController.ts:631:16[90m)[39m
    at finalizeResponse [90m(file:///C:/Users/Asus/Documents/stegmaier-landing/fr
ontend/[39mnode_modules/[4m@mswjs[24m/interceptors/src/interceptors/XMLHttpRequ
est/XMLHttpRequestController.ts:421:12[90m)[39m
    at readNextResponseBodyChunk [90m(file:///C:/Users/Asus/Documents/stegmaier-l
anding/frontend/[39mnode_modules/[4m@mswjs[24m/interceptors/src/interceptors/XM
LHttpRequest/XMLHttpRequestController.ts:437:11[90m)[39m
[90m    at processTicksAndRejections 
(node:internal/process/task_queues:95:5)[39m {
  config: {
    transitional: {
      silentJSONParsing: [33mtrue[39m,
      forcedJSONParsing: [33mtrue[39m,
      clarifyTimeoutError: [33mfalse[39m
    },
    adapter: [36m[Function: xhrAdapter][39m,
    transformRequest: [ [36m[Function: transformRequest][39m ],
    transformResponse: [ [36m[Function: transformResponse][39m ],
    timeout: [33m0[39m,
    xsrfCookieName: [32m'XSRF-TOKEN'[39m,
    xsrfHeaderName: [32m'X-XSRF-TOKEN'[39m,
    maxContentLength: [33m-1[39m,
[90mstdout[2m | src/tests/services/courseService.test.ts[2m > [22m[2mCourseService[2m > [22m[2mgetCourse[2m > [22m[2mfetches course by ID successfully[22m[39m
­ƒöì [CourseService] Getting course: 1
Ô£à [CourseService] Course fetched successfully: Detailed Test Course
­ƒôï [CourseService] Course lessons count: [33m2[39m

    maxBodyLength: [33m-1[39m,
    validateStatus: [36m[Function: validateStatus][39m,
    headers: {
      Accept: [32m'application/json, text/plain, */*'[39m,
      Authorization: [32m''[39m,
      [32m'Cache-Control'[39m: [32m'no-cache'[39m,
      Pragma: [32m'no-cache'[39m,
      Expires: [32m'0'[39m
    },
    params: { page: [33m1[39m, limit: [33m10[39m },
    method: [32m'get'[39m,
    url: [32m'http://localhost:8000/api/v1/courses/available'[39m,
    data: [90mundefined[39m
  },
  request: XMLHttpRequest {
    open: [36m[Function: open][39m,
    setRequestHeader: [36m[Function: setRequestHeader][39m,
    send: [36m[Function: send][39m,
    abort: [36m[Function: abort][39m,
    getResponseHeader: [36m[Function (anonymous)][39m,
    getAllResponseHeaders: [36m[Function (anonymous)][39m,
    overrideMimeType: [36m[Function: overrideMimeType][39m,
    onreadystatechange: [36m[Getter/Setter][39m,
    readyState: [33m4[39m,
    timeout: [36m[Getter/Setter][39m,
    withCredentials: [36m[Getter/Setter][39m,
    upload: XMLHttpRequestUpload {},
    responseURL: 
[32m'http://localhost:8000/api/v1/courses/available?page=1&limit=10'[39m,
    status: [33m500[39m,
[90mstdout[2m | src/tests/services/courseService.test.ts[2m > [22m[2mCourseService[2m > [22m[2mgetCourse[2m > [22m[2mhandles non-existent course[22m[39m
­ƒöì [CourseService] Getting course: 999

    statusText: [32m'Internal Server Error'[39m,
    responseType: [36m[Getter/Setter][39m,
    response: [36m[Getter][39m,
    responseText: [36m[Getter][39m,
    responseXML: [36m[Getter][39m,
    UNSENT: [33m0[39m,
    OPENED: [33m1[39m,
    HEADERS_RECEIVED: [33m2[39m,
    LOADING: [33m3[39m,
    DONE: [33m4[39m,
    [[32mSymbol(SameObject caches)[39m]: [Object: null prototype] { upload: 
XMLHttpRequestUpload {} }
  },
  response: {
    data: { detail: [32m'Server error'[39m },
    status: [33m500[39m,
    statusText: [32m'Internal Server Error'[39m,
    headers: { [32m'content-length'[39m: [32m'25'[39m, 
[32m'content-type'[39m: [32m'application/json'[39m },
    config: {
      transitional: [36m[Object][39m,
      adapter: [36m[Function: xhrAdapter][39m,
      transformRequest: [36m[Array][39m,
      transformResponse: [36m[Array][39m,
      timeout: [33m0[39m,
      xsrfCookieName: [32m'XSRF-TOKEN'[39m,
      xsrfHeaderName: [32m'X-XSRF-TOKEN'[39m,
      maxContentLength: [33m-1[39m,
      maxBodyLength: [33m-1[39m,
      validateStatus: [36m[Function: validateStatus][39m,
      headers: [36m[Object][39m,
      params: [36m[Object][39m,
      method: [32m'get'[39m,
      url: [32m'http://localhost:8000/api/v1/courses/available'[39m,
      data: [90mundefined[39m
    },
    request: XMLHttpRequest {
      open: [36m[Function: open][39m,
      setRequestHeader: [36m[Function: setRequestHeader][39m,
      send: [36m[Function: send][39m,
      abort: [36m[Function: abort][39m,
      getResponseHeader: [36m[Function (anonymous)][39m,
      getAllResponseHeaders: [36m[Function (anonymous)][39m,
      overrideMimeType: [36m[Function: overrideMimeType][39m,
      onreadystatechange: [36m[Getter/Setter][39m,
      readyState: [33m4[39m,
      timeout: [36m[Getter/Setter][39m,
      withCredentials: [36m[Getter/Setter][39m,
      upload: XMLHttpRequestUpload {},
      responseURL: 
[32m'http://localhost:8000/api/v1/courses/available?page=1&limit=10'[39m,
      status: [33m500[39m,
      statusText: [32m'Internal Server Error'[39m,
      responseType: [36m[Getter/Setter][39m,
      response: [36m[Getter][39m,
      responseText: [36m[Getter][39m,
[90mstdout[2m | src/tests/services/courseService.test.ts[2m > [22m[2mCourseService[2m > [22m[2mgetCourse[2m > [22m[2mincludes auth token in request[22m[39m
­ƒöì [CourseService] Getting course: 1
Ô£à [CourseService] Course fetched successfully: Test Course
­ƒôï [CourseService] Course lessons count: [33m0[39m

[90mstdout[2m | src/tests/services/courseService.test.ts[2m > [22m[2mCourseService[2m > [22m[2mgetCourseWithLessons[2m > [22m[2mfetches course with lessons successfully[22m[39m
­ƒÄ» [courseService] Getting complete course data for ID: 1
­ƒöì [courseService] Getting course detail for ID: 1
­ƒöì [CourseService] Getting lessons for course: 1
Ô£à [courseService] Course detail retrieved: {
  id: [32m'1'[39m,
  title: [32m'Detailed Test Course'[39m,
  description: [32m'A detailed test course description'[39m,
  instructor_id: [32m'1'[39m,
  instructor_name: [32m'John Doe'[39m,
  level: [32m'beginner'[39m,
      responseXML: [36m[Getter][39m,
      UNSENT: [33m0[39m,
      OPENED: [33m1[39m,
      HEADERS_RECEIVED: [33m2[39m,
  category: [32m'programming'[39m,
  is_published: [33mtrue[39m,
      LOADING: [33m3[39m,
      DONE: [33m4[39m,
  lessons_count: [33m5[39m,
      [[32mSymbol(SameObject caches)[39m]: [36m[Object: null prototype][39m
    }
  },
  isAxiosError: [33mtrue[39m,
  toJSON: [36m[Function: toJSON][39m
}

[90mstderr[2m | src/tests/services/courseService.test.ts[2m > 
[22m[2mCourseService[2m > [22m[2mgetCourse[2m > [22m[2mhandles 
non-existent course[22m[39m
ÔØî [CourseService] Error fetching course: Error: Request failed with status code 
404
    at createError [90m(C:\Users\Asus\Documents\stegmaier-landing\frontend\[39mn
ode_modules\[4maxios[24m\lib\core\createError.js:16:15[90m)[39m
    at settle [90m(C:\Users\Asus\Documents\stegmaier-landing\frontend\[39mnode_m
odules\[4maxios[24m\lib\core\settle.js:17:12[90m)[39m
    at XMLHttpRequest.onloadend [90m(C:\Users\Asus\Documents\stegmaier-landing\fr
ontend\[39mnode_modules\[4maxios[24m\lib\adapters\xhr.js:66:7[90m)[39m
    at XMLHttpRequest.methodCall [90m(file:///C:/Users/Asus/Documents/stegmaier-l
anding/frontend/[39mnode_modules/[4m@mswjs[24m/interceptors/src/interceptors/XM
LHttpRequest/XMLHttpRequestController.ts:207:20[90m)[39m
    at Proxy.<anonymous> [90m(file:///C:/Users/Asus/Documents/stegmaier-landing/f
rontend/[39mnode_modules/[4m@mswjs[24m/interceptors/src/utils/createProxy.ts:93
:29[90m)[39m
    at XMLHttpRequestController.trigger [90m(file:///C:/Users/Asus/Documents/steg
maier-landing/frontend/[39mnode_modules/[4m@mswjs[24m/interceptors/src/intercep
tors/XMLHttpRequest/XMLHttpRequestController.ts:631:16[90m)[39m
    at finalizeResponse [90m(file:///C:/Users/Asus/Documents/stegmaier-landing/fr
ontend/[39mnode_modules/[4m@mswjs[24m/interceptors/src/interceptors/XMLHttpRequ
est/XMLHttpRequestController.ts:421:12[90m)[39m
  enrollments_count: [33m10[39m,
  created_at: [32m'2024-01-01T00:00:00Z'[39m,
  thumbnail_url: [32m'/test-image.jpg'[39m,
  price: [33m99.99[39m,
  lessons: [
    {
      id: [32m'1'[39m,
      title: [32m'Introduction'[39m,
      description: [32m'Course introduction'[39m,
      content_type: [32m'video'[39m,
      order: [33m1[39m,
      duration: [33m600[39m,
      is_free: [33mtrue[39m
    },
    {
      id: [32m'2'[39m,
    at readNextResponseBodyChunk [90m(file:///C:/Users/Asus/Documents/stegmaier-l
anding/frontend/[39mnode_modules/[4m@mswjs[24m/interceptors/src/interceptors/XM
LHttpRequest/XMLHttpRequestController.ts:437:11[90m)[39m
[90m    at processTicksAndRejections 
(node:internal/process/task_queues:95:5)[39m {
  config: {
    transitional: {
      silentJSONParsing: [33mtrue[39m,
      forcedJSONParsing: [33mtrue[39m,
      clarifyTimeoutError: [33mfalse[39m
    },
    adapter: [36m[Function: xhrAdapter][39m,
    transformRequest: [ [36m[Function: transformRequest][39m ],
    transformResponse: [ [36m[Function: transformResponse][39m ],
    timeout: [33m0[39m,
      title: [32m'Getting Started'[39m,
      description: [32m'Getting started lesson'[39m,
      content_type: [32m'video'[39m,
      order: [33m2[39m,
      duration: [33m900[39m,
      is_free: [33mfalse[39m
    }
  ]
}
Ô£à [CourseService] Lessons fetched successfully: [33m2[39m
Ô£à [courseService] Complete course data processed

[90mstdout[2m | src/tests/services/courseService.test.ts[2m > [22m[2mCourseService[2m > [22m[2mgetCourseWithLessons[2m > [22m[2mhandles course without lessons[22m[39m
­ƒÄ» [courseService] Getting complete course data for ID: 1
    xsrfCookieName: [32m'XSRF-TOKEN'[39m,
    xsrfHeaderName: [32m'X-XSRF-TOKEN'[39m,
    maxContentLength: [33m-1[39m,
    maxBodyLength: [33m-1[39m,
    validateStatus: [36m[Function: validateStatus][39m,
    headers: { Accept: [32m'application/json, text/plain, */*'[39m, 
Authorization: [32m''[39m },
    method: [32m'get'[39m,
    url: [32m'http://localhost:8000/api/v1/courses/999'[39m,
    data: [90mundefined[39m
  },
  request: XMLHttpRequest {
    open: [36m[Function: open][39m,
    setRequestHeader: [36m[Function: setRequestHeader][39m,
­ƒöì [courseService] Getting course detail for ID: 1
­ƒöì [CourseService] Getting lessons for course: 1
Ô£à [CourseService] Lessons fetched successfully: [33m0[39m
Ô£à [courseService] Course detail retrieved: {
  id: [32m'1'[39m,
  title: [32m'Detailed Test Course'[39m,
  description: [32m'A detailed test course description'[39m,
  instructor_id: [32m'1'[39m,
  instructor_name: [32m'John Doe'[39m,
  level: [32m'beginner'[39m,
  category: [32m'programming'[39m,
  is_published: [33mtrue[39m,
  lessons_count: [33m5[39m,
    send: [36m[Function: send][39m,
    abort: [36m[Function: abort][39m,
    getResponseHeader: [36m[Function (anonymous)][39m,
  enrollments_count: [33m10[39m,
  created_at: [32m'2024-01-01T00:00:00Z'[39m,
  thumbnail_url: [32m'/test-image.jpg'[39m,
  price: [33m99.99[39m,
  lessons: [
    {
      id: [32m'1'[39m,
      title: [32m'Introduction'[39m,
      description: [32m'Course introduction'[39m,
      content_type: [32m'video'[39m,
      order: [33m1[39m,
      duration: [33m600[39m,
      is_free: [33mtrue[39m
    },
    {
    getAllResponseHeaders: [36m[Function (anonymous)][39m,
    overrideMimeType: [36m[Function: overrideMimeType][39m,
    onreadystatechange: [36m[Getter/Setter][39m,
    readyState: [33m4[39m,
    timeout: [36m[Getter/Setter][39m,
    withCredentials: [36m[Getter/Setter][39m,
    upload: XMLHttpRequestUpload {},
    responseURL: [32m'http://localhost:8000/api/v1/courses/999'[39m,
    status: [33m404[39m,
    statusText: [32m'Not Found'[39m,
    responseType: [36m[Getter/Setter][39m,
    response: [36m[Getter][39m,
    responseText: [36m[Getter][39m,
    responseXML: [36m[Getter][39m,
    UNSENT: [33m0[39m,
    OPENED: [33m1[39m,
    HEADERS_RECEIVED: [33m2[39m,
    LOADING: [33m3[39m,
    DONE: [33m4[39m,
    [[32mSymbol(SameObject caches)[39m]: [Object: null prototype] { upload: 
XMLHttpRequestUpload {} }
  },
  response: {
    data: { detail: [32m'Course not found'[39m },
    status: [33m404[39m,
      id: [32m'2'[39m,
      title: [32m'Getting Started'[39m,
      description: [32m'Getting started lesson'[39m,
      content_type: [32m'video'[39m,
      order: [33m2[39m,
      duration: [33m900[39m,
      is_free: [33mfalse[39m
    }
  ]
}
Ô£à [courseService] Complete course data processed

[90mstdout[2m | src/tests/services/courseService.test.ts[2m > [22m[2mCourseService[2m > [22m[2mcheckCourseAvailability[2m > [22m[2mreturns availability object for available course[22m[39m
    statusText: [32m'Not Found'[39m,
    headers: { [32m'content-length'[39m: [32m'29'[39m, 
[32m'content-type'[39m: [32m'application/json'[39m },
    config: {
­ƒöì [courseService] Getting course detail for ID: 1
Ô£à [courseService] Course detail retrieved: {
  id: [32m'1'[39m,
      transitional: [36m[Object][39m,
      adapter: [36m[Function: xhrAdapter][39m,
      transformRequest: [36m[Array][39m,
      transformResponse: [36m[Array][39m,
      timeout: [33m0[39m,
      xsrfCookieName: [32m'XSRF-TOKEN'[39m,
      xsrfHeaderName: [32m'X-XSRF-TOKEN'[39m,
      maxContentLength: [33m-1[39m,
      maxBodyLength: [33m-1[39m,
      validateStatus: [36m[Function: validateStatus][39m,
      headers: [36m[Object][39m,
      method: [32m'get'[39m,
      url: [32m'http://localhost:8000/api/v1/courses/999'[39m,
      data: [90mundefined[39m
    },
    request: XMLHttpRequest {
      open: [36m[Function: open][39m,
      setRequestHeader: [36m[Function: setRequestHeader][39m,
      send: [36m[Function: send][39m,
  title: [32m'Detailed Test Course'[39m,
  description: [32m'A detailed test course description'[39m,
  instructor_id: [32m'1'[39m,
  instructor_name: [32m'John Doe'[39m,
  level: [32m'beginner'[39m,
  category: [32m'programming'[39m,
  is_published: [33mtrue[39m,
  lessons_count: [33m5[39m,
  enrollments_count: [33m10[39m,
  created_at: [32m'2024-01-01T00:00:00Z'[39m,
  thumbnail_url: [32m'/test-image.jpg'[39m,
  price: [33m99.99[39m,
  lessons: [
    {
      id: [32m'1'[39m,
      title: [32m'Introduction'[39m,
      description: [32m'Course introduction'[39m,
      content_type: [32m'video'[39m,
      order: [33m1[39m,
      duration: [33m600[39m,
      is_free: [33mtrue[39m
    },
    {
      id: [32m'2'[39m,
      title: [32m'Getting Started'[39m,
      description: [32m'Getting started lesson'[39m,
      content_type: [32m'video'[39m,
      order: [33m2[39m,
      abort: [36m[Function: abort][39m,
      getResponseHeader: [36m[Function (anonymous)][39m,
      getAllResponseHeaders: [36m[Function (anonymous)][39m,
      overrideMimeType: [36m[Function: overrideMimeType][39m,
      onreadystatechange: [36m[Getter/Setter][39m,
      readyState: [33m4[39m,
      timeout: [36m[Getter/Setter][39m,
      withCredentials: [36m[Getter/Setter][39m,
      upload: XMLHttpRequestUpload {},
      responseURL: [32m'http://localhost:8000/api/v1/courses/999'[39m,
      status: [33m404[39m,
      statusText: [32m'Not Found'[39m,
      responseType: [36m[Getter/Setter][39m,
      response: [36m[Getter][39m,
      responseText: [36m[Getter][39m,
      responseXML: [36m[Getter][39m,
      UNSENT: [33m0[39m,
      OPENED: [33m1[39m,
      HEADERS_RECEIVED: [33m2[39m,
      LOADING: [33m3[39m,
      DONE: [33m4[39m,
      [[32mSymbol(SameObject caches)[39m]: [36m[Object: null prototype][39m
    }
  },
  isAxiosError: [33mtrue[39m,
  toJSON: [36m[Function: toJSON][39m
}

[90mstderr[2m | src/tests/services/courseService.test.ts[2m > 
[22m[2mCourseService[2m > [22m[2mcheckCourseAvailability[2m > 
[22m[2mhandles unavailable course[22m[39m
ÔØî [courseService] Error getting course detail: Error: Request failed with 
status code 404
      duration: [33m900[39m,
      is_free: [33mfalse[39m
    }
  ]
}

[90mstdout[2m | src/tests/services/courseService.test.ts[2m > [22m[2mCourseService[2m > [22m[2mcheckCourseAvailability[2m > [22m[2mhandles unavailable course[22m[39m
­ƒöì [courseService] Getting course detail for ID: 999

[90mstdout[2m | src/tests/services/courseService.test.ts[2m > [22m[2mCourseService[2m > [22m[2mcheckCourseAvailability[2m > [22m[2mreturns correct object for unpublished course[22m[39m
­ƒöì [courseService] Getting course detail for ID: 1
Ô£à [courseService] Course detail retrieved: { id: [32m'1'[39m, title: [32m'Draft Course'[39m, is_published: [33mfalse[39m }

[90mstdout[2m | src/tests/services/courseService.test.ts[2m > [22m[2mCourseService[2m > [22m[2merror handling[2m > [22m[2mhandles missing auth token gracefully[22m[39m
­ƒöì [CourseService] Getting course: 1
Ô£à [CourseService] Course fetched successfully: Detailed Test Course
­ƒôï [CourseService] Course lessons count: [33m2[39m

[90mstdout[2m | src/tests/services/courseService.test.ts[2m > [22m[2mCourseService[2m > [22m[2merror handling[2m > [22m[2mhandles network errors[22m[39m
­ƒöì [courseService] Calling getAvailableCourses with params: { page: [33m1[39m, limit: [33m10[39m }

    at createError [90m(C:\Users\Asus\Documents\stegmaier-landing\frontend\[39mn
ode_modules\[4maxios[24m\lib\core\createError.js:16:15[90m)[39m
    at settle [90m(C:\Users\Asus\Documents\stegmaier-landing\frontend\[39mnode_m
odules\[4maxios[24m\lib\core\settle.js:17:12[90m)[39m
    at XMLHttpRequest.onloadend [90m(C:\Users\Asus\Documents\stegmaier-landing\fr
ontend\[39mnode_modules\[4maxios[24m\lib\adapters\xhr.js:66:7[90m)[39m
    at XMLHttpRequest.methodCall [90m(file:///C:/Users/Asus/Documents/stegmaier-l
anding/frontend/[39mnode_modules/[4m@mswjs[24m/interceptors/src/interceptors/XM
LHttpRequest/XMLHttpRequestController.ts:207:20[90m)[39m
    at Proxy.<anonymous> [90m(file:///C:/Users/Asus/Documents/stegmaier-landing/f
rontend/[39mnode_modules/[4m@mswjs[24m/interceptors/src/utils/createProxy.ts:93
:29[90m)[39m
    at XMLHttpRequestController.trigger [90m(file:///C:/Users/Asus/Documents/steg
maier-landing/frontend/[39mnode_modules/[4m@mswjs[24m/interceptors/src/intercep
tors/XMLHttpRequest/XMLHttpRequestController.ts:631:16[90m)[39m
    at finalizeResponse [90m(file:///C:/Users/Asus/Documents/stegmaier-landing/fr
ontend/[39mnode_modules/[4m@mswjs[24m/interceptors/src/interceptors/XMLHttpRequ
est/XMLHttpRequestController.ts:421:12[90m)[39m
    at readNextResponseBodyChunk [90m(file:///C:/Users/Asus/Documents/stegmaier-l
anding/frontend/[39mnode_modules/[4m@mswjs[24m/interceptors/src/interceptors/XM
LHttpRequest/XMLHttpRequestController.ts:437:11[90m)[39m
[90m    at processTicksAndRejections 
(node:internal/process/task_queues:95:5)[39m {
  config: {
    transitional: {
      silentJSONParsing: [33mtrue[39m,
      forcedJSONParsing: [33mtrue[39m,
      clarifyTimeoutError: [33mfalse[39m
    },
    adapter: [36m[Function: xhrAdapter][39m,
    transformRequest: [ [36m[Function: transformRequest][39m ],
    transformResponse: [ [36m[Function: transformResponse][39m ],
    timeout: [33m0[39m,
    xsrfCookieName: [32m'XSRF-TOKEN'[39m,
    xsrfHeaderName: [32m'X-XSRF-TOKEN'[39m,
    maxContentLength: [33m-1[39m,
    maxBodyLength: [33m-1[39m,
    validateStatus: [36m[Function: validateStatus][39m,
    headers: { Accept: [32m'application/json, text/plain, */*'[39m, 
Authorization: [32m''[39m },
    method: [32m'get'[39m,
    url: [32m'http://localhost:8000/api/v1/courses/999'[39m,
    data: [90mundefined[39m
  },
  request: XMLHttpRequest {
    open: [36m[Function: open][39m,
    setRequestHeader: [36m[Function: setRequestHeader][39m,
    send: [36m[Function: send][39m,
    abort: [36m[Function: abort][39m,
    getResponseHeader: [36m[Function (anonymous)][39m,
    getAllResponseHeaders: [36m[Function (anonymous)][39m,
    overrideMimeType: [36m[Function: overrideMimeType][39m,
    onreadystatechange: [36m[Getter/Setter][39m,
    readyState: [33m4[39m,
    timeout: [36m[Getter/Setter][39m,
    withCredentials: [36m[Getter/Setter][39m,
    upload: XMLHttpRequestUpload {},
    responseURL: [32m'http://localhost:8000/api/v1/courses/999'[39m,
    status: [33m404[39m,
    statusText: [32m'Not Found'[39m,
    responseType: [36m[Getter/Setter][39m,
    response: [36m[Getter][39m,
    responseText: [36m[Getter][39m,
    responseXML: [36m[Getter][39m,
    UNSENT: [33m0[39m,
    OPENED: [33m1[39m,
    HEADERS_RECEIVED: [33m2[39m,
    LOADING: [33m3[39m,
    DONE: [33m4[39m,
    [[32mSymbol(SameObject caches)[39m]: [Object: null prototype] { upload: 
XMLHttpRequestUpload {} }
  },
  response: {
    data: { detail: [32m'Course not found'[39m },
    status: [33m404[39m,
    statusText: [32m'Not Found'[39m,
    headers: { [32m'content-length'[39m: [32m'29'[39m, 
[32m'content-type'[39m: [32m'application/json'[39m },
    config: {
      transitional: [36m[Object][39m,
      adapter: [36m[Function: xhrAdapter][39m,
      transformRequest: [36m[Array][39m,
      transformResponse: [36m[Array][39m,
      timeout: [33m0[39m,
      xsrfCookieName: [32m'XSRF-TOKEN'[39m,
      xsrfHeaderName: [32m'X-XSRF-TOKEN'[39m,
      maxContentLength: [33m-1[39m,
      maxBodyLength: [33m-1[39m,
      validateStatus: [36m[Function: validateStatus][39m,
      headers: [36m[Object][39m,
      method: [32m'get'[39m,
      url: [32m'http://localhost:8000/api/v1/courses/999'[39m,
      data: [90mundefined[39m
    },
    request: XMLHttpRequest {
      open: [36m[Function: open][39m,
      setRequestHeader: [36m[Function: setRequestHeader][39m,
      send: [36m[Function: send][39m,
      abort: [36m[Function: abort][39m,
      getResponseHeader: [36m[Function (anonymous)][39m,
      getAllResponseHeaders: [36m[Function (anonymous)][39m,
      overrideMimeType: [36m[Function: overrideMimeType][39m,
      onreadystatechange: [36m[Getter/Setter][39m,
      readyState: [33m4[39m,
      timeout: [36m[Getter/Setter][39m,
 [32mÔ£ô[39m src/tests/services/courseService.test.ts[2m > [22mCourseService[2m > [22mgetAvailableCourses[2m > [22mfetches available courses successfully
 [32mÔ£ô[39m src/tests/services/courseService.test.ts[2m > [22mCourseService[2m > [22mgetAvailableCourses[2m > [22mhandles pagination parameters
 [32mÔ£ô[39m src/tests/services/courseService.test.ts[2m > [22mCourseService[2m > [22mgetAvailableCourses[2m > [22mhandles API errors gracefully
 [32mÔ£ô[39m src/tests/services/courseService.test.ts[2m > [22mCourseService[2m > [22mgetCourse[2m > [22mfetches course by ID successfully
 [32mÔ£ô[39m src/tests/services/courseService.test.ts[2m > [22mCourseService[2m > [22mgetCourse[2m > [22mhandles non-existent course
 [31m├ù[39m src/tests/services/courseService.test.ts[2m > [22mCourseService[2m > [22mgetCourse[2m > [22mincludes auth token in request
[31m   ÔåÆ expected '' to be 'Bearer mock-jwt-token' // Object.is equality[39m
 [32mÔ£ô[39m src/tests/services/courseService.test.ts[2m > [22mCourseService[2m > [22mgetCourseWithLessons[2m > [22mfetches course with lessons successfully
 [32mÔ£ô[39m src/tests/services/courseService.test.ts[2m > [22mCourseService[2m > [22mgetCourseWithLessons[2m > [22mhandles course without lessons
 [32mÔ£ô[39m src/tests/services/courseService.test.ts[2m > [22mCourseService[2m > [22mcheckCourseAvailability[2m > [22mreturns availability object for available course
 [32mÔ£ô[39m src/tests/services/courseService.test.ts[2m > [22mCourseService[2m > [22mcheckCourseAvailability[2m > [22mhandles unavailable course
 [32mÔ£ô[39m src/tests/services/courseService.test.ts[2m > [22mCourseService[2m > [22mcheckCourseAvailability[2m > [22mreturns correct object for unpublished course
 [32mÔ£ô[39m src/tests/services/courseService.test.ts[2m > [22mCourseService[2m > [22merror handling[2m > [22mhandles missing auth token gracefully
 [32mÔ£ô[39m src/tests/services/courseService.test.ts[2m > [22mCourseService[2m > [22merror handling[2m > [22mhandles network errors
 [31m├ù[39m src/tests/pages/admin/AdminDashboard.test.tsx[2m > [22mAdminDashboard[2m > [22mrenders dashboard metrics correctly
[31m   ÔåÆ Unable to find an element with the text: /dashboard administrativo/i. This could be because the text is broken up by multiple elements. In this case, you can provide a function for your text matcher to make your matcher more flexible.

      withCredentials: [36m[Getter/Setter][39m,
      upload: XMLHttpRequestUpload {},
      responseURL: [32m'http://localhost:8000/api/v1/courses/999'[39m,
      status: [33m404[39m,
      statusText: [32m'Not Found'[39m,
      responseType: [36m[Getter/Setter][39m,
      response: [36m[Getter][39m,
      responseText: [36m[Getter][39m,
      responseXML: [36m[Getter][39m,
      UNSENT: [33m0[39m,
      OPENED: [33m1[39m,
      HEADERS_RECEIVED: [33m2[39m,
      LOADING: [33m3[39m,
      DONE: [33m4[39m,
      [[32mSymbol(SameObject caches)[39m]: [36m[Object: null prototype][39m
    }
  },
  isAxiosError: [33mtrue[39m,
  toJSON: [36m[Function: toJSON][39m
}
Ignored nodes: comments, script, style
[36m<body>[31m
  [36m<div>[31m
    [36m<div[31m
      [33mclass[31m=[32m"text-center py-8"[31m
    [36m>[31m
      [0mCargando estad├¡sticas...[0m

[90mstderr[2m | src/tests/services/courseService.test.ts[2m > 
[22m[2mCourseService[2m > [22m[2merror handling[2m > [22m[2mhandles 
network errors[22m[39m
    [36m</div>[31m
  [36m</div>[31m
Error fetching available courses: Error: Network Error
    at createError [90m(C:\Users\Asus\Documents\stegmaier-landing\frontend\[39mn
ode_modules\[4maxios[24m\lib\core\createError.js:16:15[90m)[39m
    at XMLHttpRequest.handleError [90m(C:\Users\Asus\Documents\stegmaier-landing\
frontend\[39mnode_modules\[4maxios[24m\lib\adapters\xhr.js:117:14[90m)[39m
    at XMLHttpRequest.methodCall [90m(file:///C:/Users/Asus/Documents/stegmaier-l
anding/frontend/[39mnode_modules/[4m@mswjs[24m/interceptors/src/interceptors/XM
LHttpRequest/XMLHttpRequestController.ts:207:20[90m)[39m
    at Proxy.<anonymous> [90m(file:///C:/Users/Asus/Documents/stegmaier-landing/f
rontend/[39mnode_modules/[4m@mswjs[24m/interceptors/src/utils/createProxy.ts:93
:29[90m)[39m
[36m</body>[31m[39m
 [32mÔ£ô[39m src/tests/pages/admin/AdminDashboard.test.tsx[2m > [22mAdminDashboard[2m > [22mdisplays loading state initially
 [32mÔ£ô[39m src/tests/pages/admin/AdminDashboard.test.tsx[2m > [22mAdminDashboard[2m > [22mdisplays stats cards with correct titles
 [32mÔ£ô[39m src/tests/pages/admin/AdminDashboard.test.tsx[2m > [22mAdminDashboard[2m > [22mrenders quick action buttons
    at XMLHttpRequestController.trigger [90m(file:///C:/Users/Asus/Documents/steg
maier-landing/frontend/[39mnode_modules/[4m@mswjs[24m/interceptors/src/intercep
tors/XMLHttpRequest/XMLHttpRequestController.ts:631:16[90m)[39m
    at XMLHttpRequestController.errorWith [90m(file:///C:/Users/Asus/Documents/st
egmaier-landing/frontend/[39mnode_modules/[4m@mswjs[24m/interceptors/src/interc
eptors/XMLHttpRequest/XMLHttpRequestController.ts:581:10[90m)[39m
    at Object.onRequestError [90m(file:///C:/Users/Asus/Documents/stegmaier-landi
ng/frontend/[39mnode_modules/[4m@mswjs[24m/interceptors/src/interceptors/XMLHtt
pRequest/XMLHttpRequestProxy.ts:73:18[90m)[39m
    at handleResponse [90m(file:///C:/Users/Asus/Documents/stegmaier-landing/fron
tend/[39mnode_modules/[4m@mswjs[24m/interceptors/src/utils/handleRequest.ts:58:
15[90m)[39m
    at handleRequest [90m(file:///C:/Users/Asus/Documents/stegmaier-landing/front
end/[39mnode_modules/[4m@mswjs[24m/interceptors/src/utils/handleRequest.ts:230:
12[90m)[39m
[90m    at processTicksAndRejections 
(node:internal/process/task_queues:95:5)[39m {
  config: {
    transitional: {
      silentJSONParsing: [33mtrue[39m,
      forcedJSONParsing: [33mtrue[39m,
      clarifyTimeoutError: [33mfalse[39m
    },
    adapter: [36m[Function: xhrAdapter][39m,
    transformRequest: [ [36m[Function: transformRequest][39m ],
    transformResponse: [ [36m[Function: transformResponse][39m ],
    timeout: [33m0[39m,
    xsrfCookieName: [32m'XSRF-TOKEN'[39m,
    xsrfHeaderName: [32m'X-XSRF-TOKEN'[39m,
    maxContentLength: [33m-1[39m,
    maxBodyLength: [33m-1[39m,
    validateStatus: [36m[Function: validateStatus][39m,
    headers: {
      Accept: [32m'application/json, text/plain, */*'[39m,
      Authorization: [32m''[39m,
      [32m'Cache-Control'[39m: [32m'no-cache'[39m,
      Pragma: [32m'no-cache'[39m,
      Expires: [32m'0'[39m
    },
    params: { page: [33m1[39m, limit: [33m10[39m },
    method: [32m'get'[39m,
    url: [32m'http://localhost:8000/api/v1/courses/available'[39m,
    data: [90mundefined[39m
  },
  request: XMLHttpRequest {
    open: [36m[Function: open][39m,
    setRequestHeader: [36m[Function: setRequestHeader][39m,
    send: [36m[Function: send][39m,
    abort: [36m[Function: abort][39m,
    getResponseHeader: [36m[Function: getResponseHeader][39m,
    getAllResponseHeaders: [36m[Function: getAllResponseHeaders][39m,
    overrideMimeType: [36m[Function: overrideMimeType][39m,
    onreadystatechange: [36m[Getter/Setter][39m,
    readyState: [33m4[39m,
    timeout: [36m[Getter/Setter][39m,
    withCredentials: [36m[Getter/Setter][39m,
    upload: XMLHttpRequestUpload {},
    responseURL: [36m[Getter][39m,
    status: [36m[Getter][39m,
    statusText: [36m[Getter][39m,
    responseType: [36m[Getter/Setter][39m,
    response: [36m[Getter][39m,
    responseText: [36m[Getter][39m,
    responseXML: [36m[Getter][39m,
    UNSENT: [33m0[39m,
    OPENED: [33m1[39m,
    HEADERS_RECEIVED: [33m2[39m,
    LOADING: [33m3[39m,
    DONE: [33m4[39m,
    [[32mSymbol(SameObject caches)[39m]: [Object: null prototype] { upload: 
XMLHttpRequestUpload {} }
  },
  response: [90mundefined[39m,
  isAxiosError: [33mtrue[39m,
  toJSON: [36m[Function: toJSON][39m
}

 [32mÔ£ô[39m src/tests/components/auth/LoginForm.test.tsx[2m > [22mLoginForm[2m > [22mrenders login form elements
[90mstdout[2m | src/tests/integration/CourseFlow.test.tsx[2m > [22m[2mCourse Flow Integration[2m > [22m[2mCourse Discovery and Enrollment Flow[2m > [22m[2mallows user to browse and view course details[22m[39m
­ƒöä [CoursesPage] Component render - Loading: [33mtrue[39m Courses: [33m0[39m Error: None
­ƒöì [CoursesPage] All courses: []
­ƒöì [CoursesPage] Filtered courses: [33m0[39m []
­ƒöì [CoursesPage] Search query:  Category filter: all
­ƒöä [CoursesPage] Rendering loading state
­ƒÜÇ [CoursesPage] Starting to fetch courses...
­ƒöì [courseService] Calling getAvailableCourses with params: { page: [33m1[39m, limit: [33m10[39m }
­ƒöì [courseService] Response from API: [
  {
    id: [32m'1'[39m,
    title: [32m'Test Course 1'[39m,
    description: [32m'A test course'[39m,
    instructor_id: [32m'1'[39m,
    instructor_name: [32m'John Doe'[39m,
    level: [32m'beginner'[39m,
    category: [32m'programming'[39m,
    is_published: [33mtrue[39m,
    lessons_count: [33m5[39m,
    enrollments_count: [33m10[39m,
    created_at: [32m'2024-01-01T00:00:00Z'[39m,
    thumbnail_url: [32m'/test-image.jpg'[39m,
    price: [33m99.99[39m
  },
  {
    id: [32m'2'[39m,
    title: [32m'Test Course 2'[39m,
    description: [32m'Another test course'[39m,
    instructor_id: [32m'2'[39m,
    instructor_name: [32m'Jane Smith'[39m,
    level: [32m'intermediate'[39m,
    category: [32m'design'[39m,
    is_published: [33mtrue[39m,
    lessons_count: [33m8[39m,
    enrollments_count: [33m25[39m,
    created_at: [32m'2024-01-02T00:00:00Z'[39m,
    thumbnail_url: [32m'/test-image-2.jpg'[39m,
    price: [33m149.99[39m
  }
]
­ƒöì [courseService] Response status: [33m200[39m
­ƒôª [CoursesPage] Raw API response: [
  {
    id: [32m'1'[39m,
    title: [32m'Test Course 1'[39m,
    description: [32m'A test course'[39m,
    instructor_id: [32m'1'[39m,
    instructor_name: [32m'John Doe'[39m,
    level: [32m'beginner'[39m,
    category: [32m'programming'[39m,
    is_published: [33mtrue[39m,
    lessons_count: [33m5[39m,
    enrollments_count: [33m10[39m,
    created_at: [32m'2024-01-01T00:00:00Z'[39m,
    thumbnail_url: [32m'/test-image.jpg'[39m,
    price: [33m99.99[39m
  },
  {
    id: [32m'2'[39m,
    title: [32m'Test Course 2'[39m,
    description: [32m'Another test course'[39m,
    instructor_id: [32m'2'[39m,
    instructor_name: [32m'Jane Smith'[39m,
    level: [32m'intermediate'[39m,
    category: [32m'design'[39m,
    is_published: [33mtrue[39m,
    lessons_count: [33m8[39m,
    enrollments_count: [33m25[39m,
    created_at: [32m'2024-01-02T00:00:00Z'[39m,
    thumbnail_url: [32m'/test-image-2.jpg'[39m,
    price: [33m149.99[39m
  }
]
­ƒôª [CoursesPage] Response type: object
­ƒôª [CoursesPage] Is array: [33mtrue[39m
­ƒôï [CoursesPage] Processed courses array: [
  {
    id: [32m'1'[39m,
    title: [32m'Test Course 1'[39m,
    description: [32m'A test course'[39m,
    instructor_id: [32m'1'[39m,
    instructor_name: [32m'John Doe'[39m,
    level: [32m'beginner'[39m,
    category: [32m'programming'[39m,
    is_published: [33mtrue[39m,
    lessons_count: [33m5[39m,
    enrollments_count: [33m10[39m,
    created_at: [32m'2024-01-01T00:00:00Z'[39m,
    thumbnail_url: [32m'/test-image.jpg'[39m,
    price: [33m99.99[39m
  },
  {
    id: [32m'2'[39m,
    title: [32m'Test Course 2'[39m,
    description: [32m'Another test course'[39m,
    instructor_id: [32m'2'[39m,
    instructor_name: [32m'Jane Smith'[39m,
    level: [32m'intermediate'[39m,
    category: [32m'design'[39m,
    is_published: [33mtrue[39m,
    lessons_count: [33m8[39m,
    enrollments_count: [33m25[39m,
    created_at: [32m'2024-01-02T00:00:00Z'[39m,
    thumbnail_url: [32m'/test-image-2.jpg'[39m,
    price: [33m149.99[39m
  }
]
­ƒôè [CoursesPage] Number of courses: [33m2[39m
­ƒöì [CoursesPage] First course details: {
  id: [32m'1'[39m,
  title: [32m'Test Course 1'[39m,
  description: [32m'A test course'[39m,
  instructor_id: [32m'1'[39m,
  instructor_name: [32m'John Doe'[39m,
  level: [32m'beginner'[39m,
  category: [32m'programming'[39m,
  is_published: [33mtrue[39m,
  lessons_count: [33m5[39m,
  enrollments_count: [33m10[39m,
  created_at: [32m'2024-01-01T00:00:00Z'[39m,
  thumbnail_url: [32m'/test-image.jpg'[39m,
  price: [33m99.99[39m
}
­ƒöì [CoursesPage] First course lessons: [90mundefined[39m
­ƒöì [CoursesPage] First course lessons_count: [33m5[39m
­ƒöì [CoursesPage] First course lessons array check: [33mfalse[39m
­ƒöì [CoursesPage] First course lessons length: Not an array
Ô£à [CoursesPage] Courses set in state successfully
­ƒÅü [CoursesPage] Loading finished
­ƒöì [Filter] Course "Test Course 1":
      - Category: "programming" vs Filter: "all"
      - Matches category: true
      - Matches search: true
      - Final result: true
­ƒöì [Filter] Course "Test Course 2":
      - Category: "design" vs Filter: "all"
      - Matches category: true
      - Matches search: true
      - Final result: true
­ƒöä [CoursesPage] Component render - Loading: [33mfalse[39m Courses: [33m2[39m Error: None
­ƒöì [CoursesPage] All courses: [
  {
    id: [32m'1'[39m,
    title: [32m'Test Course 1'[39m,
    description: [32m'A test course'[39m,
    instructor_id: [32m'1'[39m,
    instructor_name: [32m'John Doe'[39m,
    level: [32m'beginner'[39m,
    category: [32m'programming'[39m,
    is_published: [33mtrue[39m,
    lessons_count: [33m5[39m,
    enrollments_count: [33m10[39m,
    created_at: [32m'2024-01-01T00:00:00Z'[39m,
    thumbnail_url: [32m'/test-image.jpg'[39m,
    price: [33m99.99[39m
  },
  {
    id: [32m'2'[39m,
    title: [32m'Test Course 2'[39m,
    description: [32m'Another test course'[39m,
    instructor_id: [32m'2'[39m,
    instructor_name: [32m'Jane Smith'[39m,
    level: [32m'intermediate'[39m,
    category: [32m'design'[39m,
    is_published: [33mtrue[39m,
    lessons_count: [33m8[39m,
    enrollments_count: [33m25[39m,
    created_at: [32m'2024-01-02T00:00:00Z'[39m,
    thumbnail_url: [32m'/test-image-2.jpg'[39m,
    price: [33m149.99[39m
  }
]
­ƒöì [CoursesPage] Filtered courses: [33m2[39m [
  {
    id: [32m'1'[39m,
    title: [32m'Test Course 1'[39m,
    description: [32m'A test course'[39m,
    instructor_id: [32m'1'[39m,
    instructor_name: [32m'John Doe'[39m,
    level: [32m'beginner'[39m,
    category: [32m'programming'[39m,
    is_published: [33mtrue[39m,
    lessons_count: [33m5[39m,
    enrollments_count: [33m10[39m,
    created_at: [32m'2024-01-01T00:00:00Z'[39m,
    thumbnail_url: [32m'/test-image.jpg'[39m,
    price: [33m99.99[39m
  },
  {
    id: [32m'2'[39m,
    title: [32m'Test Course 2'[39m,
    description: [32m'Another test course'[39m,
    instructor_id: [32m'2'[39m,
    instructor_name: [32m'Jane Smith'[39m,
    level: [32m'intermediate'[39m,
    category: [32m'design'[39m,
    is_published: [33mtrue[39m,
    lessons_count: [33m8[39m,
    enrollments_count: [33m25[39m,
    created_at: [32m'2024-01-02T00:00:00Z'[39m,
    thumbnail_url: [32m'/test-image-2.jpg'[39m,
    price: [33m149.99[39m
  }
]
­ƒöì [CoursesPage] Search query:  Category filter: all
­ƒÄ» [CourseCard] Processing course "Test Course 1":
                        - lessons_count: 5
                        - lessons: undefined
                        - lessons is array: false
                        - lessons length: N/A
­ƒöó [CourseCard] Using lessons_count: 5
Ô£à [CourseCard] Final lessons count for "Test Course 1": 5
­ƒÄ» [CourseCard] Processing course "Test Course 2":
                        - lessons_count: 8
                        - lessons: undefined
                        - lessons is array: false
                        - lessons length: N/A
­ƒöó [CourseCard] Using lessons_count: 8
Ô£à [CourseCard] Final lessons count for "Test Course 2": 8

[90mstdout[2m | src/tests/integration/CourseFlow.test.tsx[2m > [22m[2mCourse Flow Integration[2m > [22m[2mCourse Discovery and Enrollment Flow[2m > [22m[2mallows user to browse and view course details[22m[39m
­ƒöì [enrollmentService] Checking enrollment status for course: 1
­ƒôÜ [enrollmentService] Getting user enrolled courses
­ƒöì [enrollmentService] Checking enrollment status for course: 2
­ƒôÜ [enrollmentService] Getting user enrolled courses

 [31m├ù[39m src/tests/integration/CourseFlow.test.tsx[2m > [22mCourse Flow Integration[2m > [22mCourse Discovery and Enrollment Flow[2m > [22mallows user to browse and view course details
[31m   ÔåÆ Unable to find an element with the text: John Doe. This could be because the text is broken up by multiple elements. In this case, you can provide a function for your text matcher to make your matcher more flexible.

Ignored nodes: comments, script, style
[36m<body>[31m
  [36m<div>[31m
    [36m<div[31m
      [33mclass[31m=[32m"space-y-6 pb-10"[31m
    [36m>[31m
      [36m<header[31m
        [33mclass[31m=[32m"bg-gradient-to-r from-primary-700 to-primary-800 text-white rounded-xl shadow-md p-6 mb-6"[31m
      [36m>[31m
        [36m<h1[31m
          [33mclass[31m=[32m"text-2xl md:text-3xl font-bold mb-2"[31m
        [36m>[31m
          [0mCat├ílogo de Cursos[0m
        [36m</h1>[31m
        [36m<p[31m
          [33mclass[31m=[32m"text-primary-100"[31m
        [36m>[31m
          [0mExplora nuestra selecci├│n de cursos especializados en consultor├¡a y gesti├│n empresarial[0m
        [36m</p>[31m
      [36m</header>[31m
      [36m<div[31m
        [33mclass[31m=[32m"bg-white rounded-xl shadow-sm border border-gray-200 p-4 mb-6"[31m
      [36m>[31m
        [36m<div[31m
          [33mclass[31m=[32m"flex flex-col md:flex-row gap-4"[31m
        [36m>[31m
          [36m<div[31m
            [33mclass[31m=[32m"flex-grow"[31m
          [36m>[31m
            [36m<label[31m
              [33mclass[31m=[32m"sr-only"[31m
              [33mfor[31m=[32m"search"[31m
            [36m>[31m
              [0mBuscar cursos[0m
            [36m</label>[31m
            [36m<div[31m
              [33mclass[31m=[32m"relative rounded-md shadow-sm"[31m
            [36m>[31m
              [36m<div[31m
                [33mclass[31m=[32m"absolute inset-y-0 left-0 pl-3 flex items-center pointer-events-none"[31m
              [36m>[31m
                [36m<svg[31m
                  [33mclass[31m=[32m"h-5 w-5 text-gray-400"[31m
                  [33mfill[31m=[32m"none"[31m
                  [33mstroke[31m=[32m"currentColor"[31m
                  [33mviewBox[31m=[32m"0 0 24 24"[31m
                  [33mxmlns[31m=[32m"http://www.w3.org/2000/svg"[31m
                [36m>[31m
                  [36m<path[31m
                    [33md[31m=[32m"M21 21l-6-6m2-5a7 7 0 11-14 0 7 7 0 0114 0z"[31m
                    [33mstroke-linecap[31m=[32m"round"[31m
                    [33mstroke-linejoin[31m=[32m"round"[31m
                    [33mstroke-width[31m=[32m"2"[31m
                  [36m/>[31m
                [36m</svg>[31m
              [36m</div>[31m
              [36m<input[31m
                [33mclass[31m=[32m"focus:ring-primary-500 focus:border-primary-500 block w-full pl-10 sm:text-sm border-gray-300 rounded-md"[31m
                [33mid[31m=[32m"search"[31m
                [33mname[31m=[32m"search"[31m
                [33mplaceholder[31m=[32m"Buscar cursos..."[31m
                [33mtype[31m=[32m"search"[31m
                [33mvalue[31m=[32m""[31m
              [36m/>[31m
            [36m</div>[31m
          [36m</div>[31m
          [36m<div[31m
            [33mclass[31m=[32m"flex-shrink-0"[31m
          [36m>[31m
            [36m<label[31m
              [33mclass[31m=[32m"sr-only"[31m
              [33mfor[31m=[32m"category"[31m
            [36m>[31m
              [0mFiltrar por categor├¡a[0m
            [36m</label>[31m
            [36m<select[31m
              [33mclass[31m=[32m"focus:ring-primary-500 focus:border-primary-500 block w-full sm:text-sm border-gray-300 rounded-md"[31m
              [33mid[31m=[32m"category"[31m
              [33mname[31m=[32m"category"[31m
            [36m>[31m
              [36m<option[31m
                [33mvalue[31m=[32m"all"[31m
              [36m>[31m
                [0mTodas las categor├¡as[0m
              [36m</option>[31m
              [36m<option[31m
                [33mvalue[31m=[32m"consulting"[31m
              [36m>[31m
                [0mConsultor├¡a[0m
              [36m</option>[31m
              [36m<option[31m
                [33mvalue[31m=[32m"management"[31m
              [36m>[31m
                [0mGesti├│n[0m
              [36m</option>[31m
              [36m<option[31m
                [33mvalue[31m=[32m"operations"[31m
              [36m>[31m
                [0mOperaciones[0m
              [36m</option>[31m
              [36m<option[31m
                [33mvalue[31m=[32m"safety_training"[31m
              [36m>[31m
                [0mPrevenci├│n de Riesgos[0m
              [36m</option>[31m
            [36m</select>[31m
          [36m</div>[31m
        [36m</div>[31m
      [36m</div>[31m
      [36m<div[31m
        [33mclass[31m=[32m"grid grid-cols-1 md:grid-cols-2 lg:grid-cols-3 gap-6"[31m
      [36m>[31m
        [36m<div[31m
          [33mclass[31m=[32m"bg-white rounded-xl shadow-sm border border-gray-200 overflow-hidden hover:shadow-md transition-shadow duration-200"[31m
        [36m>[31m
          [36m<div[31m
            [33mclass[31m=[32m"p-6"[31m
          [36m>[31m
            [36m<h3[31m
              [33mclass[31m=[32m"text-lg font-semibold text-gray-900 mb-2"[31m
            [36m>[31m
              [0mTest Course 1[0m
            [36m</h3>[31m
            [36m<p[31m
              [33mclass[31m=[32m"text-gray-600 text-sm mb-4 line-clamp-3"[31m
            [36m>[31m
              [0mA test course[0m
            [36m</p>[31m
            [36m<div[31m
              [33mclass[31m=[32m"flex items-center justify-between text-sm text-gray-500 mb-4"[31m
            [36m>[31m
              [36m<span>[31m
                [0m5[0m
                [0m lecciones[0m
              [36m</span>[31m
              [36m<span>[31m
                [0m0[0m
                [0m min[0m
              [36m</span>[31m
            [36m</div>[31m
            [36m<button[31m
              [33mclass[31m=[32m"w-full bg-gray-400 text-white py-2 px-4 rounded-md font-medium "[31m
              [33mdisabled[31m=[32m""[31m
            [36m>[31m
              [36m<div[31m
                [33mclass[31m=[32m"flex items-center justify-center"[31m
              [36m>[31m
                [36m<div[31m
                  [33mclass[31m=[32m"w-4 h-4 border-2 border-white border-t-transparent rounded-full animate-spin mr-2"[31m
                [36m/>[31m
                [0mVerificando...[0m
              [36m</div>[31m
            [36m</button>[31m
          [36m</div>[31m
        [36m</div>[31m
        [36m<div[31m
          [33mclass[31m=[32m"bg-white rounded-xl shadow-sm border border-gray-200 overflow-hidden hover:shadow-md transition-shadow duration-200"[31m
        [36m>[31m
          [36m<div[31m
            [33mclass[31m=[32m"p-6"[31m
          [36m>[31m
            [36m<h3[31m
              [33mclass[31m=[32m"text-lg font-semibold text-gray-900 mb-2"[31m
            [36m>[31m
              [0mTest Course 2[0m
            [36m</h3>[31m
            [36m<p[31m
              [33mclass[31m=[32m"text-gray-600 text-sm mb-4 line-clamp-3"[31m
            [36m>[31m
              [0mAnother test course[0m
            [36m</p>[31m
            [36m<div[31m
              [33mclass[31m=[32m"flex items-center justify-between text-sm text-gray-500 mb-4"[31m
            [36m>[31m
              [36m<span>[31m
                [0m8[0m
                [0m lecciones[0m
              [36m</span>[31m
              [36m<span>[31m
                [0m0[0m
                [0m min[0m
              [36m</span>[31m
            [36m</div>[31m
            [36m<button[31m
              [33mclass[31m=[32m"w-full bg-gray-400 text-white py-2 px-4 rounded-md font-medium "[31m
              [33mdisabled[31m=[32m""[31m
            [36m>[31m
              [36m<div[31m
                [33mclass[31m=[32m"flex items-center justify-center"[31m
              [36m>[31m
                [36m<div[31m
                  [33mclass[31m=[32m"w-4 h-4 border-2 border-white border-t-transparent rounded-full animate-spin mr-2"[31m
                [36m/>[31m
                [0mVerificando...[0m
              [36m</div>[31m
            [36m</button>[31m
          [36m</div>[31m
        [36m</div>[31m
      [36m</div>[31m
    [36m</div>[31m
  [36m</div>[31m
[36m</body>[31m[39m
[90mstdout[2m | src/tests/integration/CourseFlow.test.tsx[2m > [22m[2mCourse Flow Integration[2m > [22m[2mCourse Discovery and Enrollment Flow[2m > [22m[2mfilters courses by category[22m[39m
­ƒöä [CoursesPage] Component render - Loading: [33mtrue[39m Courses: [33m0[39m Error: None
­ƒöì [CoursesPage] All courses: []
­ƒöì [CoursesPage] Filtered courses: [33m0[39m []
­ƒöì [CoursesPage] Search query:  Category filter: all
­ƒöä [CoursesPage] Rendering loading state
­ƒÜÇ [CoursesPage] Starting to fetch courses...
­ƒöì [courseService] Calling getAvailableCourses with params: { page: [33m1[39m, limit: [33m10[39m }
­ƒöì [courseService] Response from API: [
  {
    id: [32m'1'[39m,
    title: [32m'Test Course 1'[39m,
    description: [32m'A test course'[39m,
    instructor_id: [32m'1'[39m,
    instructor_name: [32m'John Doe'[39m,
    level: [32m'beginner'[39m,
    category: [32m'programming'[39m,
    is_published: [33mtrue[39m,
    lessons_count: [33m5[39m,
    enrollments_count: [33m10[39m,
    created_at: [32m'2024-01-01T00:00:00Z'[39m,
    thumbnail_url: [32m'/test-image.jpg'[39m,
    price: [33m99.99[39m
  },
  {
    id: [32m'2'[39m,
    title: [32m'Test Course 2'[39m,
    description: [32m'Another test course'[39m,
    instructor_id: [32m'2'[39m,
    instructor_name: [32m'Jane Smith'[39m,
    level: [32m'intermediate'[39m,
    category: [32m'design'[39m,
    is_published: [33mtrue[39m,
    lessons_count: [33m8[39m,
    enrollments_count: [33m25[39m,
    created_at: [32m'2024-01-02T00:00:00Z'[39m,
    thumbnail_url: [32m'/test-image-2.jpg'[39m,
    price: [33m149.99[39m
  }
]
­ƒöì [courseService] Response status: [33m200[39m
­ƒôª [CoursesPage] Raw API response: [
  {
    id: [32m'1'[39m,
    title: [32m'Test Course 1'[39m,
    description: [32m'A test course'[39m,
    instructor_id: [32m'1'[39m,
    instructor_name: [32m'John Doe'[39m,
    level: [32m'beginner'[39m,
    category: [32m'programming'[39m,
    is_published: [33mtrue[39m,
    lessons_count: [33m5[39m,
    enrollments_count: [33m10[39m,
    created_at: [32m'2024-01-01T00:00:00Z'[39m,
    thumbnail_url: [32m'/test-image.jpg'[39m,
    price: [33m99.99[39m
  },
  {
    id: [32m'2'[39m,
    title: [32m'Test Course 2'[39m,
    description: [32m'Another test course'[39m,
    instructor_id: [32m'2'[39m,
    instructor_name: [32m'Jane Smith'[39m,
    level: [32m'intermediate'[39m,
    category: [32m'design'[39m,
    is_published: [33mtrue[39m,
    lessons_count: [33m8[39m,
    enrollments_count: [33m25[39m,
    created_at: [32m'2024-01-02T00:00:00Z'[39m,
    thumbnail_url: [32m'/test-image-2.jpg'[39m,
    price: [33m149.99[39m
  }
]
­ƒôª [CoursesPage] Response type: object
­ƒôª [CoursesPage] Is array: [33mtrue[39m
­ƒôï [CoursesPage] Processed courses array: [
  {
    id: [32m'1'[39m,
    title: [32m'Test Course 1'[39m,
    description: [32m'A test course'[39m,
    instructor_id: [32m'1'[39m,
    instructor_name: [32m'John Doe'[39m,
    level: [32m'beginner'[39m,
    category: [32m'programming'[39m,
    is_published: [33mtrue[39m,
    lessons_count: [33m5[39m,
    enrollments_count: [33m10[39m,
    created_at: [32m'2024-01-01T00:00:00Z'[39m,
    thumbnail_url: [32m'/test-image.jpg'[39m,
    price: [33m99.99[39m
  },
  {
    id: [32m'2'[39m,
    title: [32m'Test Course 2'[39m,
    description: [32m'Another test course'[39m,
    instructor_id: [32m'2'[39m,
    instructor_name: [32m'Jane Smith'[39m,
    level: [32m'intermediate'[39m,
    category: [32m'design'[39m,
    is_published: [33mtrue[39m,
    lessons_count: [33m8[39m,
    enrollments_count: [33m25[39m,
    created_at: [32m'2024-01-02T00:00:00Z'[39m,
    thumbnail_url: [32m'/test-image-2.jpg'[39m,
    price: [33m149.99[39m
  }
]
­ƒôè [CoursesPage] Number of courses: [33m2[39m
­ƒöì [CoursesPage] First course details: {
  id: [32m'1'[39m,
  title: [32m'Test Course 1'[39m,
  description: [32m'A test course'[39m,
  instructor_id: [32m'1'[39m,
  instructor_name: [32m'John Doe'[39m,
  level: [32m'beginner'[39m,
  category: [32m'programming'[39m,
  is_published: [33mtrue[39m,
  lessons_count: [33m5[39m,
  enrollments_count: [33m10[39m,
  created_at: [32m'2024-01-01T00:00:00Z'[39m,
  thumbnail_url: [32m'/test-image.jpg'[39m,
  price: [33m99.99[39m
}
­ƒöì [CoursesPage] First course lessons: [90mundefined[39m
­ƒöì [CoursesPage] First course lessons_count: [33m5[39m
­ƒöì [CoursesPage] First course lessons array check: [33mfalse[39m
­ƒöì [CoursesPage] First course lessons length: Not an array
Ô£à [CoursesPage] Courses set in state successfully
­ƒÅü [CoursesPage] Loading finished
­ƒöì [Filter] Course "Test Course 1":
      - Category: "programming" vs Filter: "all"
      - Matches category: true
      - Matches search: true
      - Final result: true
­ƒöì [Filter] Course "Test Course 2":
      - Category: "design" vs Filter: "all"
      - Matches category: true
      - Matches search: true
      - Final result: true
­ƒöä [CoursesPage] Component render - Loading: [33mfalse[39m Courses: [33m2[39m Error: None
­ƒöì [CoursesPage] All courses: [
  {
    id: [32m'1'[39m,
    title: [32m'Test Course 1'[39m,
    description: [32m'A test course'[39m,
    instructor_id: [32m'1'[39m,
    instructor_name: [32m'John Doe'[39m,
    level: [32m'beginner'[39m,
    category: [32m'programming'[39m,
    is_published: [33mtrue[39m,
    lessons_count: [33m5[39m,
    enrollments_count: [33m10[39m,
    created_at: [32m'2024-01-01T00:00:00Z'[39m,
    thumbnail_url: [32m'/test-image.jpg'[39m,
    price: [33m99.99[39m
  },
  {
    id: [32m'2'[39m,
[90mstderr[2m | src/tests/integration/CourseFlow.test.tsx[2m > [22m[2mCourse 
Flow Integration[2m > [22m[2mCourse Discovery and Enrollment Flow[2m > 
[22m[2mfilters courses by category[22m[39m
[MSW] Warning: intercepted a request without a matching request handler:

  ÔÇó GET http://localhost:8000/api/v1/enrollments/

If you still wish to intercept this unhandled request, please create a request 
handler for it.
Read more: https://mswjs.io/docs/http/intercepting-requests
[MSW] Warning: intercepted a request without a matching request handler:

  ÔÇó GET http://localhost:8000/api/v1/enrollments/

If you still wish to intercept this unhandled request, please create a request 
handler for it.
Read more: https://mswjs.io/docs/http/intercepting-requests
MSW: Unhandled request: GET http://localhost:8000/api/v1/enrollments/
MSW: Unhandled request: GET http://localhost:8000/api/v1/enrollments/

[90mstderr[2m | src/tests/integration/CourseFlow.test.tsx[2m > [22m[2mCourse 
Flow Integration[2m > [22m[2mCourse Discovery and Enrollment Flow[2m > 
[22m[2mfilters courses by category[22m[39m
[MSW] Warning: intercepted a request without a matching request handler:

  ÔÇó GET http://localhost:8000/api/v1/enrollments/

If you still wish to intercept this unhandled request, please create a request 
handler for it.
Read more: https://mswjs.io/docs/http/intercepting-requests
[MSW] Warning: intercepted a request without a matching request handler:

  ÔÇó GET http://localhost:8000/api/v1/enrollments/

If you still wish to intercept this unhandled request, please create a request 
handler for it.
Read more: https://mswjs.io/docs/http/intercepting-requests
MSW: Unhandled request: GET http://localhost:8000/api/v1/enrollments/
MSW: Unhandled request: GET http://localhost:8000/api/v1/enrollments/

[90mstderr[2m | src/tests/integration/CourseFlow.test.tsx[2m > [22m[2mCourse 
Flow Integration[2m > [22m[2mCourse Discovery and Enrollment Flow[2m > 
[22m[2mfilters courses by category[22m[39m
[MSW] Warning: intercepted a request without a matching request handler:

  ÔÇó OPTIONS http://localhost:8000/api/v1/enrollments/

If you still wish to intercept this unhandled request, please create a request 
handler for it.
Read more: https://mswjs.io/docs/http/intercepting-requests
MSW: Unhandled request: OPTIONS http://localhost:8000/api/v1/enrollments/
[MSW] Warning: intercepted a request without a matching request handler:

  ÔÇó OPTIONS http://localhost:8000/api/v1/enrollments/

If you still wish to intercept this unhandled request, please create a request 
handler for it.
Read more: https://mswjs.io/docs/http/intercepting-requests
    title: [32m'Test Course 2'[39m,
    description: [32m'Another test course'[39m,
    instructor_id: [32m'2'[39m,
    instructor_name: [32m'Jane Smith'[39m,
    level: [32m'intermediate'[39m,
    category: [32m'design'[39m,
    is_published: [33mtrue[39m,
    lessons_count: [33m8[39m,
    enrollments_count: [33m25[39m,
    created_at: [32m'2024-01-02T00:00:00Z'[39m,
    thumbnail_url: [32m'/test-image-2.jpg'[39m,
    price: [33m149.99[39m
  }
]
­ƒöì [CoursesPage] Filtered courses: [33m2[39m [
  {
    id: [32m'1'[39m,
    title: [32m'Test Course 1'[39m,
    description: [32m'A test course'[39m,
    instructor_id: [32m'1'[39m,
    instructor_name: [32m'John Doe'[39m,
    level: [32m'beginner'[39m,
    category: [32m'programming'[39m,
    is_published: [33mtrue[39m,
    lessons_count: [33m5[39m,
    enrollments_count: [33m10[39m,
    created_at: [32m'2024-01-01T00:00:00Z'[39m,
    thumbnail_url: [32m'/test-image.jpg'[39m,
    price: [33m99.99[39m
  },
  {
    id: [32m'2'[39m,
    title: [32m'Test Course 2'[39m,
    description: [32m'Another test course'[39m,
    instructor_id: [32m'2'[39m,
    instructor_name: [32m'Jane Smith'[39m,
    level: [32m'intermediate'[39m,
    category: [32m'design'[39m,
    is_published: [33mtrue[39m,
    lessons_count: [33m8[39m,
    enrollments_count: [33m25[39m,
    created_at: [32m'2024-01-02T00:00:00Z'[39m,
    thumbnail_url: [32m'/test-image-2.jpg'[39m,
    price: [33m149.99[39m
  }
]
MSW: Unhandled request: OPTIONS http://localhost:8000/api/v1/enrollments/

[90mstderr[2m | src/tests/integration/CourseFlow.test.tsx[2m > [22m[2mCourse 
Flow Integration[2m > [22m[2mCourse Discovery and Enrollment Flow[2m > 
[22m[2mfilters courses by category[22m[39m
[MSW] Warning: intercepted a request without a matching request handler:

  ÔÇó OPTIONS http://localhost:8000/api/v1/enrollments/

If you still wish to intercept this unhandled request, please create a request 
handler for it.
Read more: https://mswjs.io/docs/http/intercepting-requests
MSW: Unhandled request: OPTIONS http://localhost:8000/api/v1/enrollments/
[MSW] Warning: intercepted a request without a matching request handler:

  ÔÇó OPTIONS http://localhost:8000/api/v1/enrollments/

If you still wish to intercept this unhandled request, please create a request 
handler for it.
Read more: https://mswjs.io/docs/http/intercepting-requests
MSW: Unhandled request: OPTIONS http://localhost:8000/api/v1/enrollments/

[90mstderr[2m | src/tests/integration/CourseFlow.test.tsx[2m > [22m[2mCourse 
Flow Integration[2m > [22m[2mCourse Discovery and Enrollment Flow[2m > 
[22m[2mfilters courses by category[22m[39m
Error: AggregateError
    at Object.dispatchError (C:\Users\Asus\Documents\stegmaier-landing\frontend\no
de_modules\jsdom\lib\jsdom\living\xhr\xhr-utils.js:63:19)
    at EventEmitter.<anonymous> (C:\Users\Asus\Documents\stegmaier-landing\fronten
d\node_modules\jsdom\lib\jsdom\living\xhr\XMLHttpRequest-impl.js:655:18)
    at EventEmitter.emit (node:events:526:35)
    at Request.<anonymous> (C:\Users\Asus\Documents\stegmaier-landing\frontend\nod
e_modules\jsdom\lib\jsdom\living\xhr\xhr-utils.js:404:14)
    at Request.emit (node:events:514:28)
    at ClientRequest.<anonymous> (C:\Users\Asus\Documents\stegmaier-landing\fronte
nd\node_modules\jsdom\lib\jsdom\living\helpers\http-request.js:127:14)
    at ClientRequest.emit (node:events:514:28)
    at MockHttpSocket.socketErrorListener (node:_http_client:495:9)
    at MockHttpSocket.emit (node:events:526:35)
    at MockHttpSocket.emit (file:///C:/Users/Asus/Documents/stegmaier-landing/fron
tend/node_modules/@mswjs/interceptors/src/interceptors/ClientRequest/MockHttpSocke
t.ts:160:12) [90mundefined[39m
­ƒöì [CoursesPage] Search query:  Category filter: all
­ƒÄ» [CourseCard] Processing course "Test Course 1":
                        - lessons_count: 5
                        - lessons: undefined
                        - lessons is array: false
                        - lessons length: N/A
­ƒöó [CourseCard] Using lessons_count: 5
Ô£à [CourseCard] Final lessons count for "Test Course 1": 5
­ƒÄ» [CourseCard] Processing course "Test Course 2":
                        - lessons_count: 8
                        - lessons: undefined
                        - lessons is array: false
                        - lessons length: N/A
­ƒöó [CourseCard] Using lessons_count: 8
Ô£à [CourseCard] Final lessons count for "Test Course 2": 8

[90mstdout[2m | src/tests/integration/CourseFlow.test.tsx[2m > [22m[2mCourse Flow Integration[2m > [22m[2mCourse Discovery and Enrollment Flow[2m > [22m[2mfilters courses by category[22m[39m
­ƒöì [enrollmentService] Checking enrollment status for course: 1
­ƒôÜ [enrollmentService] Getting user enrolled courses
­ƒöì [enrollmentService] Checking enrollment status for course: 2
­ƒôÜ [enrollmentService] Getting user enrolled courses
­ƒöì [Filter] Course "Test Course 1":
      - Category: "programming" vs Filter: ""
      - Matches category: false
ÔØî [enrollmentService] Error getting enrolled courses: Error: Network Error
    at createError [90m(C:\Users\Asus\Documents\stegmaier-landing\frontend\[39mn
ode_modules\[4maxios[24m\lib\core\createError.js:16:15[90m)[39m
    at XMLHttpRequest.handleError [90m(C:\Users\Asus\Documents\stegmaier-landing\
frontend\[39mnode_modules\[4maxios[24m\lib\adapters\xhr.js:117:14[90m)[39m
    at XMLHttpRequest.invokeTheCallbackFunction [90m(C:\Users\Asus\Documents\steg
maier-landing\frontend\[39mnode_modules\[4mjsdom[24m\lib\jsdom\living\generated
\EventHandlerNonNull.js:14:28[90m)[39m
    at XMLHttpRequest.<anonymous> [90m(C:\Users\Asus\Documents\stegmaier-landing\
frontend\[39mnode_modules\[4mjsdom[24m\lib\jsdom\living\helpers\create-event-ac
cessor.js:35:32[90m)[39m
    at innerInvokeEventListeners [90m(C:\Users\Asus\Documents\stegmaier-landing\f
rontend\[39mnode_modules\[4mjsdom[24m\lib\jsdom\living\events\EventTarget-impl.
js:350:25[90m)[39m
    at invokeEventListeners [90m(C:\Users\Asus\Documents\stegmaier-landing\fronte
nd\[39mnode_modules\[4mjsdom[24m\lib\jsdom\living\events\EventTarget-impl.js:28
6:3[90m)[39m
    at XMLHttpRequestImpl._dispatch [90m(C:\Users\Asus\Documents\stegmaier-landin
g\frontend\[39mnode_modules\[4mjsdom[24m\lib\jsdom\living\events\EventTarget-im
pl.js:233:9[90m)[39m
    at fireAnEvent [90m(C:\Users\Asus\Documents\stegmaier-landing\frontend\[39mn
ode_modules\[4mjsdom[24m\lib\jsdom\living\helpers\events.js:18:36[90m)[39m
    at requestErrorSteps [90m(C:\Users\Asus\Documents\stegmaier-landing\frontend\
[39mnode_modules\[4mjsdom[24m\lib\jsdom\living\xhr\xhr-utils.js:131:3[90m)[39
m
    at Object.dispatchError [90m(C:\Users\Asus\Documents\stegmaier-landing\fronte
nd\[39mnode_modules\[4mjsdom[24m\lib\jsdom\living\xhr\xhr-utils.js:60:3[90m)[
39m {
  config: {
    transitional: {
      silentJSONParsing: [33mtrue[39m,
      forcedJSONParsing: [33mtrue[39m,
      clarifyTimeoutError: [33mfalse[39m
    },
    adapter: [36m[Function: xhrAdapter][39m,
    transformRequest: [ [36m[Function: transformRequest][39m ],
      - Matches search: true
      - Final result: false
­ƒöì [Filter] Course "Test Course 2":
      - Category: "design" vs Filter: ""
      - Matches category: false
      - Matches search: true
      - Final result: false
­ƒöä [CoursesPage] Component render - Loading: [33mfalse[39m Courses: [33m2[39m Error: None
­ƒöì [CoursesPage] All courses: [
  {
    id: [32m'1'[39m,
    title: [32m'Test Course 1'[39m,
    description: [32m'A test course'[39m,
    instructor_id: [32m'1'[39m,
    instructor_name: [32m'John Doe'[39m,
    level: [32m'beginner'[39m,
    category: [32m'programming'[39m,
    is_published: [33mtrue[39m,
    lessons_count: [33m5[39m,
    enrollments_count: [33m10[39m,
    created_at: [32m'2024-01-01T00:00:00Z'[39m,
    thumbnail_url: [32m'/test-image.jpg'[39m,
    price: [33m99.99[39m
  },
  {
    id: [32m'2'[39m,
    title: [32m'Test Course 2'[39m,
    description: [32m'Another test course'[39m,
    instructor_id: [32m'2'[39m,
    instructor_name: [32m'Jane Smith'[39m,
    level: [32m'intermediate'[39m,
    category: [32m'design'[39m,
    is_published: [33mtrue[39m,
    transformResponse: [ [36m[Function: transformResponse][39m ],
    timeout: [33m0[39m,
    xsrfCookieName: [32m'XSRF-TOKEN'[39m,
    xsrfHeaderName: [32m'X-XSRF-TOKEN'[39m,
    maxContentLength: [33m-1[39m,
    maxBodyLength: [33m-1[39m,
    validateStatus: [36m[Function: validateStatus][39m,
    headers: {
      Accept: [32m'application/json, text/plain, */*'[39m,
      Authorization: [32m''[39m,
      [32m'Cache-Control'[39m: [32m'no-cache'[39m,
      Pragma: [32m'no-cache'[39m
    },
    params: {},
    method: [32m'get'[39m,
    url: [32m'http://localhost:8000/api/v1/enrollments/'[39m,
    data: [90mundefined[39m
  },
  request: XMLHttpRequest {
    open: [36m[Function: open][39m,
    setRequestHeader: [36m[Function: setRequestHeader][39m,
    send: [36m[Function: send][39m,
    lessons_count: [33m8[39m,
    enrollments_count: [33m25[39m,
    created_at: [32m'2024-01-02T00:00:00Z'[39m,
    thumbnail_url: [32m'/test-image-2.jpg'[39m,
    price: [33m149.99[39m
  }
]
­ƒöì [CoursesPage] Filtered courses: [33m0[39m []
­ƒöì [CoursesPage] Search query:  Category filter: 

[90mstdout[2m | src/tests/integration/CourseFlow.test.tsx[2m > [22m[2mCourse Flow Integration[2m > [22m[2mCourse Discovery and Enrollment Flow[2m > [22m[2mfilters courses by category[22m[39m
<empty line>
[90mstdout[2m | src/tests/integration/CourseFlow.test.tsx[2m > [22m[2mCourse Flow Integration[2m > [22m[2mCourse Discovery and Enrollment Flow[2m > [22m[2mfilters courses by category[22m[39m
<empty line>
[90mstdout[2m | src/tests/integration/CourseFlow.test.tsx[2m > [22m[2mCourse Flow Integration[2m > [22m[2mCourse Discovery and Enrollment Flow[2m > [22m[2mfilters courses by category[22m[39m
<empty line>
    abort: [36m[Function: abort][39m,
    getResponseHeader: [36m[Function: getResponseHeader][39m,
    getAllResponseHeaders: [36m[Function: getAllResponseHeaders][39m,
    overrideMimeType: [36m[Function: overrideMimeType][39m,
    onreadystatechange: [36m[Getter/Setter][39m,
    readyState: [36m[Getter][39m,
    timeout: [36m[Getter/Setter][39m,
    withCredentials: [36m[Getter/Setter][39m,
    upload: XMLHttpRequestUpload {},
    responseURL: [36m[Getter][39m,
    status: [36m[Getter][39m,
    statusText: [36m[Getter][39m,
    responseType: [36m[Getter/Setter][39m,
    response: [36m[Getter][39m,
    responseText: [36m[Getter][39m,
    responseXML: [36m[Getter][39m,
    UNSENT: [33m0[39m,
    OPENED: [33m1[39m,
    HEADERS_RECEIVED: [33m2[39m,
    LOADING: [33m3[39m,
    DONE: [33m4[39m,
    [[32mSymbol(SameObject caches)[39m]: [Object: null prototype] { upload: 
XMLHttpRequestUpload {} }
  },
  response: [90mundefined[39m,
  isAxiosError: [33mtrue[39m,
  toJSON: [36m[Function: toJSON][39m
}
ÔØî [enrollmentService] Error checking enrollment status: Error: Error al obtener 
cursos inscritos
    at EnrollmentService.getUserEnrolledCourses [90m(C:\Users\Asus\Documents\steg
maier-landing\frontend\[39msrc\services\enrollmentService.ts:166:13[90m)[39m
[90m    at processTicksAndRejections 
(node:internal/process/task_queues:95:5)[39m
    at EnrollmentService.getEnrollmentStatus [90m(C:\Users\Asus\Documents\stegmai
er-landing\frontend\[39msrc\services\enrollmentService.ts:178:27[90m)[39m
    at loadEnrollmentStatus [90m(C:\Users\Asus\Documents\stegmaier-landing\fronte
nd\[39msrc\components\enrollment\EnrollmentButton.tsx:38:22[90m)[39m
Error: AggregateError
    at Object.dispatchError (C:\Users\Asus\Documents\stegmaier-landing\frontend\no
de_modules\jsdom\lib\jsdom\living\xhr\xhr-utils.js:63:19)
    at EventEmitter.<anonymous> (C:\Users\Asus\Documents\stegmaier-landing\fronten
d\node_modules\jsdom\lib\jsdom\living\xhr\XMLHttpRequest-impl.js:655:18)
    at EventEmitter.emit (node:events:526:35)
    at Request.<anonymous> (C:\Users\Asus\Documents\stegmaier-landing\frontend\nod
e_modules\jsdom\lib\jsdom\living\xhr\xhr-utils.js:404:14)
    at Request.emit (node:events:514:28)
    at ClientRequest.<anonymous> (C:\Users\Asus\Documents\stegmaier-landing\fronte
nd\node_modules\jsdom\lib\jsdom\living\helpers\http-request.js:127:14)
    at ClientRequest.emit (node:events:514:28)
    at MockHttpSocket.socketErrorListener (node:_http_client:495:9)
    at MockHttpSocket.emit (node:events:526:35)
    at MockHttpSocket.emit (file:///C:/Users/Asus/Documents/stegmaier-landing/fron
tend/node_modules/@mswjs/interceptors/src/interceptors/ClientRequest/MockHttpSocke
t.ts:160:12) [90mundefined[39m
[90mstdout[2m | src/tests/integration/CourseFlow.test.tsx[2m > [22m[2mCourse Flow Integration[2m > [22m[2mCourse Discovery and Enrollment Flow[2m > [22m[2mfilters courses by category[22m[39m
<empty line>
ÔØî [enrollmentService] Error getting enrolled courses: Error: Network Error
    at createError [90m(C:\Users\Asus\Documents\stegmaier-landing\frontend\[39mn
ode_modules\[4maxios[24m\lib\core\createError.js:16:15[90m)[39m
    at XMLHttpRequest.handleError [90m(C:\Users\Asus\Documents\stegmaier-landing\
frontend\[39mnode_modules\[4maxios[24m\lib\adapters\xhr.js:117:14[90m)[39m
    at XMLHttpRequest.invokeTheCallbackFunction [90m(C:\Users\Asus\Documents\steg
maier-landing\frontend\[39mnode_modules\[4mjsdom[24m\lib\jsdom\living\generated
\EventHandlerNonNull.js:14:28[90m)[39m
    at XMLHttpRequest.<anonymous> [90m(C:\Users\Asus\Documents\stegmaier-landing\
frontend\[39mnode_modules\[4mjsdom[24m\lib\jsdom\living\helpers\create-event-ac
cessor.js:35:32[90m)[39m
    at innerInvokeEventListeners [90m(C:\Users\Asus\Documents\stegmaier-landing\f
rontend\[39mnode_modules\[4mjsdom[24m\lib\jsdom\living\events\EventTarget-impl.
js:350:25[90m)[39m
    at invokeEventListeners [90m(C:\Users\Asus\Documents\stegmaier-landing\fronte
nd\[39mnode_modules\[4mjsdom[24m\lib\jsdom\living\events\EventTarget-impl.js:28
6:3[90m)[39m
    at XMLHttpRequestImpl._dispatch [90m(C:\Users\Asus\Documents\stegmaier-landin
g\frontend\[39mnode_modules\[4mjsdom[24m\lib\jsdom\living\events\EventTarget-im
pl.js:233:9[90m)[39m
    at fireAnEvent [90m(C:\Users\Asus\Documents\stegmaier-landing\frontend\[39mn
ode_modules\[4mjsdom[24m\lib\jsdom\living\helpers\events.js:18:36[90m)[39m
    at requestErrorSteps [90m(C:\Users\Asus\Documents\stegmaier-landing\frontend\
[39mnode_modules\[4mjsdom[24m\lib\jsdom\living\xhr\xhr-utils.js:131:3[90m)[39
m
    at Object.dispatchError [90m(C:\Users\Asus\Documents\stegmaier-landing\fronte
nd\[39mnode_modules\[4mjsdom[24m\lib\jsdom\living\xhr\xhr-utils.js:60:3[90m)[
39m {
  config: {
    transitional: {
      silentJSONParsing: [33mtrue[39m,
      forcedJSONParsing: [33mtrue[39m,
      clarifyTimeoutError: [33mfalse[39m
    },
    adapter: [36m[Function: xhrAdapter][39m,
    transformRequest: [ [36m[Function: transformRequest][39m ],
    transformResponse: [ [36m[Function: transformResponse][39m ],
    timeout: [33m0[39m,
    xsrfCookieName: [32m'XSRF-TOKEN'[39m,
    xsrfHeaderName: [32m'X-XSRF-TOKEN'[39m,
    maxContentLength: [33m-1[39m,
    maxBodyLength: [33m-1[39m,
    validateStatus: [36m[Function: validateStatus][39m,
    headers: {
      Accept: [32m'application/json, text/plain, */*'[39m,
      Authorization: [32m''[39m,
      [32m'Cache-Control'[39m: [32m'no-cache'[39m,
      Pragma: [32m'no-cache'[39m
    },
    params: {},
    method: [32m'get'[39m,
    url: [32m'http://localhost:8000/api/v1/enrollments/'[39m,
    data: [90mundefined[39m
  },
  request: XMLHttpRequest {
    open: [36m[Function: open][39m,
    setRequestHeader: [36m[Function: setRequestHeader][39m,
    send: [36m[Function: send][39m,
    abort: [36m[Function: abort][39m,
    getResponseHeader: [36m[Function: getResponseHeader][39m,
    getAllResponseHeaders: [36m[Function: getAllResponseHeaders][39m,
    overrideMimeType: [36m[Function: overrideMimeType][39m,
    onreadystatechange: [36m[Getter/Setter][39m,
    readyState: [36m[Getter][39m,
    timeout: [36m[Getter/Setter][39m,
    withCredentials: [36m[Getter/Setter][39m,
    upload: XMLHttpRequestUpload {},
    responseURL: [36m[Getter][39m,
    status: [36m[Getter][39m,
    statusText: [36m[Getter][39m,
    responseType: [36m[Getter/Setter][39m,
    response: [36m[Getter][39m,
    responseText: [36m[Getter][39m,
    responseXML: [36m[Getter][39m,
    UNSENT: [33m0[39m,
    OPENED: [33m1[39m,
    HEADERS_RECEIVED: [33m2[39m,
    LOADING: [33m3[39m,
    DONE: [33m4[39m,
    [[32mSymbol(SameObject caches)[39m]: [Object: null prototype] { upload: 
XMLHttpRequestUpload {} }
  },
  response: [90mundefined[39m,
  isAxiosError: [33mtrue[39m,
  toJSON: [36m[Function: toJSON][39m
}
ÔØî [enrollmentService] Error checking enrollment status: Error: Error al obtener 
cursos inscritos
    at EnrollmentService.getUserEnrolledCourses [90m(C:\Users\Asus\Documents\steg
maier-landing\frontend\[39msrc\services\enrollmentService.ts:166:13[90m)[39m
[90m    at processTicksAndRejections 
(node:internal/process/task_queues:95:5)[39m
    at EnrollmentService.getEnrollmentStatus [90m(C:\Users\Asus\Documents\stegmai
er-landing\frontend\[39msrc\services\enrollmentService.ts:178:27[90m)[39m
    at loadEnrollmentStatus [90m(C:\Users\Asus\Documents\stegmaier-landing\fronte
nd\[39msrc\components\enrollment\EnrollmentButton.tsx:38:22[90m)[39m

[90mstderr[2m | src/tests/integration/CourseFlow.test.tsx[2m > [22m[2mCourse 
Flow Integration[2m > [22m[2mCourse Discovery and Enrollment Flow[2m > 
[22m[2mfilters courses by category[22m[39m
Error: AggregateError
    at Object.dispatchError (C:\Users\Asus\Documents\stegmaier-landing\frontend\no
de_modules\jsdom\lib\jsdom\living\xhr\xhr-utils.js:63:19)
    at EventEmitter.<anonymous> (C:\Users\Asus\Documents\stegmaier-landing\fronten
d\node_modules\jsdom\lib\jsdom\living\xhr\XMLHttpRequest-impl.js:655:18)
    at EventEmitter.emit (node:events:526:35)
    at Request.<anonymous> (C:\Users\Asus\Documents\stegmaier-landing\frontend\nod
e_modules\jsdom\lib\jsdom\living\xhr\xhr-utils.js:404:14)
    at Request.emit (node:events:514:28)
    at ClientRequest.<anonymous> (C:\Users\Asus\Documents\stegmaier-landing\fronte
nd\node_modules\jsdom\lib\jsdom\living\helpers\http-request.js:127:14)
    at ClientRequest.emit (node:events:514:28)
    at MockHttpSocket.socketErrorListener (node:_http_client:495:9)
    at MockHttpSocket.emit (node:events:526:35)
    at MockHttpSocket.emit (file:///C:/Users/Asus/Documents/stegmaier-landing/fron
tend/node_modules/@mswjs/interceptors/src/interceptors/ClientRequest/MockHttpSocke
t.ts:160:12) [90mundefined[39m
ÔØî [enrollmentService] Error getting enrolled courses: Error: Network Error
    at createError [90m(C:\Users\Asus\Documents\stegmaier-landing\frontend\[39mn
ode_modules\[4maxios[24m\lib\core\createError.js:16:15[90m)[39m
    at XMLHttpRequest.handleError [90m(C:\Users\Asus\Documents\stegmaier-landing\
frontend\[39mnode_modules\[4maxios[24m\lib\adapters\xhr.js:117:14[90m)[39m
    at XMLHttpRequest.invokeTheCallbackFunction [90m(C:\Users\Asus\Documents\steg
maier-landing\frontend\[39mnode_modules\[4mjsdom[24m\lib\jsdom\living\generated
\EventHandlerNonNull.js:14:28[90m)[39m
    at XMLHttpRequest.<anonymous> [90m(C:\Users\Asus\Documents\stegmaier-landing\
frontend\[39mnode_modules\[4mjsdom[24m\lib\jsdom\living\helpers\create-event-ac
cessor.js:35:32[90m)[39m
    at innerInvokeEventListeners [90m(C:\Users\Asus\Documents\stegmaier-landing\f
rontend\[39mnode_modules\[4mjsdom[24m\lib\jsdom\living\events\EventTarget-impl.
js:350:25[90m)[39m
    at invokeEventListeners [90m(C:\Users\Asus\Documents\stegmaier-landing\fronte
nd\[39mnode_modules\[4mjsdom[24m\lib\jsdom\living\events\EventTarget-impl.js:28
6:3[90m)[39m
    at XMLHttpRequestImpl._dispatch [90m(C:\Users\Asus\Documents\stegmaier-landin
g\frontend\[39mnode_modules\[4mjsdom[24m\lib\jsdom\living\events\EventTarget-im
pl.js:233:9[90m)[39m
    at fireAnEvent [90m(C:\Users\Asus\Documents\stegmaier-landing\frontend\[39mn
ode_modules\[4mjsdom[24m\lib\jsdom\living\helpers\events.js:18:36[90m)[39m
    at requestErrorSteps [90m(C:\Users\Asus\Documents\stegmaier-landing\frontend\
[39mnode_modules\[4mjsdom[24m\lib\jsdom\living\xhr\xhr-utils.js:131:3[90m)[39
m
    at Object.dispatchError [90m(C:\Users\Asus\Documents\stegmaier-landing\fronte
nd\[39mnode_modules\[4mjsdom[24m\lib\jsdom\living\xhr\xhr-utils.js:60:3[90m)[
39m {
  config: {
    transitional: {
      silentJSONParsing: [33mtrue[39m,
      forcedJSONParsing: [33mtrue[39m,
      clarifyTimeoutError: [33mfalse[39m
    },
    adapter: [36m[Function: xhrAdapter][39m,
    transformRequest: [ [36m[Function: transformRequest][39m ],
    transformResponse: [ [36m[Function: transformResponse][39m ],
    timeout: [33m0[39m,
    xsrfCookieName: [32m'XSRF-TOKEN'[39m,
    xsrfHeaderName: [32m'X-XSRF-TOKEN'[39m,
    maxContentLength: [33m-1[39m,
    maxBodyLength: [33m-1[39m,
    validateStatus: [36m[Function: validateStatus][39m,
    headers: {
      Accept: [32m'application/json, text/plain, */*'[39m,
      Authorization: [32m''[39m,
      [32m'Cache-Control'[39m: [32m'no-cache'[39m,
      Pragma: [32m'no-cache'[39m
    },
    params: {},
    method: [32m'get'[39m,
    url: [32m'http://localhost:8000/api/v1/enrollments/'[39m,
    data: [90mundefined[39m
  },
  request: XMLHttpRequest {
    open: [36m[Function: open][39m,
    setRequestHeader: [36m[Function: setRequestHeader][39m,
    send: [36m[Function: send][39m,
    abort: [36m[Function: abort][39m,
    getResponseHeader: [36m[Function: getResponseHeader][39m,
    getAllResponseHeaders: [36m[Function: getAllResponseHeaders][39m,
    overrideMimeType: [36m[Function: overrideMimeType][39m,
    onreadystatechange: [36m[Getter/Setter][39m,
    readyState: [36m[Getter][39m,
    timeout: [36m[Getter/Setter][39m,
    withCredentials: [36m[Getter/Setter][39m,
    upload: XMLHttpRequestUpload {},
    responseURL: [36m[Getter][39m,
    status: [36m[Getter][39m,
    statusText: [36m[Getter][39m,
    responseType: [36m[Getter/Setter][39m,
    response: [36m[Getter][39m,
    responseText: [36m[Getter][39m,
    responseXML: [36m[Getter][39m,
    UNSENT: [33m0[39m,
    OPENED: [33m1[39m,
    HEADERS_RECEIVED: [33m2[39m,
    LOADING: [33m3[39m,
    DONE: [33m4[39m,
    [[32mSymbol(SameObject caches)[39m]: [Object: null prototype] { upload: 
XMLHttpRequestUpload {} }
  },
  response: [90mundefined[39m,
  isAxiosError: [33mtrue[39m,
  toJSON: [36m[Function: toJSON][39m
}
ÔØî [enrollmentService] Error checking enrollment status: Error: Error al obtener 
cursos inscritos
    at EnrollmentService.getUserEnrolledCourses [90m(C:\Users\Asus\Documents\steg
maier-landing\frontend\[39msrc\services\enrollmentService.ts:166:13[90m)[39m
[90m    at processTicksAndRejections 
(node:internal/process/task_queues:95:5)[39m
    at EnrollmentService.getEnrollmentStatus [90m(C:\Users\Asus\Documents\stegmai
er-landing\frontend\[39msrc\services\enrollmentService.ts:178:27[90m)[39m
    at loadEnrollmentStatus [90m(C:\Users\Asus\Documents\stegmaier-landing\fronte
nd\[39msrc\components\enrollment\EnrollmentButton.tsx:38:22[90m)[39m
Error: AggregateError
    at Object.dispatchError (C:\Users\Asus\Documents\stegmaier-landing\frontend\no
de_modules\jsdom\lib\jsdom\living\xhr\xhr-utils.js:63:19)
    at EventEmitter.<anonymous> (C:\Users\Asus\Documents\stegmaier-landing\fronten
d\node_modules\jsdom\lib\jsdom\living\xhr\XMLHttpRequest-impl.js:655:18)
    at EventEmitter.emit (node:events:526:35)
    at Request.<anonymous> (C:\Users\Asus\Documents\stegmaier-landing\frontend\nod
e_modules\jsdom\lib\jsdom\living\xhr\xhr-utils.js:404:14)
    at Request.emit (node:events:514:28)
    at ClientRequest.<anonymous> (C:\Users\Asus\Documents\stegmaier-landing\fronte
nd\node_modules\jsdom\lib\jsdom\living\helpers\http-request.js:127:14)
    at ClientRequest.emit (node:events:514:28)
    at MockHttpSocket.socketErrorListener (node:_http_client:495:9)
    at MockHttpSocket.emit (node:events:526:35)
    at MockHttpSocket.emit (file:///C:/Users/Asus/Documents/stegmaier-landing/fron
tend/node_modules/@mswjs/interceptors/src/interceptors/ClientRequest/MockHttpSocke
t.ts:160:12) [90mundefined[39m
ÔØî [enrollmentService] Error getting enrolled courses: Error: Network Error
    at createError [90m(C:\Users\Asus\Documents\stegmaier-landing\frontend\[39mn
ode_modules\[4maxios[24m\lib\core\createError.js:16:15[90m)[39m
    at XMLHttpRequest.handleError [90m(C:\Users\Asus\Documents\stegmaier-landing\
frontend\[39mnode_modules\[4maxios[24m\lib\adapters\xhr.js:117:14[90m)[39m
    at XMLHttpRequest.invokeTheCallbackFunction [90m(C:\Users\Asus\Documents\steg
maier-landing\frontend\[39mnode_modules\[4mjsdom[24m\lib\jsdom\living\generated
\EventHandlerNonNull.js:14:28[90m)[39m
    at XMLHttpRequest.<anonymous> [90m(C:\Users\Asus\Documents\stegmaier-landing\
frontend\[39mnode_modules\[4mjsdom[24m\lib\jsdom\living\helpers\create-event-ac
cessor.js:35:32[90m)[39m
    at innerInvokeEventListeners [90m(C:\Users\Asus\Documents\stegmaier-landing\f
rontend\[39mnode_modules\[4mjsdom[24m\lib\jsdom\living\events\EventTarget-impl.
js:350:25[90m)[39m
    at invokeEventListeners [90m(C:\Users\Asus\Documents\stegmaier-landing\fronte
nd\[39mnode_modules\[4mjsdom[24m\lib\jsdom\living\events\EventTarget-impl.js:28
6:3[90m)[39m
    at XMLHttpRequestImpl._dispatch [90m(C:\Users\Asus\Documents\stegmaier-landin
g\frontend\[39mnode_modules\[4mjsdom[24m\lib\jsdom\living\events\EventTarget-im
pl.js:233:9[90m)[39m
    at fireAnEvent [90m(C:\Users\Asus\Documents\stegmaier-landing\frontend\[39mn
ode_modules\[4mjsdom[24m\lib\jsdom\living\helpers\events.js:18:36[90m)[39m
    at requestErrorSteps [90m(C:\Users\Asus\Documents\stegmaier-landing\frontend\
[39mnode_modules\[4mjsdom[24m\lib\jsdom\living\xhr\xhr-utils.js:131:3[90m)[39
m
    at Object.dispatchError [90m(C:\Users\Asus\Documents\stegmaier-landing\fronte
nd\[39mnode_modules\[4mjsdom[24m\lib\jsdom\living\xhr\xhr-utils.js:60:3[90m)[
39m {
  config: {
    transitional: {
 [31m├ù[39m src/tests/pages/admin/AdminDashboard.test.tsx[2m > [22mAdminDashboard[2m > [22mhandles API error gracefully[33m 1011[2mms[22m[39m
[31m   ÔåÆ Unable to find an element with the text: /error loading dashboard/i. This could be because the text is broken up by multiple elements. In this case, you can provide a function for your text matcher to make your matcher more flexible.

Ignored nodes: comments, script, style
[36m<body>[31m
  [36m<div>[31m
    [36m<div>[31m
      [36m<h1[31m
        [33mclass[31m=[32m"text-2xl font-bold text-gray-900 mb-6"[31m
      [36m>[31m
        [0mDashboard Administrativo[0m
      [36m</h1>[31m
      [36m<div[31m
        [33mclass[31m=[32m"grid grid-cols-1 md:grid-cols-2 lg:grid-cols-4 gap-6 mb-8"[31m
      [36m>[31m
        [36m<div[31m
      silentJSONParsing: [33mtrue[39m,
      forcedJSONParsing: [33mtrue[39m,
      clarifyTimeoutError: [33mfalse[39m
    },
    adapter: [36m[Function: xhrAdapter][39m,
          [33mclass[31m=[32m"bg-white p-6 rounded-lg shadow"[31m
        [36m>[31m
          [36m<h3[31m
            [33mclass[31m=[32m"text-sm font-medium text-gray-500"[31m
          [36m>[31m
    transformRequest: [ [36m[Function: transformRequest][39m ],
    transformResponse: [ [36m[Function: transformResponse][39m ],
    timeout: [33m0[39m,
    xsrfCookieName: [32m'XSRF-TOKEN'[39m,
    xsrfHeaderName: [32m'X-XSRF-TOKEN'[39m,
    maxContentLength: [33m-1[39m,
            [0mTotal Usuarios[0m
          [36m</h3>[31m
          [36m<p[31m
            [33mclass[31m=[32m"text-3xl font-bold text-gray-900"[31m
    maxBodyLength: [33m-1[39m,
    validateStatus: [36m[Function: validateStatus][39m,
    headers: {
          [36m>[31m
            [0m0[0m
          [36m</p>[31m
      Accept: [32m'application/json, text/plain, */*'[39m,
      Authorization: [32m''[39m,
      [32m'Cache-Control'[39m: [32m'no-cache'[39m,
      Pragma: [32m'no-cache'[39m
    },
    params: {},
    method: [32m'get'[39m,
    url: [32m'http://localhost:8000/api/v1/enrollments/'[39m,
    data: [90mundefined[39m
  },
  request: XMLHttpRequest {
    open: [36m[Function: open][39m,
        [36m</div>[31m
        [36m<div[31m
          [33mclass[31m=[32m"bg-white p-6 rounded-lg shadow"[31m
        [36m>[31m
          [36m<h3[31m
            [33mclass[31m=[32m"text-sm font-medium text-gray-500"[31m
          [36m>[31m
            [0mTotal Cursos[0m
          [36m</h3>[31m
          [36m<p[31m
            [33mclass[31m=[32m"text-3xl font-bold text-gray-900"[31m
          [36m>[31m
            [0m0[0m
          [36m</p>[31m
        [36m</div>[31m
    setRequestHeader: [36m[Function: setRequestHeader][39m,
    send: [36m[Function: send][39m,
    abort: [36m[Function: abort][39m,
    getResponseHeader: [36m[Function: getResponseHeader][39m,
    getAllResponseHeaders: [36m[Function: getAllResponseHeaders][39m,
    overrideMimeType: [36m[Function: overrideMimeType][39m,
    onreadystatechange: [36m[Getter/Setter][39m,
    readyState: [36m[Getter][39m,
    timeout: [36m[Getter/Setter][39m,
    withCredentials: [36m[Getter/Setter][39m,
    upload: XMLHttpRequestUpload {},
    responseURL: [36m[Getter][39m,
    status: [36m[Getter][39m,
    statusText: [36m[Getter][39m,
    responseType: [36m[Getter/Setter][39m,
    response: [36m[Getter][39m,
    responseText: [36m[Getter][39m,
    responseXML: [36m[Getter][39m,
    UNSENT: [33m0[39m,
        [36m<div[31m
          [33mclass[31m=[32m"bg-white p-6 rounded-lg shadow"[31m
        [36m>[31m
          [36m<h3[31m
            [33mclass[31m=[32m"text-sm font-medium text-gray-500"[31m
          [36m>[31m
            [0mNuevos Usuarios[0m
          [36m</h3>[31m
          [36m<p[31m
            [33mclass[31m=[32m"text-3xl font-bold text-green-600"[31m
          [36m>[31m
            [0m0[0m
          [36m</p>[31m
          [36m<p[31m
    OPENED: [33m1[39m,
    HEADERS_RECEIVED: [33m2[39m,
    LOADING: [33m3[39m,
    DONE: [33m4[39m,
    [[32mSymbol(SameObject caches)[39m]: [Object: null prototype] { upload: 
XMLHttpRequestUpload {} }
            [33mclass[31m=[32m"text-sm text-gray-500"[31m
          [36m>[31m
            [0m├Ültimo mes[0m
          [36m</p>[31m
        [36m</div>[31m
  },
  response: [90mundefined[39m,
  isAxiosError: [33mtrue[39m,
  toJSON: [36m[Function: toJSON][39m
}
ÔØî [enrollmentService] Error checking enrollment status: Error: Error al obtener 
cursos inscritos
        [36m<div[31m
          [33mclass[31m=[32m"bg-white p-6 rounded-lg shadow"[31m
        [36m>[31m
    at EnrollmentService.getUserEnrolledCourses [90m(C:\Users\Asus\Documents\steg
maier-landing\frontend\[39msrc\services\enrollmentService.ts:166:13[90m)[39m
[90m    at processTicksAndRejections 
(node:internal/process/task_queues:95:5)[39m
    at EnrollmentService.getEnrollmentStatus [90m(C:\Users\Asus\Documents\stegmai
er-landing\frontend\[39msrc\services\enrollmentService.ts:178:27[90m)[39m
          [36m<h3[31m
            [33mclass[31m=[32m"text-sm font-medium text-gray-500"[31m
          [36m>[31m
    at loadEnrollmentStatus [90m(C:\Users\Asus\Documents\stegmaier-landing\fronte
nd\[39msrc\components\enrollment\EnrollmentButton.tsx:38:22[90m)[39m

            [0mCursos Publicados[0m
          [36m</h3>[31m
          [36m<p[31m
            [33mclass[31m=[32m"text-3xl font-bold text-blue-600"[31m
          [36m>[31m
            [0m0[0m
          [36m</p>[31m
        [36m</div>[31m
      [36m</div>[31m
      [36m<div[31m
        [33mclass[31m=[32m"bg-white rounded-lg shadow p-6"[31m
      [36m>[31m
        [36m<h2[31m
          [33mclass[31m=[32m"text-lg font-semibold mb-4"[31m
        [36m>[31m
          [0mAcciones R├ípidas[0m
        [36m</h2>[31m
        [36m<div[31m
          [33mclass[31m=[32m"flex flex-wrap gap-4"[31m
        [36m>[31m
          [36m<a[31m
            [33mclass[31m=[32m"bg-blue-600 hover:bg-blue-700 text-white px-4 py-2 rounded-md"[31m
            [33mhref[31m=[32m"/admin/courses/new"[31m
          [36m>[31m
            [0mCrear Nuevo Curso[0m
          [36m</a>[31m
          [36m<a[31m
            [33mclass[31m=[32m"bg-gray-600 hover:bg-gray-700 text-white px-4 py-2 rounded-md"[31m
            [33mhref[31m=[32m"/admin/users"[31m
          [36m>[31m
            [0mVer Usuarios[0m
          [36m</a>[31m
        [36m</div>[31m
      [36m</div>[31m
    [36m</div>[31m
  [36m</div>[31m
[36m</body>[31m

Ignored nodes: comments, script, style
[36m<html>[31m
  [36m<head />[31m
  [36m<body>[31m
    [36m<div>[31m
      [36m<div>[31m
        [36m<h1[31m
          [33mclass[31m=[32m"text-2xl font-bold text-gray-900 mb-6"[31m
        [36m>[31m
          [0mDashboard Administrativo[0m
        [36m</h1>[31m
        [36m<div[31m
          [33mclass[31m=[32m"grid grid-cols-1 md:grid-cols-2 lg:grid-cols-4 gap-6 mb-8"[31m
        [36m>[31m
          [36m<div[31m
            [33mclass[31m=[32m"bg-white p-6 rounded-lg shadow"[31m
          [36m>[31m
            [36m<h3[31m
              [33mclass[31m=[32m"text-sm font-medium text-gray-500"[31m
            [36m>[31m
              [0mTotal Usuarios[0m
            [36m</h3>[31m
            [36m<p[31m
              [33mclass[31m=[32m"text-3xl font-bold text-gray-900"[31m
            [36m>[31m
              [0m0[0m
            [36m</p>[31m
          [36m</div>[31m
          [36m<div[31m
            [33mclass[31m=[32m"bg-white p-6 rounded-lg shadow"[31m
          [36m>[31m
            [36m<h3[31m
              [33mclass[31m=[32m"text-sm font-medium text-gray-500"[31m
            [36m>[31m
              [0mTotal Cursos[0m
            [36m</h3>[31m
            [36m<p[31m
              [33mclass[31m=[32m"text-3xl font-bold text-gray-900"[31m
            [36m>[31m
              [0m0[0m
            [36m</p>[31m
          [36m</div>[31m
          [36m<div[31m
            [33mclass[31m=[32m"bg-white p-6 rounded-lg shadow"[31m
          [36m>[31m
            [36m<h3[31m
              [33mclass[31m=[32m"text-sm font-medium text-gray-500"[31m
            [36m>[31m
              [0mNuevos Usuarios[0m
            [36m</h3>[31m
            [36m<p[31m
              [33mclass[31m=[32m"text-3xl font-bold text-green-600"[31m
            [36m>[31m
              [0m0[0m
            [36m</p>[31m
            [36m<p[31m
              [33mclass[31m=[32m"text-sm text-gray-500"[31m
            [36m>[31m
              [0m├Ültimo mes[0m
            [36m</p>[31m
          [36m</div>[31m
          [36m<div[31m
            [33mclass[31m=[32m"bg-white p-6 rounded-lg shadow"[31m
          [36m>[31m
            [36m<h3[31m
              [33mclass[31m=[32m"text-sm font-medium text-gray-500"[31m
            [36m>[31m
              [0mCursos Publicados[0m
            [36m</h3>[31m
            [36m<p[31m
              [33mclass[31m=[32m"text-3xl font-bold text-blue-600"[31m
            [36m>[31m
              [0m0[0m
            [36m</p>[31m
          [36m</div>[31m
        [36m</div>[31m
        [36m<div[31m
          [33mclass[31m=[32m"bg-white rounded-lg shadow p-6"[31m
        [36m>[31m
          [36m<h2[31m
            [33mclass[31m=[32m"text-lg font-semibold mb-4"[31m
          [36m>[31m
            [0mAcciones R├ípidas[0m
          [36m</h2>[31m
          [36m<div[31m
            [33mclass[31m=[32m"flex flex-wrap gap-4"[31m
          [36m>[31m
            [36m<a[31m
              [33mclass[31m=[32m"bg-blue-600 hover:bg-blue-700 text-white px-4 py-2 rounded-md"[31m
              [33mhref[31m=[32m"/admin/courses/new"[31m
            [36m>[31m
              [0mCrear Nuevo Curso[0m
            [36m</a>[31m
            [36m<a[31m
              [33mclass[31m=[32m"bg-gray-600 hover:bg-gray-700 text-white px-4 py-2 rounded-md"[31m
              [33mhref[31m=[32m"/admin/users"[31m
            [36m>[31m
              [0mVer Usuarios[0m
            [36m</a>[31m
          [36m</div>[31m
        [36m</div>[31m
      [36m</div>[31m
    [36m</div>[31m
  [36m</body>[31m
[36m</html>[31m[39m
 [32mÔ£ô[39m src/tests/components/course/CourseCard.test.tsx[2m > [22mCourseCard[2m > [22mrenders course information correctly
 [32mÔ£ô[39m src/tests/components/course/CourseCard.test.tsx[2m > [22mCourseCard[2m > [22mdisplays progress correctly
 [32mÔ£ô[39m src/tests/components/course/CourseCard.test.tsx[2m > [22mCourseCard[2m > [22mshows new badge for new courses
 [32mÔ£ô[39m src/tests/components/course/CourseCard.test.tsx[2m > [22mCourseCard[2m > [22mdisplays category and difficulty
 [32mÔ£ô[39m src/tests/components/course/CourseCard.test.tsx[2m > [22mCourseCard[2m > [22mshows estimated time when provided
 [31m├ù[39m src/tests/components/auth/LoginForm.test.tsx[2m > [22mLoginForm[2m > [22mvalidates email format[33m 1082[2mms[22m[39m
[31m   ÔåÆ Unable to find an element with the text: /email v├ílido/i. This could be because the text is broken up by multiple elements. In this case, you can provide a function for your text matcher to make your matcher more flexible.

Ignored nodes: comments, script, style
[36m<body>[31m
  [36m<div>[31m
    [36m<form[31m
      [33maction[31m=[32m"#"[31m
      [33mclass[31m=[32m"space-y-4"[31m
    [36m>[31m
      [36m<div[31m
        [33mclass[31m=[32m"mb-4"[31m
      [36m>[31m
        [36m<label[31m
          [33mclass[31m=[32m"block text-sm font-medium mb-2 text-gray-700"[31m
          [33mfor[31m=[32m"email"[31m
        [36m>[31m
          [0mCorreo electr├│nico[0m
          [0m [0m
          [36m<span[31m
            [33mclass[31m=[32m"text-primary-600"[31m
          [36m>[31m
            [0m*[0m
          [36m</span>[31m
        [36m</label>[31m
        [36m<div[31m
          [33mclass[31m=[32m"relative"[31m
        [36m>[31m
          [36m<input[31m
            [33mautocomplete[31m=[32m"email"[31m
            [33mclass[31m=[32m"
            w-full px-4 py-3 rounded-md border 
            border-gray-300 focus:border-primary-500 focus:ring focus:ring-primary-200
            focus:outline-none transition duration-200
            
          "[31m
            [33mid[31m=[32m"email"[31m
            [33mname[31m=[32m"email"[31m
            [33mplaceholder[31m=[32m"tu@email.com"[31m
            [33mtype[31m=[32m"email"[31m
            [33mvalue[31m=[32m"invalid-email"[31m
          [36m/>[31m
        [36m</div>[31m
      [36m</div>[31m
      [36m<div[31m
        [33mclass[31m=[32m"mb-4"[31m
      [36m>[31m
        [36m<label[31m
          [33mclass[31m=[32m"block text-sm font-medium mb-2 text-gray-700"[31m
          [33mfor[31m=[32m"password"[31m
        [36m>[31m
          [0mContrase├▒a[0m
          [0m [0m
          [36m<span[31m
            [33mclass[31m=[32m"text-primary-600"[31m
          [36m>[31m
            [0m*[0m
          [36m</span>[31m
        [36m</label>[31m
        [36m<div[31m
          [33mclass[31m=[32m"relative"[31m
        [36m>[31m
          [36m<input[31m
            [33mautocomplete[31m=[32m"current-password"[31m
            [33mclass[31m=[32m"
            w-full px-4 py-3 rounded-md border 
            border-gray-300 focus:border-primary-500 focus:ring focus:ring-primary-200
            focus:outline-none transition duration-200
            
          "[31m
            [33mid[31m=[32m"password"[31m
            [33mname[31m=[32m"password"[31m
            [33mplaceholder[31m=[32m"ÔÇóÔÇóÔÇóÔÇóÔÇóÔÇóÔÇóÔÇó"[31m
            [33mtype[31m=[32m"password"[31m
            [33mvalue[31m=[32m""[31m
          [36m/>[31m
        [36m</div>[31m
      [36m</div>[31m
      [36m<div[31m
        [33mclass[31m=[32m"flex justify-end"[31m
      [36m>[31m
        [36m<a[31m
          [33mclass[31m=[32m"text-sm text-primary-600 hover:text-primary-700 transition-colors"[31m
          [33mhref[31m=[32m"/forgot-password"[31m
        [36m>[31m
          [0m┬┐Olvidaste tu contrase├▒a?[0m
        [36m</a>[31m
      [36m</div>[31m
      [36m<div[31m
        [33mclass[31m=[32m"pt-2"[31m
      [36m>[31m
        [36m<button[31m
          [33mclass[31m=[32m"w-full flex justify-center items-center bg-primary-600 hover:bg-primary-700 text-white py-3 px-4 rounded-md transition duration-200 font-medium focus:outline-none focus:ring-2 focus:ring-primary-500 focus:ring-offset-2 disabled:opacity-70"[31m
          [33mtype[31m=[32m"submit"[31m
        [36m>[31m
          [0mIniciar sesi├│n[0m
        [36m</button>[31m
      [36m</div>[31m
    [36m</form>[31m
  [36m</div>[31m
[36m</body>[31m

Ignored nodes: comments, script, style
[36m<html>[31m
  [36m<head />[31m
  [36m<body>[31m
    [36m<div>[31m
      [36m<form[31m
        [33maction[31m=[32m"#"[31m
        [33mclass[31m=[32m"space-y-4"[31m
      [36m>[31m
        [36m<div[31m
          [33mclass[31m=[32m"mb-4"[31m
        [36m>[31m
          [36m<label[31m
            [33mclass[31m=[32m"block text-sm font-medium mb-2 text-gray-700"[31m
            [33mfor[31m=[32m"email"[31m
          [36m>[31m
            [0mCorreo electr├│nico[0m
            [0m [0m
            [36m<span[31m
              [33mclass[31m=[32m"text-primary-600"[31m
            [36m>[31m
              [0m*[0m
            [36m</span>[31m
          [36m</label>[31m
          [36m<div[31m
            [33mclass[31m=[32m"relative"[31m
          [36m>[31m
            [36m<input[31m
              [33mautocomplete[31m=[32m"email"[31m
              [33mclass[31m=[32m"
            w-full px-4 py-3 rounded-md border 
            border-gray-300 focus:border-primary-500 focus:ring focus:ring-primary-200
            focus:outline-none transition duration-200
            
          "[31m
              [33mid[31m=[32m"email"[31m
              [33mname[31m=[32m"email"[31m
              [33mplaceholder[31m=[32m"tu@email.com"[31m
              [33mtype[31m=[32m"email"[31m
              [33mvalue[31m=[32m"invalid-email"[31m
            [36m/>[31m
          [36m</div>[31m
        [36m</div>[31m
        [36m<div[31m
          [33mclass[31m=[32m"mb-4"[31m
        [36m>[31m
          [36m<label[31m
            [33mclass[31m=[32m"block text-sm font-medium mb-2 text-gray-700"[31m
            [33mfor[31m=[32m"password"[31m
          [36m>[31m
            [0mContrase├▒a[0m
            [0m [0m
            [36m<span[31m
              [33mclass[31m=[32m"text-primary-600"[31m
            [36m>[31m
              [0m*[0m
            [36m</span>[31m
          [36m</label>[31m
          [36m<div[31m
            [33mclass[31m=[32m"relative"[31m
          [36m>[31m
            [36m<input[31m
              [33mautocomplete[31m=[32m"current-password"[31m
              [33mclass[31m=[32m"
            w-full px-4 py-3 rounded-md border 
            border-gray-300 focus:border-primary-500 focus:ring focus:ring-primary-200
            focus:outline-none transition duration-200
            
          "[31m
              [33mid[31m=[32m"password"[31m
              [33mname[31m=[32m"password"[31m
              [33mplaceholder[31m=[32m"ÔÇóÔÇóÔÇóÔÇóÔÇóÔÇóÔÇóÔÇó"[31m
              [33mtype[31m=[32m"password"[31m
              [33mvalue[31m=[32m""[31m
            [36m/>[31m
          [36m</div>[31m
        [36m</div>[31m
        [36m<div[31m
          [33mclass[31m=[32m"flex justify-end"[31m
        [36m>[31m
          [36m<a[31m
            [33mclass[31m=[32m"text-sm text-primary-600 hover:text-primary-700 transition-colors"[31m
            [33mhref[31m=[32m"/forgot-password"[31m
          [36m>[31m
            [0m┬┐Olvidaste tu contrase├▒a?[0m
          [36m</a>[31m
        [36m</div>[31m
        [36m<div[31m
          [33mclass[31m=[32m"pt-2"[31m
        [36m>[31m
          [36m<button[31m
            [33mclass[31m=[32m"w-full flex justify-center items-center bg-primary-600 hover:bg-primary-700 text-white py-3 px-4 rounded-md transition duration-200 font-medium focus:outline-none focus:ring-2 focus:ring-primary-500 focus:ring-offset-2 disabled:opacity-70"[31m
            [33mtype[31m=[32m"submit"[31m
          [36m>[31m
            [0mIniciar sesi├│n[0m
          [36m</button>[31m
        [36m</div>[31m
      [36m</form>[31m
    [36m</div>[31m
  [36m</body>[31m
[36m</html>[31m[39m
 [32mÔ£ô[39m src/tests/components/auth/LoginForm.test.tsx[2m > [22mLoginForm[2m > [22mvalidates required fields
[90mstdout[2m | src/tests/components/auth/LoginForm.test.tsx[2m > [22m[2mLoginForm[2m > [22m[2msubmits form with valid data[22m[39m
Usuario logueado: {}
Usuario autenticado (undefined), redirigiendo a /platform
Redirigiendo a: /platform

 [32mÔ£ô[39m src/tests/components/auth/LoginForm.test.tsx[2m > [22mLoginForm[2m > [22msubmits form with valid data
[90mstdout[2m | src/tests/components/auth/LoginForm.test.tsx[2m > [22m[2mLoginForm[2m > [22m[2mdisplays error message on login failure[22m[39m
Usuario logueado: {}
Usuario autenticado (undefined), redirigiendo a /platform
Redirigiendo a: /platform

 [31m├ù[39m src/tests/integration/CourseFlow.test.tsx[2m > [22mCourse Flow Integration[2m > [22mCourse Discovery and Enrollment Flow[2m > [22mfilters courses by category[33m 1196[2mms[22m[39m
[31m   ÔåÆ Unable to find an element with the text: Test Course 1. This could be because the text is broken up by multiple elements. In this case, you can provide a function for your text matcher to make your matcher more flexible.

Ignored nodes: comments, script, style
[36m<body>[31m
  [36m<div>[31m
    [36m<div[31m
      [33mclass[31m=[32m"space-y-6 pb-10"[31m
    [36m>[31m
      [36m<header[31m
        [33mclass[31m=[32m"bg-gradient-to-r from-primary-700 to-primary-800 text-white rounded-xl shadow-md p-6 mb-6"[31m
      [36m>[31m
        [36m<h1[31m
          [33mclass[31m=[32m"text-2xl md:text-3xl font-bold mb-2"[31m
        [36m>[31m
          [0mCat├ílogo de Cursos[0m
        [36m</h1>[31m
        [36m<p[31m
          [33mclass[31m=[32m"text-primary-100"[31m
        [36m>[31m
          [0mExplora nuestra selecci├│n de cursos especializados en consultor├¡a y gesti├│n empresarial[0m
        [36m</p>[31m
      [36m</header>[31m
      [36m<div[31m
        [33mclass[31m=[32m"bg-white rounded-xl shadow-sm border border-gray-200 p-4 mb-6"[31m
      [36m>[31m
        [36m<div[31m
          [33mclass[31m=[32m"flex flex-col md:flex-row gap-4"[31m
        [36m>[31m
          [36m<div[31m
            [33mclass[31m=[32m"flex-grow"[31m
          [36m>[31m
            [36m<label[31m
              [33mclass[31m=[32m"sr-only"[31m
              [33mfor[31m=[32m"search"[31m
            [36m>[31m
              [0mBuscar cursos[0m
            [36m</label>[31m
            [36m<div[31m
              [33mclass[31m=[32m"relative rounded-md shadow-sm"[31m
            [36m>[31m
              [36m<div[31m
                [33mclass[31m=[32m"absolute inset-y-0 left-0 pl-3 flex items-center pointer-events-none"[31m
              [36m>[31m
                [36m<svg[31m
                  [33mclass[31m=[32m"h-5 w-5 text-gray-400"[31m
                  [33mfill[31m=[32m"none"[31m
                  [33mstroke[31m=[32m"currentColor"[31m
                  [33mviewBox[31m=[32m"0 0 24 24"[31m
                  [33mxmlns[31m=[32m"http://www.w3.org/2000/svg"[31m
                [36m>[31m
                  [36m<path[31m
                    [33md[31m=[32m"M21 21l-6-6m2-5a7 7 0 11-14 0 7 7 0 0114 0z"[31m
                    [33mstroke-linecap[31m=[32m"round"[31m
                    [33mstroke-linejoin[31m=[32m"round"[31m
                    [33mstroke-width[31m=[32m"2"[31m
                  [36m/>[31m
                [36m</svg>[31m
              [36m</div>[31m
              [36m<input[31m
                [33mclass[31m=[32m"focus:ring-primary-500 focus:border-primary-500 block w-full pl-10 sm:text-sm border-gray-300 rounded-md"[31m
                [33mid[31m=[32m"search"[31m
                [33mname[31m=[32m"search"[31m
                [33mplaceholder[31m=[32m"Buscar cursos..."[31m
                [33mtype[31m=[32m"search"[31m
                [33mvalue[31m=[32m""[31m
              [36m/>[31m
            [36m</div>[31m
          [36m</div>[31m
          [36m<div[31m
            [33mclass[31m=[32m"flex-shrink-0"[31m
          [36m>[31m
            [36m<label[31m
              [33mclass[31m=[32m"sr-only"[31m
              [33mfor[31m=[32m"category"[31m
            [36m>[31m
              [0mFiltrar por categor├¡a[0m
            [36m</label>[31m
            [36m<select[31m
              [33mclass[31m=[32m"focus:ring-primary-500 focus:border-primary-500 block w-full sm:text-sm border-gray-300 rounded-md"[31m
              [33mid[31m=[32m"category"[31m
              [33mname[31m=[32m"category"[31m
            [36m>[31m
              [36m<option[31m
                [33mvalue[31m=[32m"all"[31m
              [36m>[31m
                [0mTodas las categor├¡as[0m
              [36m</option>[31m
              [36m<option[31m
                [33mvalue[31m=[32m"consulting"[31m
              [36m>[31m
                [0mConsultor├¡a[0m
              [36m</option>[31m
              [36m<option[31m
                [33mvalue[31m=[32m"management"[31m
              [36m>[31m
                [0mGesti├│n[0m
              [36m</option>[31m
              [36m<option[31m
                [33mvalue[31m=[32m"operations"[31m
              [36m>[31m
                [0mOperaciones[0m
              [36m</option>[31m
              [36m<option[31m
                [33mvalue[31m=[32m"safety_training"[31m
              [36m>[31m
                [0mPrevenci├│n de Riesgos[0m
              [36m</option>[31m
            [36m</select>[31m
          [36m</div>[31m
        [36m</div>[31m
      [36m</div>[31m
      [36m<div[31m
        [33mclass[31m=[32m"text-center py-8"[31m
      [36m>[31m
        [36m<div[31m
          [33mclass[31m=[32m"bg-yellow-50 border border-yellow-200 rounded-lg p-6 max-w-md mx-auto"[31m
        [36m>[31m
          [36m<svg[31m
            [33mclass[31m=[32m"mx-auto h-12 w-12 text-yellow-400 mb-4"[31m
            [33mfill[31m=[32m"none"[31m
            [33mstroke[31m=[32m"currentColor"[31m
            [33mviewBox[31m=[32m"0 0 24 24"[31m
          [36m>[31m
            [36m<path[31m
              [33md[31m=[32m"M9.172 16.172a4 4 0 015.656 0M9 12h6m-6-4h6m2 5.291A7.962 7.962 0 0112 15c-2.34 0-4.291-1.007-5.691-2.709M12 15l2-9m5 9a9 9 0 11-18 0 9 9 0 0118 0z"[31m
              [33mstroke-linecap[31m=[32m"round"[31m
              [33mstroke-linejoin[31m=[32m"round"[31m
              [33mstroke-width[31m=[32m"2"[31m
            [36m/>[31m
          [36m</svg>[31m
          [36m<h3[31m
            [33mclass[31m=[32m"text-lg font-medium text-yellow-800 mb-2"[31m
          [36m>[31m
            [0mNo se encontraron cursos[0m
          [36m</h3>[31m
          [36m<p[31m
            [33mclass[31m=[32m"text-yellow-700 mb-4"[31m
          [36m>[31m
            [0mNo hay cursos que coincidan con tu b├║squeda. Intenta con diferentes t├®rminos o filtros.[0m
          [36m</p>[31m
          [36m<button[31m
            [33mclass[31m=[32m"bg-yellow-600 text-white px-4 py-2 rounded-md hover:bg-yellow-700 transition-colors"[31m
          [36m>[31m
            [0mLimpiar filtros[0m
          [36m</button>[31m
        [36m</div>[31m
      [36m</div>[31m
    [36m</div>[31m
  [36m</div>[31m
[36m</body>[31m

Ignored nodes: comments, script, style
[36m<html>[31m
  [36m<head />[31m
  [36m<body>[31m
    [36m<div>[31m
      [36m<div[31m
        [33mclass[31m=[32m"space-y-6 pb-10"[31m
      [36m>[31m
        [36m<header[31m
          [33mclass[31m=[32m"bg-gradient-to-r from-primary-700 to-primary-800 text-white rounded-xl shadow-md p-6 mb-6"[31m
        [36m>[31m
          [36m<h1[31m
            [33mclass[31m=[32m"text-2xl md:text-3xl font-bold mb-2"[31m
          [36m>[31m
            [0mCat├ílogo de Cursos[0m
          [36m</h1>[31m
          [36m<p[31m
            [33mclass[31m=[32m"text-primary-100"[31m
          [36m>[31m
            [0mExplora nuestra selecci├│n de cursos especializados en consultor├¡a y gesti├│n empresarial[0m
          [36m</p>[31m
        [36m</header>[31m
        [36m<div[31m
          [33mclass[31m=[32m"bg-white rounded-xl shadow-sm border border-gray-200 p-4 mb-6"[31m
        [36m>[31m
          [36m<div[31m
            [33mclass[31m=[32m"flex flex-col md:flex-row gap-4"[31m
          [36m>[31m
            [36m<div[31m
              [33mclass[31m=[32m"flex-grow"[31m
            [36m>[31m
              [36m<label[31m
                [33mclass[31m=[32m"sr-only"[31m
                [33mfor[31m=[32m"search"[31m
              [36m>[31m
                [0mBuscar cursos[0m
              [36m</label>[31m
              [36m<div[31m
                [33mclass[31m=[32m"relative rounded-md shadow-sm"[31m
              [36m>[31m
                [36m<div[31m
                  [33mclass[31m=[32m"absolute inset-y-0 left-0 pl-3 flex items-center pointer-events-none"[31m
                [36m>[31m
                  [36m<svg[31m
                    [33mclass[31m=[32m"h-5 w-5 text-gray-400"[31m
                    [33mfill[31m=[32m"none"[31m
                    [33mstroke[31m=[32m"currentColor"[31m
                    [33mviewBox[31m=[32m"0 0 24 24"[31m
                    [33mxmlns[31m=[32m"http://www.w3.org/2000/svg"[31m
                  [36m>[31m
                    [36m<path[31m
                      [33md[31m=[32m"M21 21l-6-6m2-5a7 7 0 11-14 0 7 7 0 0114 0z"[31m
                      [33mstroke-linecap[31m=[32m"round"[31m
                      [33mstroke-linejoin[31m=[32m"round"[31m
                      [33mstroke-width[31m=[32m"2"[31m
                    [36m/>[31m
                  [36m</svg>[31m
                [36m</div>[31m
                [36m<input[31m
                  [33mclass[31m=[32m"focus:ring-primary-500 focus:border-primary-500 block w-full pl-10 sm:text-sm border-gray-300 rounded-md"[31m
                  [33mid[31m=[32m"search"[31m
                  [33mname[31m=[32m"search"[31m
                  [33mplaceholder[31m=[32m"Buscar cursos..."[31m
                  [33mtype[31m=[32m"search"[31m
                  [33mvalue[31m=[32m""[31m
                [36m/>[31m
              [36m</div>[31m
            [36m</div>[31m
            [36m<div[31m
              [33mclass[31m=[32m"flex-shrink-0"[31m
            [36m>[31m
              [36m<label[31m
                [33mclass[31m=[32m"sr-only"[31m
                [33mfor[31m=[32m"category"[31m
              [36m>[31m
                [0mFiltrar por categor├¡a[0m
              [36m</label>[31m
              [36m<select[31m
                [33mclass[31m=[32m"focus:ring-primary-500 focus:border-primary-500 block w-full sm:text-sm border-gray-300 rounded-md"[31m
                [33mid[31m=[32m"category"[31m
                [33mname[31m=[32m"category"[31m
              [36m>[31m
                [36m<option[31m
                  [33mvalue[31m=[32m"all"[31m
                [36m>[31m
                  [0mTodas las categor├¡as[0m
                [36m</option>[31m
                [36m<option[31m
                  [33mvalue[31m=[32m"consulting"[31m
                [36m>[31m
                  [0mConsultor├¡a[0m
                [36m</option>[31m
                [36m<option[31m
                  [33mvalue[31m=[32m"management"[31m
                [36m>[31m
                  [0mGesti├│n[0m
                [36m</option>[31m
                [36m<option[31m
                  [33mvalue[31m=[32m"operations"[31m
                [36m>[31m
                  [0mOperaciones[0m
                [36m</option>[31m
                [36m<option[31m
                  [33mvalue[31m=[32m"safety_training"[31m
                [36m>[31m
                  [0mPrevenci├│n de Riesgos[0m
                [36m</option>[31m
              [36m</select>[31m
            [36m</div>[31m
          [36m</div>[31m
        [36m</div>[31m
        [36m<div[31m
          [33mclass[31m=[32m"text-center py-8"[31m
        [36m>[31m
          [36m<div[31m
            [33mclass[31m=[32m"bg-yellow-50 border border-yellow-200 rounded-lg p-6 max-w-md mx-auto"[31m
          [36m>[31m
            [36m<svg[31m
              [33mclass[31m=[32m"mx-auto h-12 w-12 text-yellow-400 mb-4"[31m
              [33mfill[31m=[32m"none"[31m
              [33mstroke[31m=[32m"currentColor"[31m
              [33mviewBox[31m=[32m"0 0 24 24"[31m
            [36m>[31m
              [36m<path[31m
                [33md[31m=[32m"M9.172 16.172a4 4 0 015.656 0M9 12h6m-6-4h6m2 5.291A7.962 7.962 0 0112 15c-2.34 0-4.291-1.007-5.691-2.709M12 15l2-9m5 9a9 9 0 11-18 0 9 9 0 0118 0z"[31m
                [33mstroke-linecap[31m=[32m"round"[31m
                [33mstroke-linejoin[31m=[32m"round"[31m
                [33mstroke-width[31m=[32m"2"[31m
              [36m/>[31m
            [36m</svg>[31m
            [36m<h3[31m
              [33mclass[31m=[32m"text-lg font-medium text-yellow-800 mb-2"[31m
            [36m>[31m
              [0mNo se encontraron cursos[0m
            [36m</h3>[31m
            [36m<p[31m
              [33mclass[31m=[32m"text-yellow-700 mb-4"[31m
            [36m>[31m
              [0mNo hay cursos que coincidan con tu b├║squeda. Intenta con diferentes t├®rminos o filtros.[0m
            [36m</p>[31m
            [36m<button[31m
              [33mclass[31m=[32m"bg-yellow-600 text-white px-4 py-2 rounded-md hover:bg-yellow-700 transition-colors"[31m
            [36m>[31m
              [0mLimpiar filtros[0m
            [36m</button>[31m
          [36m</div>[31m
        [36m</div>[31m
      [36m</div>[31m
    [36m</div>[31m
  [36m</body>[31m
[36m</html>[31m[39m
[90mstdout[2m | src/tests/integration/CourseFlow.test.tsx[2m > [22m[2mCourse Flow Integration[2m > [22m[2mCourse Discovery and Enrollment Flow[2m > [22m[2msearches courses by title[22m[39m
­ƒöä [CoursesPage] Component render - Loading: [33mtrue[39m Courses: [33m0[39m Error: None
­ƒöì [CoursesPage] All courses: []
­ƒöì [CoursesPage] Filtered courses: [33m0[39m []
­ƒöì [CoursesPage] Search query:  Category filter: all
­ƒöä [CoursesPage] Rendering loading state
­ƒÜÇ [CoursesPage] Starting to fetch courses...
­ƒöì [courseService] Calling getAvailableCourses with params: { page: [33m1[39m, limit: [33m10[39m }
­ƒöì [courseService] Response from API: [
  {
    id: [32m'1'[39m,
    title: [32m'Test Course 1'[39m,
    description: [32m'A test course'[39m,
    instructor_id: [32m'1'[39m,
    instructor_name: [32m'John Doe'[39m,
    level: [32m'beginner'[39m,
    category: [32m'programming'[39m,
    is_published: [33mtrue[39m,
    lessons_count: [33m5[39m,
    enrollments_count: [33m10[39m,
    created_at: [32m'2024-01-01T00:00:00Z'[39m,
    thumbnail_url: [32m'/test-image.jpg'[39m,
    price: [33m99.99[39m
  },
  {
    id: [32m'2'[39m,
    title: [32m'Test Course 2'[39m,
    description: [32m'Another test course'[39m,
    instructor_id: [32m'2'[39m,
    instructor_name: [32m'Jane Smith'[39m,
    level: [32m'intermediate'[39m,
    category: [32m'design'[39m,
    is_published: [33mtrue[39m,
    lessons_count: [33m8[39m,
    enrollments_count: [33m25[39m,
    created_at: [32m'2024-01-02T00:00:00Z'[39m,
    thumbnail_url: [32m'/test-image-2.jpg'[39m,
    price: [33m149.99[39m
  }
]
­ƒöì [courseService] Response status: [33m200[39m
­ƒôª [CoursesPage] Raw API response: [
  {
    id: [32m'1'[39m,
    title: [32m'Test Course 1'[39m,
    description: [32m'A test course'[39m,
    instructor_id: [32m'1'[39m,
    instructor_name: [32m'John Doe'[39m,
    level: [32m'beginner'[39m,
    category: [32m'programming'[39m,
    is_published: [33mtrue[39m,
    lessons_count: [33m5[39m,
    enrollments_count: [33m10[39m,
    created_at: [32m'2024-01-01T00:00:00Z'[39m,
    thumbnail_url: [32m'/test-image.jpg'[39m,
    price: [33m99.99[39m
  },
  {
    id: [32m'2'[39m,
    title: [32m'Test Course 2'[39m,
    description: [32m'Another test course'[39m,
    instructor_id: [32m'2'[39m,
    instructor_name: [32m'Jane Smith'[39m,
    level: [32m'intermediate'[39m,
    category: [32m'design'[39m,
    is_published: [33mtrue[39m,
    lessons_count: [33m8[39m,
    enrollments_count: [33m25[39m,
    created_at: [32m'2024-01-02T00:00:00Z'[39m,
    thumbnail_url: [32m'/test-image-2.jpg'[39m,
    price: [33m149.99[39m
  }
]
­ƒôª [CoursesPage] Response type: object
­ƒôª [CoursesPage] Is array: [33mtrue[39m
­ƒôï [CoursesPage] Processed courses array: [
  {
    id: [32m'1'[39m,
    title: [32m'Test Course 1'[39m,
    description: [32m'A test course'[39m,
    instructor_id: [32m'1'[39m,
    instructor_name: [32m'John Doe'[39m,
    level: [32m'beginner'[39m,
    category: [32m'programming'[39m,
    is_published: [33mtrue[39m,
    lessons_count: [33m5[39m,
    enrollments_count: [33m10[39m,
    created_at: [32m'2024-01-01T00:00:00Z'[39m,
    thumbnail_url: [32m'/test-image.jpg'[39m,
    price: [33m99.99[39m
  },
  {
    id: [32m'2'[39m,
    title: [32m'Test Course 2'[39m,
    description: [32m'Another test course'[39m,
    instructor_id: [32m'2'[39m,
    instructor_name: [32m'Jane Smith'[39m,
    level: [32m'intermediate'[39m,
    category: [32m'design'[39m,
    is_published: [33mtrue[39m,
    lessons_count: [33m8[39m,
    enrollments_count: [33m25[39m,
    created_at: [32m'2024-01-02T00:00:00Z'[39m,
    thumbnail_url: [32m'/test-image-2.jpg'[39m,
    price: [33m149.99[39m
  }
]
­ƒôè [CoursesPage] Number of courses: [33m2[39m
­ƒöì [CoursesPage] First course details: {
  id: [32m'1'[39m,
  title: [32m'Test Course 1'[39m,
  description: [32m'A test course'[39m,
  instructor_id: [32m'1'[39m,
  instructor_name: [32m'John Doe'[39m,
  level: [32m'beginner'[39m,
  category: [32m'programming'[39m,
  is_published: [33mtrue[39m,
  lessons_count: [33m5[39m,
  enrollments_count: [33m10[39m,
  created_at: [32m'2024-01-01T00:00:00Z'[39m,
  thumbnail_url: [32m'/test-image.jpg'[39m,
  price: [33m99.99[39m
}
­ƒöì [CoursesPage] First course lessons: [90mundefined[39m
­ƒöì [CoursesPage] First course lessons_count: [33m5[39m
­ƒöì [CoursesPage] First course lessons array check: [33mfalse[39m
­ƒöì [CoursesPage] First course lessons length: Not an array
Ô£à [CoursesPage] Courses set in state successfully
­ƒÅü [CoursesPage] Loading finished
­ƒöì [Filter] Course "Test Course 1":
      - Category: "programming" vs Filter: "all"
      - Matches category: true
      - Matches search: true
      - Final result: true
­ƒöì [Filter] Course "Test Course 2":
      - Category: "design" vs Filter: "all"
      - Matches category: true
      - Matches search: true
      - Final result: true
­ƒöä [CoursesPage] Component render - Loading: [33mfalse[39m Courses: [33m2[39m Error: None
­ƒöì [CoursesPage] All courses: [
  {
    id: [32m'1'[39m,
    title: [32m'Test Course 1'[39m,
    description: [32m'A test course'[39m,
    instructor_id: [32m'1'[39m,
    instructor_name: [32m'John Doe'[39m,
    level: [32m'beginner'[39m,
    category: [32m'programming'[39m,
    is_published: [33mtrue[39m,
    lessons_count: [33m5[39m,
    enrollments_count: [33m10[39m,
    created_at: [32m'2024-01-01T00:00:00Z'[39m,
    thumbnail_url: [32m'/test-image.jpg'[39m,
    price: [33m99.99[39m
  },
  {
    id: [32m'2'[39m,
    title: [32m'Test Course 2'[39m,
    description: [32m'Another test course'[39m,
    instructor_id: [32m'2'[39m,
    instructor_name: [32m'Jane Smith'[39m,
    level: [32m'intermediate'[39m,
    category: [32m'design'[39m,
    is_published: [33mtrue[39m,
    lessons_count: [33m8[39m,
    enrollments_count: [33m25[39m,
    created_at: [32m'2024-01-02T00:00:00Z'[39m,
    thumbnail_url: [32m'/test-image-2.jpg'[39m,
    price: [33m149.99[39m
  }
]
­ƒöì [CoursesPage] Filtered courses: [33m2[39m [
  {
    id: [32m'1'[39m,
    title: [32m'Test Course 1'[39m,
    description: [32m'A test course'[39m,
    instructor_id: [32m'1'[39m,
    instructor_name: [32m'John Doe'[39m,
    level: [32m'beginner'[39m,
    category: [32m'programming'[39m,
    is_published: [33mtrue[39m,
    lessons_count: [33m5[39m,
    enrollments_count: [33m10[39m,
    created_at: [32m'2024-01-01T00:00:00Z'[39m,
    thumbnail_url: [32m'/test-image.jpg'[39m,
    price: [33m99.99[39m
  },
  {
    id: [32m'2'[39m,
    title: [32m'Test Course 2'[39m,
    description: [32m'Another test course'[39m,
    instructor_id: [32m'2'[39m,
    instructor_name: [32m'Jane Smith'[39m,
    level: [32m'intermediate'[39m,
    category: [32m'design'[39m,
    is_published: [33mtrue[39m,
    lessons_count: [33m8[39m,
    enrollments_count: [33m25[39m,
    created_at: [32m'2024-01-02T00:00:00Z'[39m,
    thumbnail_url: [32m'/test-image-2.jpg'[39m,
    price: [33m149.99[39m
  }
]
­ƒöì [CoursesPage] Search query:  Category filter: all
­ƒÄ» [CourseCard] Processing course "Test Course 1":
                        - lessons_count: 5
                        - lessons: undefined
                        - lessons is array: false
                        - lessons length: N/A
­ƒöó [CourseCard] Using lessons_count: 5
Ô£à [CourseCard] Final lessons count for "Test Course 1": 5
­ƒÄ» [CourseCard] Processing course "Test Course 2":
                        - lessons_count: 8
                        - lessons: undefined
                        - lessons is array: false
                        - lessons length: N/A
­ƒöó [CourseCard] Using lessons_count: 8
Ô£à [CourseCard] Final lessons count for "Test Course 2": 8
­ƒöì [enrollmentService] Checking enrollment status for course: 1
­ƒôÜ [enrollmentService] Getting user enrolled courses
­ƒöì [enrollmentService] Checking enrollment status for course: 2
­ƒôÜ [enrollmentService] Getting user enrolled courses
­ƒöì [Filter] Course "Test Course 1":
      - Category: "programming" vs Filter: "all"
      - Matches category: true
      - Matches search: true
      - Final result: true
­ƒöì [Filter] Course "Test Course 2":
      - Category: "design" vs Filter: "all"
      - Matches category: true
      - Matches search: false
      - Final result: false
­ƒöä [CoursesPage] Component render - Loading: [33mfalse[39m Courses: [33m2[39m Error: None
­ƒöì [CoursesPage] All courses: [
  {
    id: [32m'1'[39m,
    title: [32m'Test Course 1'[39m,
    description: [32m'A test course'[39m,
    instructor_id: [32m'1'[39m,
    instructor_name: [32m'John Doe'[39m,
    level: [32m'beginner'[39m,
    category: [32m'programming'[39m,
    is_published: [33mtrue[39m,
    lessons_count: [33m5[39m,
    enrollments_count: [33m10[39m,
    created_at: [32m'2024-01-01T00:00:00Z'[39m,
    thumbnail_url: [32m'/test-image.jpg'[39m,
    price: [33m99.99[39m
  },
  {
    id: [32m'2'[39m,
    title: [32m'Test Course 2'[39m,
    description: [32m'Another test course'[39m,
    instructor_id: [32m'2'[39m,
    instructor_name: [32m'Jane Smith'[39m,
    level: [32m'intermediate'[39m,
    category: [32m'design'[39m,
    is_published: [33mtrue[39m,
    lessons_count: [33m8[39m,
    enrollments_count: [33m25[39m,
    created_at: [32m'2024-01-02T00:00:00Z'[39m,
    thumbnail_url: [32m'/test-image-2.jpg'[39m,
[90mstderr[2m | src/tests/integration/CourseFlow.test.tsx[2m > [22m[2mCourse 
Flow Integration[2m > [22m[2mCourse Discovery and Enrollment Flow[2m > 
[22m[2msearches courses by title[22m[39m
[MSW] Warning: intercepted a request without a matching request handler:

  ÔÇó GET http://localhost:8000/api/v1/enrollments/

If you still wish to intercept this unhandled request, please create a request 
handler for it.
Read more: https://mswjs.io/docs/http/intercepting-requests
[MSW] Warning: intercepted a request without a matching request handler:

  ÔÇó GET http://localhost:8000/api/v1/enrollments/

If you still wish to intercept this unhandled request, please create a request 
handler for it.
Read more: https://mswjs.io/docs/http/intercepting-requests
MSW: Unhandled request: GET http://localhost:8000/api/v1/enrollments/
MSW: Unhandled request: GET http://localhost:8000/api/v1/enrollments/

[90mstderr[2m | src/tests/integration/CourseFlow.test.tsx[2m > [22m[2mCourse 
Flow Integration[2m > [22m[2mCourse Detail View[2m > [22m[2mdisplays 
complete course information[22m[39m
[MSW] Warning: intercepted a request without a matching request handler:

  ÔÇó OPTIONS http://localhost:8000/api/v1/enrollments/

If you still wish to intercept this unhandled request, please create a request 
handler for it.
Read more: https://mswjs.io/docs/http/intercepting-requests
MSW: Unhandled request: OPTIONS http://localhost:8000/api/v1/enrollments/
[MSW] Warning: intercepted a request without a matching request handler:

  ÔÇó OPTIONS http://localhost:8000/api/v1/enrollments/

If you still wish to intercept this unhandled request, please create a request 
handler for it.
Read more: https://mswjs.io/docs/http/intercepting-requests
MSW: Unhandled request: OPTIONS http://localhost:8000/api/v1/enrollments/

[90mstderr[2m | src/tests/integration/CourseFlow.test.tsx[2m > [22m[2mCourse 
Flow Integration[2m > [22m[2mCourse Detail View[2m > [22m[2mdisplays 
complete course information[22m[39m
Error: AggregateError
    at Object.dispatchError (C:\Users\Asus\Documents\stegmaier-landing\frontend\no
de_modules\jsdom\lib\jsdom\living\xhr\xhr-utils.js:63:19)
    at EventEmitter.<anonymous> (C:\Users\Asus\Documents\stegmaier-landing\fronten
d\node_modules\jsdom\lib\jsdom\living\xhr\XMLHttpRequest-impl.js:655:18)
    at EventEmitter.emit (node:events:526:35)
    at Request.<anonymous> (C:\Users\Asus\Documents\stegmaier-landing\frontend\nod
e_modules\jsdom\lib\jsdom\living\xhr\xhr-utils.js:404:14)
    at Request.emit (node:events:514:28)
    at ClientRequest.<anonymous> (C:\Users\Asus\Documents\stegmaier-landing\fronte
nd\node_modules\jsdom\lib\jsdom\living\helpers\http-request.js:127:14)
    at ClientRequest.emit (node:events:514:28)
    at MockHttpSocket.socketErrorListener (node:_http_client:495:9)
    at MockHttpSocket.emit (node:events:526:35)
    at MockHttpSocket.emit (file:///C:/Users/Asus/Documents/stegmaier-landing/fron
tend/node_modules/@mswjs/interceptors/src/interceptors/ClientRequest/MockHttpSocke
t.ts:160:12) [90mundefined[39m
ÔØî [enrollmentService] Error getting enrolled courses: Error: Network Error
    at createError [90m(C:\Users\Asus\Documents\stegmaier-landing\frontend\[39mn
ode_modules\[4maxios[24m\lib\core\createError.js:16:15[90m)[39m
    at XMLHttpRequest.handleError [90m(C:\Users\Asus\Documents\stegmaier-landing\
frontend\[39mnode_modules\[4maxios[24m\lib\adapters\xhr.js:117:14[90m)[39m
    at XMLHttpRequest.invokeTheCallbackFunction [90m(C:\Users\Asus\Documents\steg
maier-landing\frontend\[39mnode_modules\[4mjsdom[24m\lib\jsdom\living\generated
\EventHandlerNonNull.js:14:28[90m)[39m
    at XMLHttpRequest.<anonymous> [90m(C:\Users\Asus\Documents\stegmaier-landing\
frontend\[39mnode_modules\[4mjsdom[24m\lib\jsdom\living\helpers\create-event-ac
cessor.js:35:32[90m)[39m
    at innerInvokeEventListeners [90m(C:\Users\Asus\Documents\stegmaier-landing\f
rontend\[39mnode_modules\[4mjsdom[24m\lib\jsdom\living\events\EventTarget-impl.
js:350:25[90m)[39m
    at invokeEventListeners [90m(C:\Users\Asus\Documents\stegmaier-landing\fronte
nd\[39mnode_modules\[4mjsdom[24m\lib\jsdom\living\events\EventTarget-impl.js:28
6:3[90m)[39m
    price: [33m149.99[39m
  }
]
­ƒöì [CoursesPage] Filtered courses: [33m1[39m [
  {
    id: [32m'1'[39m,
    title: [32m'Test Course 1'[39m,
    description: [32m'A test course'[39m,
    instructor_id: [32m'1'[39m,
    instructor_name: [32m'John Doe'[39m,
    level: [32m'beginner'[39m,
    category: [32m'programming'[39m,
    is_published: [33mtrue[39m,
    lessons_count: [33m5[39m,
    enrollments_count: [33m10[39m,
    created_at: [32m'2024-01-01T00:00:00Z'[39m,
    thumbnail_url: [32m'/test-image.jpg'[39m,
    price: [33m99.99[39m
  }
]
­ƒöì [CoursesPage] Search query: Course 1 Category filter: all
­ƒÄ» [CourseCard] Processing course "Test Course 1":
                        - lessons_count: 5
                        - lessons: undefined
                        - lessons is array: false
                        - lessons length: N/A
­ƒöó [CourseCard] Using lessons_count: 5
Ô£à [CourseCard] Final lessons count for "Test Course 1": 5
­ƒöì [Filter] Course "Test Course 1":
      - Category: "programming" vs Filter: "all"
      - Matches category: true
      - Matches search: true
      - Final result: true
­ƒöì [Filter] Course "Test Course 2":
      - Category: "design" vs Filter: "all"
      - Matches category: true
      - Matches search: false
      - Final result: false
­ƒöä [CoursesPage] Component render - Loading: [33mfalse[39m Courses: [33m2[39m Error: None
­ƒöì [CoursesPage] All courses: [
  {
    id: [32m'1'[39m,
    title: [32m'Test Course 1'[39m,
    description: [32m'A test course'[39m,
    instructor_id: [32m'1'[39m,
    instructor_name: [32m'John Doe'[39m,
    level: [32m'beginner'[39m,
    category: [32m'programming'[39m,
    is_published: [33mtrue[39m,
    lessons_count: [33m5[39m,
    enrollments_count: [33m10[39m,
    created_at: [32m'2024-01-01T00:00:00Z'[39m,
    thumbnail_url: [32m'/test-image.jpg'[39m,
    at XMLHttpRequestImpl._dispatch [90m(C:\Users\Asus\Documents\stegmaier-landin
g\frontend\[39mnode_modules\[4mjsdom[24m\lib\jsdom\living\events\EventTarget-im
pl.js:233:9[90m)[39m
    at fireAnEvent [90m(C:\Users\Asus\Documents\stegmaier-landing\frontend\[39mn
ode_modules\[4mjsdom[24m\lib\jsdom\living\helpers\events.js:18:36[90m)[39m
    at requestErrorSteps [90m(C:\Users\Asus\Documents\stegmaier-landing\frontend\
[39mnode_modules\[4mjsdom[24m\lib\jsdom\living\xhr\xhr-utils.js:131:3[90m)[39
m
    at Object.dispatchError [90m(C:\Users\Asus\Documents\stegmaier-landing\fronte
nd\[39mnode_modules\[4mjsdom[24m\lib\jsdom\living\xhr\xhr-utils.js:60:3[90m)[
39m {
  config: {
    transitional: {
      silentJSONParsing: [33mtrue[39m,
      forcedJSONParsing: [33mtrue[39m,
      clarifyTimeoutError: [33mfalse[39m
    },
    adapter: [36m[Function: xhrAdapter][39m,
    transformRequest: [ [36m[Function: transformRequest][39m ],
    transformResponse: [ [36m[Function: transformResponse][39m ],
    timeout: [33m0[39m,
    xsrfCookieName: [32m'XSRF-TOKEN'[39m,
    xsrfHeaderName: [32m'X-XSRF-TOKEN'[39m,
    maxContentLength: [33m-1[39m,
    maxBodyLength: [33m-1[39m,
    validateStatus: [36m[Function: validateStatus][39m,
    headers: {
      Accept: [32m'application/json, text/plain, */*'[39m,
      Authorization: [32m''[39m,
      [32m'Cache-Control'[39m: [32m'no-cache'[39m,
      Pragma: [32m'no-cache'[39m
    },
    params: {},
    method: [32m'get'[39m,
    url: [32m'http://localhost:8000/api/v1/enrollments/'[39m,
    data: [90mundefined[39m
  },
  request: XMLHttpRequest {
    open: [36m[Function: open][39m,
    setRequestHeader: [36m[Function: setRequestHeader][39m,
    send: [36m[Function: send][39m,
    price: [33m99.99[39m
  },
  {
    id: [32m'2'[39m,
    title: [32m'Test Course 2'[39m,
    description: [32m'Another test course'[39m,
    instructor_id: [32m'2'[39m,
    instructor_name: [32m'Jane Smith'[39m,
    level: [32m'intermediate'[39m,
    category: [32m'design'[39m,
    is_published: [33mtrue[39m,
    lessons_count: [33m8[39m,
    enrollments_count: [33m25[39m,
    created_at: [32m'2024-01-02T00:00:00Z'[39m,
    thumbnail_url: [32m'/test-image-2.jpg'[39m,
    price: [33m149.99[39m
  }
]
­ƒöì [CoursesPage] Filtered courses: [33m1[39m [
  {
    abort: [36m[Function: abort][39m,
    getResponseHeader: [36m[Function: getResponseHeader][39m,
    getAllResponseHeaders: [36m[Function: getAllResponseHeaders][39m,
    overrideMimeType: [36m[Function: overrideMimeType][39m,
    onreadystatechange: [36m[Getter/Setter][39m,
    readyState: [36m[Getter][39m,
    timeout: [36m[Getter/Setter][39m,
    withCredentials: [36m[Getter/Setter][39m,
    id: [32m'1'[39m,
    title: [32m'Test Course 1'[39m,
    description: [32m'A test course'[39m,
    instructor_id: [32m'1'[39m,
    instructor_name: [32m'John Doe'[39m,
    level: [32m'beginner'[39m,
    category: [32m'programming'[39m,
    upload: XMLHttpRequestUpload {},
    responseURL: [36m[Getter][39m,
    status: [36m[Getter][39m,
    statusText: [36m[Getter][39m,
    is_published: [33mtrue[39m,
    lessons_count: [33m5[39m,
    enrollments_count: [33m10[39m,
    responseType: [36m[Getter/Setter][39m,
    response: [36m[Getter][39m,
    responseText: [36m[Getter][39m,
    responseXML: [36m[Getter][39m,
    UNSENT: [33m0[39m,
    OPENED: [33m1[39m,
    HEADERS_RECEIVED: [33m2[39m,
    LOADING: [33m3[39m,
    DONE: [33m4[39m,
    [[32mSymbol(SameObject caches)[39m]: [Object: null prototype] { upload: 
XMLHttpRequestUpload {} }
  },
  response: [90mundefined[39m,
  isAxiosError: [33mtrue[39m,
  toJSON: [36m[Function: toJSON][39m
}
ÔØî [enrollmentService] Error checking enrollment status: Error: Error al obtener 
cursos inscritos
    at EnrollmentService.getUserEnrolledCourses [90m(C:\Users\Asus\Documents\steg
maier-landing\frontend\[39msrc\services\enrollmentService.ts:166:13[90m)[39m
[90m    at processTicksAndRejections 
(node:internal/process/task_queues:95:5)[39m
    at EnrollmentService.getEnrollmentStatus [90m(C:\Users\Asus\Documents\stegmai
er-landing\frontend\[39msrc\services\enrollmentService.ts:178:27[90m)[39m
    at loadEnrollmentStatus [90m(C:\Users\Asus\Documents\stegmaier-landing\fronte
nd\[39msrc\components\enrollment\EnrollmentButton.tsx:38:22[90m)[39m
Error: AggregateError
    at Object.dispatchError (C:\Users\Asus\Documents\stegmaier-landing\frontend\no
de_modules\jsdom\lib\jsdom\living\xhr\xhr-utils.js:63:19)
    at EventEmitter.<anonymous> (C:\Users\Asus\Documents\stegmaier-landing\fronten
d\node_modules\jsdom\lib\jsdom\living\xhr\XMLHttpRequest-impl.js:655:18)
    at EventEmitter.emit (node:events:526:35)
    at Request.<anonymous> (C:\Users\Asus\Documents\stegmaier-landing\frontend\nod
e_modules\jsdom\lib\jsdom\living\xhr\xhr-utils.js:404:14)
    at Request.emit (node:events:514:28)
    at ClientRequest.<anonymous> (C:\Users\Asus\Documents\stegmaier-landing\fronte
nd\node_modules\jsdom\lib\jsdom\living\helpers\http-request.js:127:14)
    at ClientRequest.emit (node:events:514:28)
    at MockHttpSocket.socketErrorListener (node:_http_client:495:9)
    at MockHttpSocket.emit (node:events:526:35)
    at MockHttpSocket.emit (file:///C:/Users/Asus/Documents/stegmaier-landing/fron
tend/node_modules/@mswjs/interceptors/src/interceptors/ClientRequest/MockHttpSocke
t.ts:160:12) [90mundefined[39m
ÔØî [enrollmentService] Error getting enrolled courses: Error: Network Error
    at createError [90m(C:\Users\Asus\Documents\stegmaier-landing\frontend\[39mn
ode_modules\[4maxios[24m\lib\core\createError.js:16:15[90m)[39m
    at XMLHttpRequest.handleError [90m(C:\Users\Asus\Documents\stegmaier-landing\
frontend\[39mnode_modules\[4maxios[24m\lib\adapters\xhr.js:117:14[90m)[39m
    at XMLHttpRequest.invokeTheCallbackFunction [90m(C:\Users\Asus\Documents\steg
maier-landing\frontend\[39mnode_modules\[4mjsdom[24m\lib\jsdom\living\generated
\EventHandlerNonNull.js:14:28[90m)[39m
    at XMLHttpRequest.<anonymous> [90m(C:\Users\Asus\Documents\stegmaier-landing\
frontend\[39mnode_modules\[4mjsdom[24m\lib\jsdom\living\helpers\create-event-ac
cessor.js:35:32[90m)[39m
    at innerInvokeEventListeners [90m(C:\Users\Asus\Documents\stegmaier-landing\f
rontend\[39mnode_modules\[4mjsdom[24m\lib\jsdom\living\events\EventTarget-impl.
js:350:25[90m)[39m
    at invokeEventListeners [90m(C:\Users\Asus\Documents\stegmaier-landing\fronte
nd\[39mnode_modules\[4mjsdom[24m\lib\jsdom\living\events\EventTarget-impl.js:28
6:3[90m)[39m
    at XMLHttpRequestImpl._dispatch [90m(C:\Users\Asus\Documents\stegmaier-landin
g\frontend\[39mnode_modules\[4mjsdom[24m\lib\jsdom\living\events\EventTarget-im
pl.js:233:9[90m)[39m
    at fireAnEvent [90m(C:\Users\Asus\Documents\stegmaier-landing\frontend\[39mn
ode_modules\[4mjsdom[24m\lib\jsdom\living\helpers\events.js:18:36[90m)[39m
    at requestErrorSteps [90m(C:\Users\Asus\Documents\stegmaier-landing\frontend\
[39mnode_modules\[4mjsdom[24m\lib\jsdom\living\xhr\xhr-utils.js:131:3[90m)[39
m
    at Object.dispatchError [90m(C:\Users\Asus\Documents\stegmaier-landing\fronte
nd\[39mnode_modules\[4mjsdom[24m\lib\jsdom\living\xhr\xhr-utils.js:60:3[90m)[
39m {
  config: {
    transitional: {
      silentJSONParsing: [33mtrue[39m,
      forcedJSONParsing: [33mtrue[39m,
    created_at: [32m'2024-01-01T00:00:00Z'[39m,
    thumbnail_url: [32m'/test-image.jpg'[39m,
    price: [33m99.99[39m
  }
]
­ƒöì [CoursesPage] Search query: Course 1 Category filter: all
­ƒÄ» [CourseCard] Processing course "Test Course 1":
                        - lessons_count: 5
                        - lessons: undefined
                        - lessons is array: false
      clarifyTimeoutError: [33mfalse[39m
    },
    adapter: [36m[Function: xhrAdapter][39m,
    transformRequest: [ [36m[Function: transformRequest][39m ],
    transformResponse: [ [36m[Function: transformResponse][39m ],
    timeout: [33m0[39m,
    xsrfCookieName: [32m'XSRF-TOKEN'[39m,
    xsrfHeaderName: [32m'X-XSRF-TOKEN'[39m,
    maxContentLength: [33m-1[39m,
    maxBodyLength: [33m-1[39m,
                        - lessons length: N/A
­ƒöó [CourseCard] Using lessons_count: 5
Ô£à [CourseCard] Final lessons count for "Test Course 1": 5

 [32mÔ£ô[39m src/tests/integration/CourseFlow.test.tsx[2m > [22mCourse Flow Integration[2m > [22mCourse Discovery and Enrollment Flow[2m > [22msearches courses by title
    validateStatus: [36m[Function: validateStatus][39m,
    headers: {
      Accept: [32m'application/json, text/plain, */*'[39m,
      Authorization: [32m''[39m,
      [32m'Cache-Control'[39m: [32m'no-cache'[39m,
      Pragma: [32m'no-cache'[39m
    },
    params: {},
    method: [32m'get'[39m,
    url: [32m'http://localhost:8000/api/v1/enrollments/'[39m,
    data: [90mundefined[39m
  },
  request: XMLHttpRequest {
    open: [36m[Function: open][39m,
    setRequestHeader: [36m[Function: setRequestHeader][39m,
    send: [36m[Function: send][39m,
    abort: [36m[Function: abort][39m,
    getResponseHeader: [36m[Function: getResponseHeader][39m,
    getAllResponseHeaders: [36m[Function: getAllResponseHeaders][39m,
    overrideMimeType: [36m[Function: overrideMimeType][39m,
    onreadystatechange: [36m[Getter/Setter][39m,
    readyState: [36m[Getter][39m,
    timeout: [36m[Getter/Setter][39m,
    withCredentials: [36m[Getter/Setter][39m,
    upload: XMLHttpRequestUpload {},
    responseURL: [36m[Getter][39m,
    status: [36m[Getter][39m,
    statusText: [36m[Getter][39m,
    responseType: [36m[Getter/Setter][39m,
    response: [36m[Getter][39m,
    responseText: [36m[Getter][39m,
    responseXML: [36m[Getter][39m,
    UNSENT: [33m0[39m,
    OPENED: [33m1[39m,
    HEADERS_RECEIVED: [33m2[39m,
    LOADING: [33m3[39m,
    DONE: [33m4[39m,
    [[32mSymbol(SameObject caches)[39m]: [Object: null prototype] { upload: 
XMLHttpRequestUpload {} }
  },
  response: [90mundefined[39m,
  isAxiosError: [33mtrue[39m,
  toJSON: [36m[Function: toJSON][39m
}
ÔØî [enrollmentService] Error checking enrollment status: Error: Error al obtener 
cursos inscritos
    at EnrollmentService.getUserEnrolledCourses [90m(C:\Users\Asus\Documents\steg
maier-landing\frontend\[39msrc\services\enrollmentService.ts:166:13[90m)[39m
[90m    at processTicksAndRejections 
(node:internal/process/task_queues:95:5)[39m
    at EnrollmentService.getEnrollmentStatus [90m(C:\Users\Asus\Documents\stegmai
er-landing\frontend\[39msrc\services\enrollmentService.ts:178:27[90m)[39m
    at loadEnrollmentStatus [90m(C:\Users\Asus\Documents\stegmaier-landing\fronte
nd\[39msrc\components\enrollment\EnrollmentButton.tsx:38:22[90m)[39m

 [31m├ù[39m src/tests/pages/admin/AdminDashboard.test.tsx[2m > [22mAdminDashboard[2m > [22mrefreshes data when refresh button is clicked[33m 1017[2mms[22m[39m
[31m   ÔåÆ Unable to find an element with the text: 150. This could be because the text is broken up by multiple elements. In this case, you can provide a function for your text matcher to make your matcher more flexible.

Ignored nodes: comments, script, style
[36m<body>[31m
  [36m<div>[31m
    [36m<div>[31m
      [36m<h1[31m
        [33mclass[31m=[32m"text-2xl font-bold text-gray-900 mb-6"[31m
      [36m>[31m
        [0mDashboard Administrativo[0m
      [36m</h1>[31m
      [36m<div[31m
        [33mclass[31m=[32m"grid grid-cols-1 md:grid-cols-2 lg:grid-cols-4 gap-6 mb-8"[31m
      [36m>[31m
        [36m<div[31m
          [33mclass[31m=[32m"bg-white p-6 rounded-lg shadow"[31m
        [36m>[31m
          [36m<h3[31m
            [33mclass[31m=[32m"text-sm font-medium text-gray-500"[31m
          [36m>[31m
            [0mTotal Usuarios[0m
          [36m</h3>[31m
          [36m<p[31m
            [33mclass[31m=[32m"text-3xl font-bold text-gray-900"[31m
          [36m>[31m
            [0m0[0m
          [36m</p>[31m
        [36m</div>[31m
        [36m<div[31m
          [33mclass[31m=[32m"bg-white p-6 rounded-lg shadow"[31m
        [36m>[31m
          [36m<h3[31m
            [33mclass[31m=[32m"text-sm font-medium text-gray-500"[31m
          [36m>[31m
            [0mTotal Cursos[0m
          [36m</h3>[31m
          [36m<p[31m
            [33mclass[31m=[32m"text-3xl font-bold text-gray-900"[31m
          [36m>[31m
            [0m0[0m
          [36m</p>[31m
        [36m</div>[31m
        [36m<div[31m
          [33mclass[31m=[32m"bg-white p-6 rounded-lg shadow"[31m
        [36m>[31m
          [36m<h3[31m
            [33mclass[31m=[32m"text-sm font-medium text-gray-500"[31m
          [36m>[31m
            [0mNuevos Usuarios[0m
          [36m</h3>[31m
          [36m<p[31m
            [33mclass[31m=[32m"text-3xl font-bold text-green-600"[31m
          [36m>[31m
            [0m0[0m
          [36m</p>[31m
          [36m<p[31m
            [33mclass[31m=[32m"text-sm text-gray-500"[31m
          [36m>[31m
            [0m├Ültimo mes[0m
          [36m</p>[31m
        [36m</div>[31m
        [36m<div[31m
          [33mclass[31m=[32m"bg-white p-6 rounded-lg shadow"[31m
        [36m>[31m
          [36m<h3[31m
            [33mclass[31m=[32m"text-sm font-medium text-gray-500"[31m
          [36m>[31m
            [0mCursos Publicados[0m
          [36m</h3>[31m
          [36m<p[31m
            [33mclass[31m=[32m"text-3xl font-bold text-blue-600"[31m
          [36m>[31m
            [0m0[0m
          [36m</p>[31m
        [36m</div>[31m
      [36m</div>[31m
      [36m<div[31m
        [33mclass[31m=[32m"bg-white rounded-lg shadow p-6"[31m
      [36m>[31m
        [36m<h2[31m
          [33mclass[31m=[32m"text-lg font-semibold mb-4"[31m
        [36m>[31m
          [0mAcciones R├ípidas[0m
        [36m</h2>[31m
        [36m<div[31m
          [33mclass[31m=[32m"flex flex-wrap gap-4"[31m
        [36m>[31m
          [36m<a[31m
            [33mclass[31m=[32m"bg-blue-600 hover:bg-blue-700 text-white px-4 py-2 rounded-md"[31m
            [33mhref[31m=[32m"/admin/courses/new"[31m
          [36m>[31m
            [0mCrear Nuevo Curso[0m
          [36m</a>[31m
          [36m<a[31m
            [33mclass[31m=[32m"bg-gray-600 hover:bg-gray-700 text-white px-4 py-2 rounded-md"[31m
            [33mhref[31m=[32m"/admin/users"[31m
          [36m>[31m
            [0mVer Usuarios[0m
          [36m</a>[31m
        [36m</div>[31m
      [36m</div>[31m
    [36m</div>[31m
  [36m</div>[31m
[36m</body>[31m

Ignored nodes: comments, script, style
[36m<html>[31m
  [36m<head />[31m
  [36m<body>[31m
    [36m<div>[31m
      [36m<div>[31m
        [36m<h1[31m
          [33mclass[31m=[32m"text-2xl font-bold text-gray-900 mb-6"[31m
        [36m>[31m
          [0mDashboard Administrativo[0m
        [36m</h1>[31m
        [36m<div[31m
          [33mclass[31m=[32m"grid grid-cols-1 md:grid-cols-2 lg:grid-cols-4 gap-6 mb-8"[31m
        [36m>[31m
          [36m<div[31m
            [33mclass[31m=[32m"bg-white p-6 rounded-lg shadow"[31m
          [36m>[31m
            [36m<h3[31m
              [33mclass[31m=[32m"text-sm font-medium text-gray-500"[31m
            [36m>[31m
              [0mTotal Usuarios[0m
            [36m</h3>[31m
            [36m<p[31m
              [33mclass[31m=[32m"text-3xl font-bold text-gray-900"[31m
            [36m>[31m
              [0m0[0m
            [36m</p>[31m
          [36m</div>[31m
          [36m<div[31m
            [33mclass[31m=[32m"bg-white p-6 rounded-lg shadow"[31m
          [36m>[31m
            [36m<h3[31m
              [33mclass[31m=[32m"text-sm font-medium text-gray-500"[31m
            [36m>[31m
              [0mTotal Cursos[0m
            [36m</h3>[31m
            [36m<p[31m
              [33mclass[31m=[32m"text-3xl font-bold text-gray-900"[31m
            [36m>[31m
              [0m0[0m
            [36m</p>[31m
          [36m</div>[31m
          [36m<div[31m
            [33mclass[31m=[32m"bg-white p-6 rounded-lg shadow"[31m
          [36m>[31m
            [36m<h3[31m
              [33mclass[31m=[32m"text-sm font-medium text-gray-500"[31m
            [36m>[31m
              [0mNuevos Usuarios[0m
            [36m</h3>[31m
            [36m<p[31m
              [33mclass[31m=[32m"text-3xl font-bold text-green-600"[31m
            [36m>[31m
              [0m0[0m
            [36m</p>[31m
            [36m<p[31m
              [33mclass[31m=[32m"text-sm text-gray-500"[31m
            [36m>[31m
              [0m├Ültimo mes[0m
            [36m</p>[31m
          [36m</div>[31m
          [36m<div[31m
            [33mclass[31m=[32m"bg-white p-6 rounded-lg shadow"[31m
          [36m>[31m
            [36m<h3[31m
              [33mclass[31m=[32m"text-sm font-medium text-gray-500"[31m
            [36m>[31m
              [0mCursos Publicados[0m
            [36m</h3>[31m
            [36m<p[31m
              [33mclass[31m=[32m"text-3xl font-bold text-blue-600"[31m
            [36m>[31m
              [0m0[0m
            [36m</p>[31m
          [36m</div>[31m
        [36m</div>[31m
        [36m<div[31m
          [33mclass[31m=[32m"bg-white rounded-lg shadow p-6"[31m
        [36m>[31m
          [36m<h2[31m
            [33mclass[31m=[32m"text-lg font-semibold mb-4"[31m
          [36m>[31m
            [0mAcciones R├ípidas[0m
          [36m</h2>[31m
          [36m<div[31m
            [33mclass[31m=[32m"flex flex-wrap gap-4"[31m
          [36m>[31m
            [36m<a[31m
              [33mclass[31m=[32m"bg-blue-600 hover:bg-blue-700 text-white px-4 py-2 rounded-md"[31m
              [33mhref[31m=[32m"/admin/courses/new"[31m
            [36m>[31m
              [0mCrear Nuevo Curso[0m
            [36m</a>[31m
            [36m<a[31m
              [33mclass[31m=[32m"bg-gray-600 hover:bg-gray-700 text-white px-4 py-2 rounded-md"[31m
              [33mhref[31m=[32m"/admin/users"[31m
            [36m>[31m
              [0mVer Usuarios[0m
            [36m</a>[31m
          [36m</div>[31m
        [36m</div>[31m
      [36m</div>[31m
    [36m</div>[31m
  [36m</body>[31m
[36m</html>[31m[39m
 [32mÔ£ô[39m src/tests/pages/admin/AdminDashboard.test.tsx[2m > [22mAdminDashboard[2m > [22mdisplays quick actions section
 [31m├ù[39m src/tests/components/auth/LoginForm.test.tsx[2m > [22mLoginForm[2m > [22mdisplays error message on login failure[33m 1043[2mms[22m[39m
[31m   ÔåÆ Unable to find an element with the text: /credenciales inv├ílidas/i. This could be because the text is broken up by multiple elements. In this case, you can provide a function for your text matcher to make your matcher more flexible.

Ignored nodes: comments, script, style
[36m<body>[31m
  [36m<div>[31m
    [36m<form[31m
      [33maction[31m=[32m"#"[31m
      [33mclass[31m=[32m"space-y-4"[31m
    [36m>[31m
      [36m<div[31m
        [33mclass[31m=[32m"mb-4"[31m
      [36m>[31m
        [36m<label[31m
          [33mclass[31m=[32m"block text-sm font-medium mb-2 text-gray-700"[31m
          [33mfor[31m=[32m"email"[31m
        [36m>[31m
          [0mCorreo electr├│nico[0m
          [0m [0m
          [36m<span[31m
            [33mclass[31m=[32m"text-primary-600"[31m
          [36m>[31m
            [0m*[0m
          [36m</span>[31m
        [36m</label>[31m
        [36m<div[31m
          [33mclass[31m=[32m"relative"[31m
        [36m>[31m
          [36m<input[31m
            [33mautocomplete[31m=[32m"email"[31m
            [33mclass[31m=[32m"
            w-full px-4 py-3 rounded-md border 
            border-gray-300 focus:border-primary-500 focus:ring focus:ring-primary-200
            focus:outline-none transition duration-200
            
          "[31m
            [33mid[31m=[32m"email"[31m
            [33mname[31m=[32m"email"[31m
            [33mplaceholder[31m=[32m"tu@email.com"[31m
            [33mtype[31m=[32m"email"[31m
            [33mvalue[31m=[32m"test@example.com"[31m
          [36m/>[31m
        [36m</div>[31m
      [36m</div>[31m
      [36m<div[31m
        [33mclass[31m=[32m"mb-4"[31m
      [36m>[31m
        [36m<label[31m
          [33mclass[31m=[32m"block text-sm font-medium mb-2 text-gray-700"[31m
          [33mfor[31m=[32m"password"[31m
        [36m>[31m
          [0mContrase├▒a[0m
          [0m [0m
          [36m<span[31m
            [33mclass[31m=[32m"text-primary-600"[31m
          [36m>[31m
            [0m*[0m
          [36m</span>[31m
        [36m</label>[31m
        [36m<div[31m
          [33mclass[31m=[32m"relative"[31m
        [36m>[31m
          [36m<input[31m
            [33mautocomplete[31m=[32m"current-password"[31m
            [33mclass[31m=[32m"
            w-full px-4 py-3 rounded-md border 
            border-gray-300 focus:border-primary-500 focus:ring focus:ring-primary-200
            focus:outline-none transition duration-200
            
          "[31m
            [33mid[31m=[32m"password"[31m
            [33mname[31m=[32m"password"[31m
            [33mplaceholder[31m=[32m"ÔÇóÔÇóÔÇóÔÇóÔÇóÔÇóÔÇóÔÇó"[31m
            [33mtype[31m=[32m"password"[31m
            [33mvalue[31m=[32m"wrongpassword"[31m
          [36m/>[31m
        [36m</div>[31m
      [36m</div>[31m
      [36m<div[31m
        [33mclass[31m=[32m"flex justify-end"[31m
      [36m>[31m
        [36m<a[31m
          [33mclass[31m=[32m"text-sm text-primary-600 hover:text-primary-700 transition-colors"[31m
          [33mhref[31m=[32m"/forgot-password"[31m
        [36m>[31m
          [0m┬┐Olvidaste tu contrase├▒a?[0m
        [36m</a>[31m
      [36m</div>[31m
      [36m<div[31m
        [33mclass[31m=[32m"pt-2"[31m
      [36m>[31m
        [36m<button[31m
          [33mclass[31m=[32m"w-full flex justify-center items-center bg-primary-600 hover:bg-primary-700 text-white py-3 px-4 rounded-md transition duration-200 font-medium focus:outline-none focus:ring-2 focus:ring-primary-500 focus:ring-offset-2 disabled:opacity-70"[31m
          [33mtype[31m=[32m"submit"[31m
        [36m>[31m
          [0mIniciar sesi├│n[0m
        [36m</button>[31m
      [36m</div>[31m
    [36m</form>[31m
  [36m</div>[31m
[36m</body>[31m

Ignored nodes: comments, script, style
[36m<html>[31m
  [36m<head />[31m
  [36m<body>[31m
    [36m<div>[31m
      [36m<form[31m
        [33maction[31m=[32m"#"[31m
        [33mclass[31m=[32m"space-y-4"[31m
      [36m>[31m
        [36m<div[31m
          [33mclass[31m=[32m"mb-4"[31m
        [36m>[31m
          [36m<label[31m
            [33mclass[31m=[32m"block text-sm font-medium mb-2 text-gray-700"[31m
            [33mfor[31m=[32m"email"[31m
          [36m>[31m
            [0mCorreo electr├│nico[0m
            [0m [0m
            [36m<span[31m
              [33mclass[31m=[32m"text-primary-600"[31m
            [36m>[31m
              [0m*[0m
            [36m</span>[31m
          [36m</label>[31m
          [36m<div[31m
            [33mclass[31m=[32m"relative"[31m
          [36m>[31m
            [36m<input[31m
              [33mautocomplete[31m=[32m"email"[31m
              [33mclass[31m=[32m"
            w-full px-4 py-3 rounded-md border 
            border-gray-300 focus:border-primary-500 focus:ring focus:ring-primary-200
            focus:outline-none transition duration-200
            
          "[31m
              [33mid[31m=[32m"email"[31m
              [33mname[31m=[32m"email"[31m
              [33mplaceholder[31m=[32m"tu@email.com"[31m
              [33mtype[31m=[32m"email"[31m
              [33mvalue[31m=[32m"test@example.com"[31m
            [36m/>[31m
          [36m</div>[31m
        [36m</div>[31m
        [36m<div[31m
          [33mclass[31m=[32m"mb-4"[31m
        [36m>[31m
          [36m<label[31m
            [33mclass[31m=[32m"block text-sm font-medium mb-2 text-gray-700"[31m
            [33mfor[31m=[32m"password"[31m
          [36m>[31m
            [0mContrase├▒a[0m
            [0m [0m
            [36m<span[31m
              [33mclass[31m=[32m"text-primary-600"[31m
            [36m>[31m
              [0m*[0m
            [36m</span>[31m
          [36m</label>[31m
          [36m<div[31m
            [33mclass[31m=[32m"relative"[31m
          [36m>[31m
            [36m<input[31m
              [33mautocomplete[31m=[32m"current-password"[31m
              [33mclass[31m=[32m"
            w-full px-4 py-3 rounded-md border 
            border-gray-300 focus:border-primary-500 focus:ring focus:ring-primary-200
            focus:outline-none transition duration-200
            
          "[31m
              [33mid[31m=[32m"password"[31m
              [33mname[31m=[32m"password"[31m
              [33mplaceholder[31m=[32m"ÔÇóÔÇóÔÇóÔÇóÔÇóÔÇóÔÇóÔÇó"[31m
              [33mtype[31m=[32m"password"[31m
              [33mvalue[31m=[32m"wrongpassword"[31m
            [36m/>[31m
          [36m</div>[31m
        [36m</div>[31m
        [36m<div[31m
          [33mclass[31m=[32m"flex justify-end"[31m
        [36m>[31m
          [36m<a[31m
            [33mclass[31m=[32m"text-sm text-primary-600 hover:text-primary-700 transition-colors"[31m
            [33mhref[31m=[32m"/forgot-password"[31m
          [36m>[31m
            [0m┬┐Olvidaste tu contrase├▒a?[0m
          [36m</a>[31m
        [36m</div>[31m
        [36m<div[31m
          [33mclass[31m=[32m"pt-2"[31m
        [36m>[31m
          [36m<button[31m
            [33mclass[31m=[32m"w-full flex justify-center items-center bg-primary-600 hover:bg-primary-700 text-white py-3 px-4 rounded-md transition duration-200 font-medium focus:outline-none focus:ring-2 focus:ring-primary-500 focus:ring-offset-2 disabled:opacity-70"[31m
            [33mtype[31m=[32m"submit"[31m
          [36m>[31m
            [0mIniciar sesi├│n[0m
          [36m</button>[31m
        [36m</div>[31m
      [36m</form>[31m
    [36m</div>[31m
  [36m</body>[31m
[36m</html>[31m[39m
 [31m├ù[39m src/tests/components/auth/LoginForm.test.tsx[2m > [22mLoginForm[2m > [22mtoggles password visibility
[31m   ÔåÆ Unable to find an accessible element with the role "button" and name `/toggle password visibility/i`

Here are the accessible roles:

  textbox:

  Name "Correo electr├│nico *":
  [36m<input[31m
    [33mautocomplete[31m=[32m"email"[31m
    [33mclass[31m=[32m"
              w-full px-4 py-3 rounded-md border 
              border-gray-300 focus:border-primary-500 focus:ring focus:ring-primary-200
              focus:outline-none transition duration-200
              
            "[31m
    [33mid[31m=[32m"email"[31m
    [33mname[31m=[32m"email"[31m
    [33mplaceholder[31m=[32m"tu@email.com"[31m
    [33mtype[31m=[32m"email"[31m
    [33mvalue[31m=[32m""[31m
  [36m/>[31m

  --------------------------------------------------
  link:

  Name "┬┐Olvidaste tu contrase├▒a?":
  [36m<a[31m
    [33mclass[31m=[32m"text-sm text-primary-600 hover:text-primary-700 transition-colors"[31m
    [33mhref[31m=[32m"/forgot-password"[31m
  [36m/>[31m

  --------------------------------------------------
  button:

  Name "Iniciar sesi├│n":
  [36m<button[31m
    [33mclass[31m=[32m"w-full flex justify-center items-center bg-primary-600 hover:bg-primary-700 text-white py-3 px-4 rounded-md transition duration-200 font-medium focus:outline-none focus:ring-2 focus:ring-primary-500 focus:ring-offset-2 disabled:opacity-70"[31m
    [33mtype[31m=[32m"submit"[31m
  [36m/>[31m

  --------------------------------------------------

Ignored nodes: comments, script, style
[36m<body>[31m
  [36m<div>[31m
    [36m<form[31m
      [33maction[31m=[32m"#"[31m
      [33mclass[31m=[32m"space-y-4"[31m
    [36m>[31m
      [36m<div[31m
        [33mclass[31m=[32m"mb-4"[31m
      [36m>[31m
        [36m<label[31m
          [33mclass[31m=[32m"block text-sm font-medium mb-2 text-gray-700"[31m
          [33mfor[31m=[32m"email"[31m
        [36m>[31m
          [0mCorreo electr├│nico[0m
          [0m [0m
          [36m<span[31m
            [33mclass[31m=[32m"text-primary-600"[31m
          [36m>[31m
            [0m*[0m
          [36m</span>[31m
        [36m</label>[31m
        [36m<div[31m
          [33mclass[31m=[32m"relative"[31m
        [36m>[31m
          [36m<input[31m
            [33mautocomplete[31m=[32m"email"[31m
            [33mclass[31m=[32m"
            w-full px-4 py-3 rounded-md border 
            border-gray-300 focus:border-primary-500 focus:ring focus:ring-primary-200
            focus:outline-none transition duration-200
            
          "[31m
            [33mid[31m=[32m"email"[31m
            [33mname[31m=[32m"email"[31m
            [33mplaceholder[31m=[32m"tu@email.com"[31m
            [33mtype[31m=[32m"email"[31m
            [33mvalue[31m=[32m""[31m
          [36m/>[31m
        [36m</div>[31m
      [36m</div>[31m
      [36m<div[31m
        [33mclass[31m=[32m"mb-4"[31m
      [36m>[31m
        [36m<label[31m
          [33mclass[31m=[32m"block text-sm font-medium mb-2 text-gray-700"[31m
          [33mfor[31m=[32m"password"[31m
        [36m>[31m
          [0mContrase├▒a[0m
          [0m [0m
          [36m<span[31m
            [33mclass[31m=[32m"text-primary-600"[31m
          [36m>[31m
            [0m*[0m
          [36m</span>[31m
        [36m</label>[31m
        [36m<div[31m
          [33mclass[31m=[32m"relative"[31m
        [36m>[31m
          [36m<input[31m
            [33mautocomplete[31m=[32m"current-password"[31m
            [33mclass[31m=[32m"
            w-full px-4 py-3 rounded-md border 
            border-gray-300 focus:border-primary-500 focus:ring focus:ring-primary-200
            focus:outline-none transition duration-200
            
          "[31m
            [33mid[31m=[32m"password"[31m
            [33mname[31m=[32m"password"[31m
            [33mplaceholder[31m=[32m"ÔÇóÔÇóÔÇóÔÇóÔÇóÔÇóÔÇóÔÇó"[31m
            [33mtype[31m=[32m"password"[31m
            [33mvalue[31m=[32m""[31m
          [36m/>[31m
        [36m</div>[31m
      [36m</div>[31m
      [36m<div[31m
        [33mclass[31m=[32m"flex justify-end"[31m
      [36m>[31m
        [36m<a[31m
          [33mclass[31m=[32m"text-sm text-primary-600 hover:text-primary-700 transition-colors"[31m
          [33mhref[31m=[32m"/forgot-password"[31m
        [36m>[31m
          [0m┬┐Olvidaste tu contrase├▒a?[0m
        [36m</a>[31m
      [36m</div>[31m
      [36m<div[31m
        [33mclass[31m=[32m"pt-2"[31m
      [36m>[31m
        [36m<button[31m
          [33mclass[31m=[32m"w-full flex justify-center items-center bg-primary-600 hover:bg-primary-700 text-white py-3 px-4 rounded-md transition duration-200 font-medium focus:outline-none focus:ring-2 focus:ring-primary-500 focus:ring-offset-2 disabled:opacity-70"[31m
          [33mtype[31m=[32m"submit"[31m
        [36m>[31m
          [0mIniciar sesi├│n[0m
        [36m</button>[31m
      [36m</div>[31m
    [36m</form>[31m
  [36m</div>[31m
[36m</body>[31m[39m
 [32mÔ£ô[39m src/tests/components/auth/LoginForm.test.tsx[2m > [22mLoginForm[2m > [22mnavigates to register page when clicking sign up link
 [31m├ù[39m src/tests/integration/CourseFlow.test.tsx[2m > [22mCourse Flow Integration[2m > [22mCourse Detail View[2m > [22mdisplays complete course information[33m 1013[2mms[22m[39m
[31m   ÔåÆ Unable to find an element with the text: Complete React Course. This could be because the text is broken up by multiple elements. In this case, you can provide a function for your text matcher to make your matcher more flexible.

Ignored nodes: comments, script, style
[36m<body>[31m
  [36m<div>[31m
    [36m<div[31m
      [33mclass[31m=[32m"max-w-md mx-auto text-center py-12 px-4"[31m
    [36m>[31m
      [36m<div[31m
        [33mclass[31m=[32m"flex justify-center mb-6"[31m
      [36m>[31m
        [36m<svg[31m
          [33mclass[31m=[32m"w-16 h-16 text-red-400"[31m
          [33mfill[31m=[32m"none"[31m
          [33mheight[31m=[32m"24"[31m
          [33mstroke[31m=[32m"currentColor"[31m
          [33mstroke-linecap[31m=[32m"round"[31m
          [33mstroke-linejoin[31m=[32m"round"[31m
          [33mstroke-width[31m=[32m"2"[31m
          [33mviewBox[31m=[32m"0 0 24 24"[31m
          [33mwidth[31m=[32m"24"[31m
          [33mxmlns[31m=[32m"http://www.w3.org/2000/svg"[31m
        [36m>[31m
          [36m<path[31m
            [33md[31m=[32m"m21.73 18-8-14a2 2 0 0 0-3.48 0l-8 14A2 2 0 0 0 4 21h16a2 2 0 0 0 1.73-3Z"[31m
          [36m/>[31m
          [36m<path[31m
            [33md[31m=[32m"M12 9v4"[31m
          [36m/>[31m
          [36m<path[31m
            [33md[31m=[32m"M12 17h.01"[31m
          [36m/>[31m
        [36m</svg>[31m
      [36m</div>[31m
      [36m<h2[31m
        [33mclass[31m=[32m"text-2xl font-bold text-gray-900 mb-4"[31m
      [36m>[31m
        [0mCurso no v├ílido[0m
      [36m</h2>[31m
      [36m<p[31m
        [33mclass[31m=[32m"text-gray-600 mb-2"[31m
      [36m>[31m
        [0mLa URL del curso no es v├ílida.[0m
      [36m</p>[31m
      [36m<p[31m
        [33mclass[31m=[32m"text-sm text-gray-400 mb-8"[31m
      [36m>[31m
        [0mError: [0m
        [0mID de curso no v├ílido[0m
      [36m</p>[31m
      [36m<div[31m
        [33mclass[31m=[32m"space-y-3"[31m
      [36m>[31m
        [36m<div[31m
          [33mclass[31m=[32m"flex space-x-3"[31m
        [36m>[31m
          [36m<button[31m
            [33mclass[31m=[32m"flex-1 inline-flex items-center justify-center px-4 py-2 bg-gray-100 text-gray-700 font-medium rounded-lg hover:bg-gray-200 focus:outline-none focus:ring-2 focus:ring-gray-500 focus:ring-offset-2 transition-colors duration-200"[31m
          [36m>[31m
            [36m<svg[31m
              [33mclass[31m=[32m"w-5 h-5 mr-2"[31m
              [33mfill[31m=[32m"none"[31m
              [33mheight[31m=[32m"24"[31m
              [33mstroke[31m=[32m"currentColor"[31m
              [33mstroke-linecap[31m=[32m"round"[31m
              [33mstroke-linejoin[31m=[32m"round"[31m
              [33mstroke-width[31m=[32m"2"[31m
              [33mviewBox[31m=[32m"0 0 24 24"[31m
              [33mwidth[31m=[32m"24"[31m
              [33mxmlns[31m=[32m"http://www.w3.org/2000/svg"[31m
            [36m>[31m
              [36m<path[31m
                [33md[31m=[32m"m3 9 9-7 9 7v11a2 2 0 0 1-2 2H5a2 2 0 0 1-2-2z"[31m
              [36m/>[31m
              [36m<polyline[31m
                [33mpoints[31m=[32m"9 22 9 12 15 12 15 22"[31m
              [36m/>[31m
            [36m</svg>[31m
            [0mInicio[0m
          [36m</button>[31m
        [36m</div>[31m
      [36m</div>[31m
    [36m</div>[31m
  [36m</div>[31m
[36m</body>[31m

Ignored nodes: comments, script, style
[36m<html>[31m
  [36m<head />[31m
  [36m<body>[31m
    [36m<div>[31m
      [36m<div[31m
        [33mclass[31m=[32m"max-w-md mx-auto text-center py-12 px-4"[31m
      [36m>[31m
        [36m<div[31m
          [33mclass[31m=[32m"flex justify-center mb-6"[31m
        [36m>[31m
          [36m<svg[31m
            [33mclass[31m=[32m"w-16 h-16 text-red-400"[31m
            [33mfill[31m=[32m"none"[31m
            [33mheight[31m=[32m"24"[31m
            [33mstroke[31m=[32m"currentColor"[31m
            [33mstroke-linecap[31m=[32m"round"[31m
            [33mstroke-linejoin[31m=[32m"round"[31m
            [33mstroke-width[31m=[32m"2"[31m
            [33mviewBox[31m=[32m"0 0 24 24"[31m
            [33mwidth[31m=[32m"24"[31m
            [33mxmlns[31m=[32m"http://www.w3.org/2000/svg"[31m
          [36m>[31m
            [36m<path[31m
              [33md[31m=[32m"m21.73 18-8-14a2 2 0 0 0-3.48 0l-8 14A2 2 0 0 0 4 21h16a2 2 0 0 0 1.73-3Z"[31m
            [36m/>[31m
            [36m<path[31m
              [33md[31m=[32m"M12 9v4"[31m
            [36m/>[31m
            [36m<path[31m
              [33md[31m=[32m"M12 17h.01"[31m
            [36m/>[31m
          [36m</svg>[31m
        [36m</div>[31m
        [36m<h2[31m
          [33mclass[31m=[32m"text-2xl font-bold text-gray-900 mb-4"[31m
        [36m>[31m
          [0mCurso no v├ílido[0m
        [36m</h2>[31m
        [36m<p[31m
          [33mclass[31m=[32m"text-gray-600 mb-2"[31m
        [36m>[31m
          [0mLa URL del curso no es v├ílida.[0m
        [36m</p>[31m
        [36m<p[31m
          [33mclass[31m=[32m"text-sm text-gray-400 mb-8"[31m
        [36m>[31m
          [0mError: [0m
          [0mID de curso no v├ílido[0m
        [36m</p>[31m
        [36m<div[31m
          [33mclass[31m=[32m"space-y-3"[31m
        [36m>[31m
          [36m<div[31m
            [33mclass[31m=[32m"flex space-x-3"[31m
          [36m>[31m
            [36m<button[31m
              [33mclass[31m=[32m"flex-1 inline-flex items-center justify-center px-4 py-2 bg-gray-100 text-gray-700 font-medium rounded-lg hover:bg-gray-200 focus:outline-none focus:ring-2 focus:ring-gray-500 focus:ring-offset-2 transition-colors duration-200"[31m
            [36m>[31m
              [36m<svg[31m
                [33mclass[31m=[32m"w-5 h-5 mr-2"[31m
                [33mfill[31m=[32m"none"[31m
                [33mheight[31m=[32m"24"[31m
                [33mstroke[31m=[32m"currentColor"[31m
                [33mstroke-linecap[31m=[32m"round"[31m
                [33mstroke-linejoin[31m=[32m"round"[31m
                [33mstroke-width[31m=[32m"2"[31m
                [33mviewBox[31m=[32m"0 0 24 24"[31m
                [33mwidth[31m=[32m"24"[31m
                [33mxmlns[31m=[32m"http://www.w3.org/2000/svg"[31m
              [36m>[31m
                [36m<path[31m
                  [33md[31m=[32m"m3 9 9-7 9 7v11a2 2 0 0 1-2 2H5a2 2 0 0 1-2-2z"[31m
                [36m/>[31m
                [36m<polyline[31m
                  [33mpoints[31m=[32m"9 22 9 12 15 12 15 22"[31m
                [36m/>[31m
              [36m</svg>[31m
              [0mInicio[0m
            [36m</button>[31m
          [36m</div>[31m
        [36m</div>[31m
      [36m</div>[31m
    [36m</div>[31m
  [36m</body>[31m
[36m</html>[31m[39m
 [31m├ù[39m src/tests/integration/CourseFlow.test.tsx[2m > [22mCourse Flow Integration[2m > [22mCourse Detail View[2m > [22mhandles enrollment process[33m 1013[2mms[22m[39m
[31m   ÔåÆ Unable to find an element with the text: Complete React Course. This could be because the text is broken up by multiple elements. In this case, you can provide a function for your text matcher to make your matcher more flexible.

Ignored nodes: comments, script, style
[36m<body>[31m
  [36m<div>[31m
    [36m<div[31m
      [33mclass[31m=[32m"max-w-md mx-auto text-center py-12 px-4"[31m
    [36m>[31m
      [36m<div[31m
        [33mclass[31m=[32m"flex justify-center mb-6"[31m
      [36m>[31m
        [36m<svg[31m
          [33mclass[31m=[32m"w-16 h-16 text-red-400"[31m
          [33mfill[31m=[32m"none"[31m
          [33mheight[31m=[32m"24"[31m
          [33mstroke[31m=[32m"currentColor"[31m
          [33mstroke-linecap[31m=[32m"round"[31m
          [33mstroke-linejoin[31m=[32m"round"[31m
          [33mstroke-width[31m=[32m"2"[31m
          [33mviewBox[31m=[32m"0 0 24 24"[31m
          [33mwidth[31m=[32m"24"[31m
          [33mxmlns[31m=[32m"http://www.w3.org/2000/svg"[31m
        [36m>[31m
          [36m<path[31m
            [33md[31m=[32m"m21.73 18-8-14a2 2 0 0 0-3.48 0l-8 14A2 2 0 0 0 4 21h16a2 2 0 0 0 1.73-3Z"[31m
          [36m/>[31m
          [36m<path[31m
            [33md[31m=[32m"M12 9v4"[31m
          [36m/>[31m
          [36m<path[31m
            [33md[31m=[32m"M12 17h.01"[31m
          [36m/>[31m
        [36m</svg>[31m
      [36m</div>[31m
      [36m<h2[31m
        [33mclass[31m=[32m"text-2xl font-bold text-gray-900 mb-4"[31m
      [36m>[31m
        [0mCurso no v├ílido[0m
      [36m</h2>[31m
      [36m<p[31m
        [33mclass[31m=[32m"text-gray-600 mb-2"[31m
      [36m>[31m
        [0mLa URL del curso no es v├ílida.[0m
      [36m</p>[31m
      [36m<p[31m
        [33mclass[31m=[32m"text-sm text-gray-400 mb-8"[31m
      [36m>[31m
        [0mError: [0m
        [0mID de curso no v├ílido[0m
      [36m</p>[31m
      [36m<div[31m
        [33mclass[31m=[32m"space-y-3"[31m
      [36m>[31m
        [36m<div[31m
          [33mclass[31m=[32m"flex space-x-3"[31m
        [36m>[31m
          [36m<button[31m
            [33mclass[31m=[32m"flex-1 inline-flex items-center justify-center px-4 py-2 bg-gray-100 text-gray-700 font-medium rounded-lg hover:bg-gray-200 focus:outline-none focus:ring-2 focus:ring-gray-500 focus:ring-offset-2 transition-colors duration-200"[31m
          [36m>[31m
            [36m<svg[31m
              [33mclass[31m=[32m"w-5 h-5 mr-2"[31m
              [33mfill[31m=[32m"none"[31m
              [33mheight[31m=[32m"24"[31m
              [33mstroke[31m=[32m"currentColor"[31m
              [33mstroke-linecap[31m=[32m"round"[31m
              [33mstroke-linejoin[31m=[32m"round"[31m
              [33mstroke-width[31m=[32m"2"[31m
              [33mviewBox[31m=[32m"0 0 24 24"[31m
              [33mwidth[31m=[32m"24"[31m
              [33mxmlns[31m=[32m"http://www.w3.org/2000/svg"[31m
            [36m>[31m
              [36m<path[31m
                [33md[31m=[32m"m3 9 9-7 9 7v11a2 2 0 0 1-2 2H5a2 2 0 0 1-2-2z"[31m
              [36m/>[31m
              [36m<polyline[31m
                [33mpoints[31m=[32m"9 22 9 12 15 12 15 22"[31m
              [36m/>[31m
            [36m</svg>[31m
            [0mInicio[0m
          [36m</button>[31m
        [36m</div>[31m
      [36m</div>[31m
    [36m</div>[31m
  [36m</div>[31m
[36m</body>[31m

Ignored nodes: comments, script, style
[36m<html>[31m
  [36m<head />[31m
  [36m<body>[31m
    [36m<div>[31m
      [36m<div[31m
        [33mclass[31m=[32m"max-w-md mx-auto text-center py-12 px-4"[31m
      [36m>[31m
        [36m<div[31m
          [33mclass[31m=[32m"flex justify-center mb-6"[31m
        [36m>[31m
          [36m<svg[31m
            [33mclass[31m=[32m"w-16 h-16 text-red-400"[31m
            [33mfill[31m=[32m"none"[31m
            [33mheight[31m=[32m"24"[31m
            [33mstroke[31m=[32m"currentColor"[31m
            [33mstroke-linecap[31m=[32m"round"[31m
            [33mstroke-linejoin[31m=[32m"round"[31m
            [33mstroke-width[31m=[32m"2"[31m
            [33mviewBox[31m=[32m"0 0 24 24"[31m
            [33mwidth[31m=[32m"24"[31m
            [33mxmlns[31m=[32m"http://www.w3.org/2000/svg"[31m
          [36m>[31m
            [36m<path[31m
              [33md[31m=[32m"m21.73 18-8-14a2 2 0 0 0-3.48 0l-8 14A2 2 0 0 0 4 21h16a2 2 0 0 0 1.73-3Z"[31m
            [36m/>[31m
            [36m<path[31m
              [33md[31m=[32m"M12 9v4"[31m
            [36m/>[31m
            [36m<path[31m
              [33md[31m=[32m"M12 17h.01"[31m
            [36m/>[31m
          [36m</svg>[31m
        [36m</div>[31m
        [36m<h2[31m
          [33mclass[31m=[32m"text-2xl font-bold text-gray-900 mb-4"[31m
        [36m>[31m
          [0mCurso no v├ílido[0m
        [36m</h2>[31m
        [36m<p[31m
          [33mclass[31m=[32m"text-gray-600 mb-2"[31m
        [36m>[31m
          [0mLa URL del curso no es v├ílida.[0m
        [36m</p>[31m
        [36m<p[31m
          [33mclass[31m=[32m"text-sm text-gray-400 mb-8"[31m
        [36m>[31m
          [0mError: [0m
          [0mID de curso no v├ílido[0m
        [36m</p>[31m
        [36m<div[31m
          [33mclass[31m=[32m"space-y-3"[31m
        [36m>[31m
          [36m<div[31m
            [33mclass[31m=[32m"flex space-x-3"[31m
          [36m>[31m
            [36m<button[31m
              [33mclass[31m=[32m"flex-1 inline-flex items-center justify-center px-4 py-2 bg-gray-100 text-gray-700 font-medium rounded-lg hover:bg-gray-200 focus:outline-none focus:ring-2 focus:ring-gray-500 focus:ring-offset-2 transition-colors duration-200"[31m
            [36m>[31m
              [36m<svg[31m
                [33mclass[31m=[32m"w-5 h-5 mr-2"[31m
                [33mfill[31m=[32m"none"[31m
                [33mheight[31m=[32m"24"[31m
                [33mstroke[31m=[32m"currentColor"[31m
                [33mstroke-linecap[31m=[32m"round"[31m
                [33mstroke-linejoin[31m=[32m"round"[31m
                [33mstroke-width[31m=[32m"2"[31m
                [33mviewBox[31m=[32m"0 0 24 24"[31m
                [33mwidth[31m=[32m"24"[31m
                [33mxmlns[31m=[32m"http://www.w3.org/2000/svg"[31m
              [36m>[31m
                [36m<path[31m
                  [33md[31m=[32m"m3 9 9-7 9 7v11a2 2 0 0 1-2 2H5a2 2 0 0 1-2-2z"[31m
                [36m/>[31m
                [36m<polyline[31m
                  [33mpoints[31m=[32m"9 22 9 12 15 12 15 22"[31m
                [36m/>[31m
              [36m</svg>[31m
              [0mInicio[0m
            [36m</button>[31m
          [36m</div>[31m
        [36m</div>[31m
      [36m</div>[31m
    [36m</div>[31m
  [36m</body>[31m
[36m</html>[31m[39m
 [31m├ù[39m src/tests/integration/CourseFlow.test.tsx[2m > [22mCourse Flow Integration[2m > [22mError Handling[2m > [22mhandles course not found gracefully[33m 1008[2mms[22m[39m
[31m   ÔåÆ Unable to find an element with the text: /course not found/i. This could be because the text is broken up by multiple elements. In this case, you can provide a function for your text matcher to make your matcher more flexible.

Ignored nodes: comments, script, style
[36m<body>[31m
  [36m<div>[31m
    [36m<div[31m
      [33mclass[31m=[32m"max-w-md mx-auto text-center py-12 px-4"[31m
    [36m>[31m
      [36m<div[31m
        [33mclass[31m=[32m"flex justify-center mb-6"[31m
      [36m>[31m
        [36m<svg[31m
          [33mclass[31m=[32m"w-16 h-16 text-red-400"[31m
          [33mfill[31m=[32m"none"[31m
          [33mheight[31m=[32m"24"[31m
          [33mstroke[31m=[32m"currentColor"[31m
          [33mstroke-linecap[31m=[32m"round"[31m
          [33mstroke-linejoin[31m=[32m"round"[31m
          [33mstroke-width[31m=[32m"2"[31m
          [33mviewBox[31m=[32m"0 0 24 24"[31m
          [33mwidth[31m=[32m"24"[31m
          [33mxmlns[31m=[32m"http://www.w3.org/2000/svg"[31m
        [36m>[31m
          [36m<path[31m
            [33md[31m=[32m"m21.73 18-8-14a2 2 0 0 0-3.48 0l-8 14A2 2 0 0 0 4 21h16a2 2 0 0 0 1.73-3Z"[31m
          [36m/>[31m
          [36m<path[31m
            [33md[31m=[32m"M12 9v4"[31m
          [36m/>[31m
          [36m<path[31m
            [33md[31m=[32m"M12 17h.01"[31m
          [36m/>[31m
        [36m</svg>[31m
      [36m</div>[31m
      [36m<h2[31m
        [33mclass[31m=[32m"text-2xl font-bold text-gray-900 mb-4"[31m
      [36m>[31m
        [0mCurso no v├ílido[0m
      [36m</h2>[31m
      [36m<p[31m
        [33mclass[31m=[32m"text-gray-600 mb-2"[31m
      [36m>[31m
        [0mLa URL del curso no es v├ílida.[0m
      [36m</p>[31m
      [36m<p[31m
        [33mclass[31m=[32m"text-sm text-gray-400 mb-8"[31m
      [36m>[31m
        [0mError: [0m
        [0mID de curso no v├ílido[0m
      [36m</p>[31m
      [36m<div[31m
        [33mclass[31m=[32m"space-y-3"[31m
      [36m>[31m
        [36m<div[31m
          [33mclass[31m=[32m"flex space-x-3"[31m
        [36m>[31m
          [36m<button[31m
            [33mclass[31m=[32m"flex-1 inline-flex items-center justify-center px-4 py-2 bg-gray-100 text-gray-700 font-medium rounded-lg hover:bg-gray-200 focus:outline-none focus:ring-2 focus:ring-gray-500 focus:ring-offset-2 transition-colors duration-200"[31m
          [36m>[31m
            [36m<svg[31m
              [33mclass[31m=[32m"w-5 h-5 mr-2"[31m
              [33mfill[31m=[32m"none"[31m
              [33mheight[31m=[32m"24"[31m
              [33mstroke[31m=[32m"currentColor"[31m
              [33mstroke-linecap[31m=[32m"round"[31m
              [33mstroke-linejoin[31m=[32m"round"[31m
              [33mstroke-width[31m=[32m"2"[31m
              [33mviewBox[31m=[32m"0 0 24 24"[31m
              [33mwidth[31m=[32m"24"[31m
              [33mxmlns[31m=[32m"http://www.w3.org/2000/svg"[31m
            [36m>[31m
              [36m<path[31m
                [33md[31m=[32m"m3 9 9-7 9 7v11a2 2 0 0 1-2 2H5a2 2 0 0 1-2-2z"[31m
              [36m/>[31m
              [36m<polyline[31m
                [33mpoints[31m=[32m"9 22 9 12 15 12 15 22"[31m
              [36m/>[31m
            [36m</svg>[31m
            [0mInicio[0m
          [36m</button>[31m
        [36m</div>[31m
      [36m</div>[31m
    [36m</div>[31m
  [36m</div>[31m
[36m</body>[31m

Ignored nodes: comments, script, style
[36m<html>[31m
  [36m<head />[31m
  [36m<body>[31m
    [36m<div>[31m
      [36m<div[31m
[90mstderr[2m | src/tests/integration/CourseFlow.test.tsx[2m > [22m[2mCourse 
Flow Integration[2m > [22m[2mError Handling[2m > [22m[2mhandles network 
errors in course listing[22m[39m
Error fetching available courses: Error: Network Error
    at createError [90m(C:\Users\Asus\Documents\stegmaier-landing\frontend\[39mn
ode_modules\[4maxios[24m\lib\core\createError.js:16:15[90m)[39m
    at XMLHttpRequest.handleError [90m(C:\Users\Asus\Documents\stegmaier-landing\
frontend\[39mnode_modules\[4maxios[24m\lib\adapters\xhr.js:117:14[90m)[39m
    at XMLHttpRequest.methodCall [90m(file:///C:/Users/Asus/Documents/stegmaier-l
anding/frontend/[39mnode_modules/[4m@mswjs[24m/interceptors/src/interceptors/XM
LHttpRequest/XMLHttpRequestController.ts:207:20[90m)[39m
    at Proxy.<anonymous> [90m(file:///C:/Users/Asus/Documents/stegmaier-landing/f
rontend/[39mnode_modules/[4m@mswjs[24m/interceptors/src/utils/createProxy.ts:93
:29[90m)[39m
    at XMLHttpRequestController.trigger [90m(file:///C:/Users/Asus/Documents/steg
maier-landing/frontend/[39mnode_modules/[4m@mswjs[24m/interceptors/src/intercep
tors/XMLHttpRequest/XMLHttpRequestController.ts:631:16[90m)[39m
    at XMLHttpRequestController.errorWith [90m(file:///C:/Users/Asus/Documents/st
egmaier-landing/frontend/[39mnode_modules/[4m@mswjs[24m/interceptors/src/interc
eptors/XMLHttpRequest/XMLHttpRequestController.ts:581:10[90m)[39m
    at Object.onRequestError [90m(file:///C:/Users/Asus/Documents/stegmaier-landi
ng/frontend/[39mnode_modules/[4m@mswjs[24m/interceptors/src/interceptors/XMLHtt
pRequest/XMLHttpRequestProxy.ts:73:18[90m)[39m
    at handleResponse [90m(file:///C:/Users/Asus/Documents/stegmaier-landing/fron
tend/[39mnode_modules/[4m@mswjs[24m/interceptors/src/utils/handleRequest.ts:58:
15[90m)[39m
    at handleRequest [90m(file:///C:/Users/Asus/Documents/stegmaier-landing/front
end/[39mnode_modules/[4m@mswjs[24m/interceptors/src/utils/handleRequest.ts:230:
12[90m)[39m
    at XMLHttpRequestController.xhrRequestController.onRequest [90m(file:///C:/Us
ers/Asus/Documents/stegmaier-landing/frontend/[39mnode_modules/[4m@mswjs[24m/in
terceptors/src/interceptors/XMLHttpRequest/XMLHttpRequestProxy.ts:64:34[90m)[39m
 {
  config: {
    transitional: {
      silentJSONParsing: [33mtrue[39m,
      forcedJSONParsing: [33mtrue[39m,
      clarifyTimeoutError: [33mfalse[39m
    },
    adapter: [36m[Function: xhrAdapter][39m,
    transformRequest: [ [36m[Function: transformRequest][39m ],
    transformResponse: [ [36m[Function: transformResponse][39m ],
    timeout: [33m0[39m,
    xsrfCookieName: [32m'XSRF-TOKEN'[39m,
    xsrfHeaderName: [32m'X-XSRF-TOKEN'[39m,
    maxContentLength: [33m-1[39m,
    maxBodyLength: [33m-1[39m,
    validateStatus: [36m[Function: validateStatus][39m,
    headers: {
      Accept: [32m'application/json, text/plain, */*'[39m,
      Authorization: [32m''[39m,
      [32m'Cache-Control'[39m: [32m'no-cache'[39m,
      Pragma: [32m'no-cache'[39m,
      Expires: [32m'0'[39m
    },
    params: { page: [33m1[39m, limit: [33m10[39m },
    method: [32m'get'[39m,
    url: [32m'http://localhost:8000/api/v1/courses/available'[39m,
    data: [90mundefined[39m
  },
  request: XMLHttpRequest {
    open: [36m[Function: open][39m,
    setRequestHeader: [36m[Function: setRequestHeader][39m,
    send: [36m[Function: send][39m,
    abort: [36m[Function: abort][39m,
    getResponseHeader: [36m[Function: getResponseHeader][39m,
    getAllResponseHeaders: [36m[Function: getAllResponseHeaders][39m,
    overrideMimeType: [36m[Function: overrideMimeType][39m,
    onreadystatechange: [36m[Getter/Setter][39m,
    readyState: [33m4[39m,
    timeout: [36m[Getter/Setter][39m,
    withCredentials: [36m[Getter/Setter][39m,
    upload: XMLHttpRequestUpload {},
    responseURL: [36m[Getter][39m,
    status: [36m[Getter][39m,
    statusText: [36m[Getter][39m,
    responseType: [36m[Getter/Setter][39m,
    response: [36m[Getter][39m,
    responseText: [36m[Getter][39m,
    responseXML: [36m[Getter][39m,
    UNSENT: [33m0[39m,
    OPENED: [33m1[39m,
    HEADERS_RECEIVED: [33m2[39m,
    LOADING: [33m3[39m,
    DONE: [33m4[39m,
    [[32mSymbol(SameObject caches)[39m]: [Object: null prototype] { upload: 
XMLHttpRequestUpload {} }
  },
  response: [90mundefined[39m,
  isAxiosError: [33mtrue[39m,
  toJSON: [36m[Function: toJSON][39m
}
ÔØî [CoursesPage] Error loading courses: Error: Error al obtener cursos 
disponibles
    at CourseService.getAvailableCourses [90m(C:\Users\Asus\Documents\stegmaier-l
anding\frontend\[39msrc\services\courseService.ts:100:13[90m)[39m
    at fetchCourses [90m(C:\Users\Asus\Documents\stegmaier-landing\frontend\[39m
src\pages\platform\CoursesPage.tsx:37:26[90m)[39m

        [33mclass[31m=[32m"max-w-md mx-auto text-center py-12 px-4"[31m
      [36m>[31m
        [36m<div[31m
          [33mclass[31m=[32m"flex justify-center mb-6"[31m
        [36m>[31m
          [36m<svg[31m
            [33mclass[31m=[32m"w-16 h-16 text-red-400"[31m
            [33mfill[31m=[32m"none"[31m
            [33mheight[31m=[32m"24"[31m
            [33mstroke[31m=[32m"currentColor"[31m
            [33mstroke-linecap[31m=[32m"round"[31m
            [33mstroke-linejoin[31m=[32m"round"[31m
            [33mstroke-width[31m=[32m"2"[31m
            [33mviewBox[31m=[32m"0 0 24 24"[31m
            [33mwidth[31m=[32m"24"[31m
            [33mxmlns[31m=[32m"http://www.w3.org/2000/svg"[31m
          [36m>[31m
            [36m<path[31m
              [33md[31m=[32m"m21.73 18-8-14a2 2 0 0 0-3.48 0l-8 14A2 2 0 0 0 4 21h16a2 2 0 0 0 1.73-3Z"[31m
            [36m/>[31m
            [36m<path[31m
              [33md[31m=[32m"M12 9v4"[31m
            [36m/>[31m
            [36m<path[31m
              [33md[31m=[32m"M12 17h.01"[31m
            [36m/>[31m
          [36m</svg>[31m
        [36m</div>[31m
        [36m<h2[31m
          [33mclass[31m=[32m"text-2xl font-bold text-gray-900 mb-4"[31m
        [36m>[31m
          [0mCurso no v├ílido[0m
        [36m</h2>[31m
        [36m<p[31m
          [33mclass[31m=[32m"text-gray-600 mb-2"[31m
        [36m>[31m
          [0mLa URL del curso no es v├ílida.[0m
        [36m</p>[31m
        [36m<p[31m
          [33mclass[31m=[32m"text-sm text-gray-400 mb-8"[31m
        [36m>[31m
          [0mError: [0m
          [0mID de curso no v├ílido[0m
        [36m</p>[31m
        [36m<div[31m
          [33mclass[31m=[32m"space-y-3"[31m
        [36m>[31m
          [36m<div[31m
            [33mclass[31m=[32m"flex space-x-3"[31m
          [36m>[31m
            [36m<button[31m
              [33mclass[31m=[32m"flex-1 inline-flex items-center justify-center px-4 py-2 bg-gray-100 text-gray-700 font-medium rounded-lg hover:bg-gray-200 focus:outline-none focus:ring-2 focus:ring-gray-500 focus:ring-offset-2 transition-colors duration-200"[31m
            [36m>[31m
              [36m<svg[31m
                [33mclass[31m=[32m"w-5 h-5 mr-2"[31m
                [33mfill[31m=[32m"none"[31m
                [33mheight[31m=[32m"24"[31m
                [33mstroke[31m=[32m"currentColor"[31m
                [33mstroke-linecap[31m=[32m"round"[31m
                [33mstroke-linejoin[31m=[32m"round"[31m
[90mstderr[2m | src/tests/integration/CourseFlow.test.tsx[2m > [22m[2mCourse 
Flow Integration[2m > [22m[2mError Handling[2m > [22m[2mhandles network 
errors in course listing[22m[39m
<empty line>
                [33mstroke-width[31m=[32m"2"[31m
                [33mviewBox[31m=[32m"0 0 24 24"[31m
                [33mwidth[31m=[32m"24"[31m
                [33mxmlns[31m=[32m"http://www.w3.org/2000/svg"[31m
              [36m>[31m
                [36m<path[31m
                  [33md[31m=[32m"m3 9 9-7 9 7v11a2 2 0 0 1-2 2H5a2 2 0 0 1-2-2z"[31m
                [36m/>[31m
                [36m<polyline[31m
                  [33mpoints[31m=[32m"9 22 9 12 15 12 15 22"[31m
                [36m/>[31m
              [36m</svg>[31m
              [0mInicio[0m
            [36m</button>[31m
          [36m</div>[31m
        [36m</div>[31m
      [36m</div>[31m
    [36m</div>[31m
  [36m</body>[31m
[36m</html>[31m[39m
[90mstdout[2m | src/tests/integration/CourseFlow.test.tsx[2m > [22m[2mCourse Flow Integration[2m > [22m[2mError Handling[2m > [22m[2mhandles network errors in course listing[22m[39m
­ƒöä [CoursesPage] Component render - Loading: [33mtrue[39m Courses: [33m0[39m Error: None
­ƒöì [CoursesPage] All courses: []
­ƒöì [CoursesPage] Filtered courses: [33m0[39m []
­ƒöì [CoursesPage] Search query:  Category filter: all
­ƒöä [CoursesPage] Rendering loading state
­ƒÜÇ [CoursesPage] Starting to fetch courses...
­ƒöì [courseService] Calling getAvailableCourses with params: { page: [33m1[39m, limit: [33m10[39m }
­ƒÅü [CoursesPage] Loading finished
­ƒöä [CoursesPage] Component render - Loading: [33mfalse[39m Courses: [33m0[39m Error: Error al obtener cursos disponibles
­ƒöì [CoursesPage] All courses: []
­ƒöì [CoursesPage] Filtered courses: [33m0[39m []
­ƒöì [CoursesPage] Search query:  Category filter: all
ÔØî [CoursesPage] Rendering error state: Error al obtener cursos disponibles

[90mstdout[2m | src/tests/integration/CourseFlow.test.tsx[2m > [22m[2mCourse Flow Integration[2m > [22m[2mError Handling[2m > [22m[2mhandles network errors in course listing[22m[39m
­ƒöä [CoursesPage] Component render - Loading: [33mfalse[39m Courses: [33m0[39m Error: Error al obtener cursos disponibles
­ƒöì [CoursesPage] All courses: []
­ƒöì [CoursesPage] Filtered courses: [33m0[39m []
­ƒöì [CoursesPage] Search query:  Category filter: all
ÔØî [CoursesPage] Rendering error state: Error al obtener cursos disponibles

 [31m├ù[39m src/tests/integration/CourseFlow.test.tsx[2m > [22mCourse Flow Integration[2m > [22mError Handling[2m > [22mhandles network errors in course listing[33m 1009[2mms[22m[39m
[31m   ÔåÆ Unable to find an element with the text: /error loading courses/i. This could be because the text is broken up by multiple elements. In this case, you can provide a function for your text matcher to make your matcher more flexible.

Ignored nodes: comments, script, style
[36m<body>[31m
  [36m<div>[31m
    [36m<div[31m
      [33mclass[31m=[32m"text-center py-12"[31m
    [36m>[31m
      [36m<div[31m
        [33mclass[31m=[32m"bg-red-50 border border-red-200 rounded-lg p-6 max-w-md mx-auto"[31m
      [36m>[31m
        [36m<svg[31m
          [33mclass[31m=[32m"mx-auto h-12 w-12 text-red-400 mb-4"[31m
          [33mfill[31m=[32m"none"[31m
          [33mstroke[31m=[32m"currentColor"[31m
          [33mviewBox[31m=[32m"0 0 24 24"[31m
        [36m>[31m
          [36m<path[31m
            [33md[31m=[32m"M12 8v4m0 4h.01M21 12a9 9 0 11-18 0 9 9 0 0118 0z"[31m
            [33mstroke-linecap[31m=[32m"round"[31m
            [33mstroke-linejoin[31m=[32m"round"[31m
            [33mstroke-width[31m=[32m"2"[31m
          [36m/>[31m
        [36m</svg>[31m
        [36m<h3[31m
          [33mclass[31m=[32m"text-lg font-medium text-red-800 mb-2"[31m
        [36m>[31m
          [0mError al cargar cursos[0m
        [36m</h3>[31m
        [36m<p[31m
          [33mclass[31m=[32m"text-red-600 mb-4"[31m
        [36m>[31m
          [0mError al obtener cursos disponibles[0m
        [36m</p>[31m
        [36m<button[31m
          [33mclass[31m=[32m"bg-red-600 text-white px-4 py-2 rounded-md hover:bg-red-700 transition-colors"[31m
        [36m>[31m
          [0mReintentar[0m
        [36m</button>[31m
      [36m</div>[31m
    [36m</div>[31m
  [36m</div>[31m
[36m</body>[31m

Ignored nodes: comments, script, style
[36m<html>[31m
  [36m<head />[31m
  [36m<body>[31m
    [36m<div>[31m
      [36m<div[31m
        [33mclass[31m=[32m"text-center py-12"[31m
      [36m>[31m
        [36m<div[31m
          [33mclass[31m=[32m"bg-red-50 border border-red-200 rounded-lg p-6 max-w-md mx-auto"[31m
        [36m>[31m
          [36m<svg[31m
            [33mclass[31m=[32m"mx-auto h-12 w-12 text-red-400 mb-4"[31m
            [33mfill[31m=[32m"none"[31m
            [33mstroke[31m=[32m"currentColor"[31m
            [33mviewBox[31m=[32m"0 0 24 24"[31m
          [36m>[31m
            [36m<path[31m
              [33md[31m=[32m"M12 8v4m0 4h.01M21 12a9 9 0 11-18 0 9 9 0 0118 0z"[31m
              [33mstroke-linecap[31m=[32m"round"[31m
              [33mstroke-linejoin[31m=[32m"round"[31m
              [33mstroke-width[31m=[32m"2"[31m
            [36m/>[31m
          [36m</svg>[31m
          [36m<h3[31m
            [33mclass[31m=[32m"text-lg font-medium text-red-800 mb-2"[31m
          [36m>[31m
            [0mError al cargar cursos[0m
          [36m</h3>[31m
          [36m<p[31m
            [33mclass[31m=[32m"text-red-600 mb-4"[31m
          [36m>[31m
            [0mError al obtener cursos disponibles[0m
          [36m</p>[31m
          [36m<button[31m
            [33mclass[31m=[32m"bg-red-600 text-white px-4 py-2 rounded-md hover:bg-red-700 transition-colors"[31m
          [36m>[31m
            [0mReintentar[0m
          [36m</button>[31m
        [36m</div>[31m
      [36m</div>[31m
    [36m</div>[31m
  [36m</body>[31m
[36m</html>[31m[39m
 [31m├ù[39m src/tests/integration/CourseFlow.test.tsx[2m > [22mCourse Flow Integration[2m > [22mError Handling[2m > [22mhandles enrollment errors[33m 1015[2mms[22m[39m
[31m   ÔåÆ Unable to find role="button" and name `/enroll/i`

Ignored nodes: comments, script, style
[36m<body>[31m
  [36m<div>[31m
    [36m<div[31m
      [33mclass[31m=[32m"max-w-md mx-auto text-center py-12 px-4"[31m
    [36m>[31m
      [36m<div[31m
        [33mclass[31m=[32m"flex justify-center mb-6"[31m
      [36m>[31m
        [36m<svg[31m
          [33mclass[31m=[32m"w-16 h-16 text-red-400"[31m
          [33mfill[31m=[32m"none"[31m
          [33mheight[31m=[32m"24"[31m
          [33mstroke[31m=[32m"currentColor"[31m
          [33mstroke-linecap[31m=[32m"round"[31m
          [33mstroke-linejoin[31m=[32m"round"[31m
          [33mstroke-width[31m=[32m"2"[31m
          [33mviewBox[31m=[32m"0 0 24 24"[31m
          [33mwidth[31m=[32m"24"[31m
          [33mxmlns[31m=[32m"http://www.w3.org/2000/svg"[31m
        [36m>[31m
          [36m<path[31m
            [33md[31m=[32m"m21.73 18-8-14a2 2 0 0 0-3.48 0l-8 14A2 2 0 0 0 4 21h16a2 2 0 0 0 1.73-3Z"[31m
          [36m/>[31m
          [36m<path[31m
            [33md[31m=[32m"M12 9v4"[31m
          [36m/>[31m
          [36m<path[31m
            [33md[31m=[32m"M12 17h.01"[31m
          [36m/>[31m
        [36m</svg>[31m
      [36m</div>[31m
      [36m<h2[31m
        [33mclass[31m=[32m"text-2xl font-bold text-gray-900 mb-4"[31m
      [36m>[31m
        [0mCurso no v├ílido[0m
      [36m</h2>[31m
      [36m<p[31m
        [33mclass[31m=[32m"text-gray-600 mb-2"[31m
      [36m>[31m
        [0mLa URL del curso no es v├ílida.[0m
      [36m</p>[31m
      [36m<p[31m
        [33mclass[31m=[32m"text-sm text-gray-400 mb-8"[31m
      [36m>[31m
        [0mError: [0m
        [0mID de curso no v├ílido[0m
      [36m</p>[31m
      [36m<div[31m
        [33mclass[31m=[32m"space-y-3"[31m
      [36m>[31m
        [36m<div[31m
          [33mclass[31m=[32m"flex space-x-3"[31m
        [36m>[31m
          [36m<button[31m
            [33mclass[31m=[32m"flex-1 inline-flex items-center justify-center px-4 py-2 bg-gray-100 text-gray-700 font-medium rounded-lg hover:bg-gray-200 focus:outline-none focus:ring-2 focus:ring-gray-500 focus:ring-offset-2 transition-colors duration-200"[31m
          [36m>[31m
            [36m<svg[31m
              [33mclass[31m=[32m"w-5 h-5 mr-2"[31m
              [33mfill[31m=[32m"none"[31m
              [33mheight[31m=[32m"24"[31m
              [33mstroke[31m=[32m"currentColor"[31m
              [33mstroke-linecap[31m=[32m"round"[31m
              [33mstroke-linejoin[31m=[32m"round"[31m
              [33mstroke-width[31m=[32m"2"[31m
              [33mviewBox[31m=[32m"0 0 24 24"[31m
              [33mwidth[31m=[32m"24"[31m
              [33mxmlns[31m=[32m"http://www.w3.org/2000/svg"[31m
            [36m>[31m
              [36m<path[31m
                [33md[31m=[32m"m3 9 9-7 9 7v11a2 2 0 0 1-2 2H5a2 2 0 0 1-2-2z"[31m
              [36m/>[31m
              [36m<polyline[31m
                [33mpoints[31m=[32m"9 22 9 12 15 12 15 22"[31m
              [36m/>[31m
            [36m</svg>[31m
            [0mInicio[0m
          [36m</button>[31m
        [36m</div>[31m
      [36m</div>[31m
    [36m</div>[31m
  [36m</div>[31m
[36m</body>[31m

Ignored nodes: comments, script, style
[36m<html>[31m
  [36m<head />[31m
  [36m<body>[31m
    [36m<div>[31m
      [36m<div[31m
        [33mclass[31m=[32m"max-w-md mx-auto text-center py-12 px-4"[31m
      [36m>[31m
        [36m<div[31m
          [33mclass[31m=[32m"flex justify-center mb-6"[31m
        [36m>[31m
          [36m<svg[31m
            [33mclass[31m=[32m"w-16 h-16 text-red-400"[31m
            [33mfill[31m=[32m"none"[31m
            [33mheight[31m=[32m"24"[31m
            [33mstroke[31m=[32m"currentColor"[31m
            [33mstroke-linecap[31m=[32m"round"[31m
            [33mstroke-linejoin[31m=[32m"round"[31m
            [33mstroke-width[31m=[32m"2"[31m
            [33mviewBox[31m=[32m"0 0 24 24"[31m
            [33mwidth[31m=[32m"24"[31m
            [33mxmlns[31m=[32m"http://www.w3.org/2000/svg"[31m
          [36m>[31m
            [36m<path[31m
              [33md[31m=[32m"m21.73 18-8-14a2 2 0 0 0-3.48 0l-8 14A2 2 0 0 0 4 21h16a2 2 0 0 0 1.73-3Z"[31m
            [36m/>[31m
            [36m<path[31m
              [33md[31m=[32m"M12 9v4"[31m
            [36m/>[31m
            [36m<path[31m
              [33md[31m=[32m"M12 17h.01"[31m
            [36m/>[31m
          [36m</svg>[31m
        [36m</div>[31m
        [36m<h2[31m
          [33mclass[31m=[32m"text-2xl font-bold text-gray-900 mb-4"[31m
        [36m>[31m
          [0mCurso no v├ílido[0m
        [36m</h2>[31m
        [36m<p[31m
          [33mclass[31m=[32m"text-gray-600 mb-2"[31m
        [36m>[31m
          [0mLa URL del curso no es v├ílida.[0m
        [36m</p>[31m
        [36m<p[31m
          [33mclass[31m=[32m"text-sm text-gray-400 mb-8"[31m
        [36m>[31m
          [0mError: [0m
          [0mID de curso no v├ílido[0m
        [36m</p>[31m
        [36m<div[31m
          [33mclass[31m=[32m"space-y-3"[31m
        [36m>[31m
          [36m<div[31m
            [33mclass[31m=[32m"flex space-x-3"[31m
          [36m>[31m
            [36m<button[31m
              [33mclass[31m=[32m"flex-1 inline-flex items-center justify-center px-4 py-2 bg-gray-100 text-gray-700 font-medium rounded-lg hover:bg-gray-200 focus:outline-none focus:ring-2 focus:ring-gray-500 focus:ring-offset-2 transition-colors duration-200"[31m
            [36m>[31m
              [36m<svg[31m
                [33mclass[31m=[32m"w-5 h-5 mr-2"[31m
                [33mfill[31m=[32m"none"[31m
                [33mheight[31m=[32m"24"[31m
                [33mstroke[31m=[32m"currentColor"[31m
                [33mstroke-linecap[31m=[32m"round"[31m
                [33mstroke-linejoin[31m=[32m"round"[31m
                [33mstroke-width[31m=[32m"2"[31m
                [33mviewBox[31m=[32m"0 0 24 24"[31m
                [33mwidth[31m=[32m"24"[31m
                [33mxmlns[31m=[32m"http://www.w3.org/2000/svg"[31m
              [36m>[31m
                [36m<path[31m
                  [33md[31m=[32m"m3 9 9-7 9 7v11a2 2 0 0 1-2 2H5a2 2 0 0 1-2-2z"[31m
                [36m/>[31m
                [36m<polyline[31m
                  [33mpoints[31m=[32m"9 22 9 12 15 12 15 22"[31m
                [36m/>[31m
              [36m</svg>[31m
              [0mInicio[0m
            [36m</button>[31m
          [36m</div>[31m
        [36m</div>[31m
      [36m</div>[31m
    [36m</div>[31m
  [36m</body>[31m
[36m</html>[31m[39m
 [31m├ù[39m src/tests/integration/CourseFlow.test.tsx[2m > [22mCourse Flow Integration[2m > [22mAuthentication Flow Integration[2m > [22mredirects to login when accessing protected content without auth[33m 1006[2mms[22m[39m
[31m   ÔåÆ Unable to find an element with the text: /please log in/i. This could be because the text is broken up by multiple elements. In this case, you can provide a function for your text matcher to make your matcher more flexible.

Ignored nodes: comments, script, style
[36m<body>[31m
  [36m<div>[31m
    [36m<div[31m
      [33mclass[31m=[32m"max-w-md mx-auto text-center py-12 px-4"[31m
    [36m>[31m
      [36m<div[31m
        [33mclass[31m=[32m"flex justify-center mb-6"[31m
      [36m>[31m
        [36m<svg[31m
          [33mclass[31m=[32m"w-16 h-16 text-red-400"[31m
          [33mfill[31m=[32m"none"[31m
          [33mheight[31m=[32m"24"[31m
          [33mstroke[31m=[32m"currentColor"[31m
          [33mstroke-linecap[31m=[32m"round"[31m
          [33mstroke-linejoin[31m=[32m"round"[31m
          [33mstroke-width[31m=[32m"2"[31m
          [33mviewBox[31m=[32m"0 0 24 24"[31m
          [33mwidth[31m=[32m"24"[31m
          [33mxmlns[31m=[32m"http://www.w3.org/2000/svg"[31m
        [36m>[31m
          [36m<path[31m
            [33md[31m=[32m"m21.73 18-8-14a2 2 0 0 0-3.48 0l-8 14A2 2 0 0 0 4 21h16a2 2 0 0 0 1.73-3Z"[31m
          [36m/>[31m
          [36m<path[31m
            [33md[31m=[32m"M12 9v4"[31m
          [36m/>[31m
          [36m<path[31m
            [33md[31m=[32m"M12 17h.01"[31m
          [36m/>[31m
        [36m</svg>[31m
      [36m</div>[31m
      [36m<h2[31m
        [33mclass[31m=[32m"text-2xl font-bold text-gray-900 mb-4"[31m
      [36m>[31m
        [0mCurso no v├ílido[0m
      [36m</h2>[31m
      [36m<p[31m
        [33mclass[31m=[32m"text-gray-600 mb-2"[31m
      [36m>[31m
        [0mLa URL del curso no es v├ílida.[0m
      [36m</p>[31m
      [36m<p[31m
        [33mclass[31m=[32m"text-sm text-gray-400 mb-8"[31m
      [36m>[31m
        [0mError: [0m
        [0mID de curso no v├ílido[0m
      [36m</p>[31m
      [36m<div[31m
        [33mclass[31m=[32m"space-y-3"[31m
      [36m>[31m
        [36m<div[31m
          [33mclass[31m=[32m"flex space-x-3"[31m
        [36m>[31m
          [36m<button[31m
            [33mclass[31m=[32m"flex-1 inline-flex items-center justify-center px-4 py-2 bg-gray-100 text-gray-700 font-medium rounded-lg hover:bg-gray-200 focus:outline-none focus:ring-2 focus:ring-gray-500 focus:ring-offset-2 transition-colors duration-200"[31m
          [36m>[31m
            [36m<svg[31m
              [33mclass[31m=[32m"w-5 h-5 mr-2"[31m
              [33mfill[31m=[32m"none"[31m
              [33mheight[31m=[32m"24"[31m
              [33mstroke[31m=[32m"currentColor"[31m
              [33mstroke-linecap[31m=[32m"round"[31m
              [33mstroke-linejoin[31m=[32m"round"[31m
              [33mstroke-width[31m=[32m"2"[31m
              [33mviewBox[31m=[32m"0 0 24 24"[31m
              [33mwidth[31m=[32m"24"[31m
              [33mxmlns[31m=[32m"http://www.w3.org/2000/svg"[31m
            [36m>[31m
              [36m<path[31m
                [33md[31m=[32m"m3 9 9-7 9 7v11a2 2 0 0 1-2 2H5a2 2 0 0 1-2-2z"[31m
              [36m/>[31m
              [36m<polyline[31m
                [33mpoints[31m=[32m"9 22 9 12 15 12 15 22"[31m
              [36m/>[31m
            [36m</svg>[31m
            [0mInicio[0m
          [36m</button>[31m
        [36m</div>[31m
      [36m</div>[31m
    [36m</div>[31m
  [36m</div>[31m
[36m</body>[31m

Ignored nodes: comments, script, style
[36m<html>[31m
  [36m<head />[31m
  [36m<body>[31m
    [36m<div>[31m
      [36m<div[31m
        [33mclass[31m=[32m"max-w-md mx-auto text-center py-12 px-4"[31m
      [36m>[31m
        [36m<div[31m
          [33mclass[31m=[32m"flex justify-center mb-6"[31m
        [36m>[31m
          [36m<svg[31m
            [33mclass[31m=[32m"w-16 h-16 text-red-400"[31m
            [33mfill[31m=[32m"none"[31m
            [33mheight[31m=[32m"24"[31m
            [33mstroke[31m=[32m"currentColor"[31m
            [33mstroke-linecap[31m=[32m"round"[31m
            [33mstroke-linejoin[31m=[32m"round"[31m
            [33mstroke-width[31m=[32m"2"[31m
            [33mviewBox[31m=[32m"0 0 24 24"[31m
            [33mwidth[31m=[32m"24"[31m
            [33mxmlns[31m=[32m"http://www.w3.org/2000/svg"[31m
          [36m>[31m
            [36m<path[31m
              [33md[31m=[32m"m21.73 18-8-14a2 2 0 0 0-3.48 0l-8 14A2 2 0 0 0 4 21h16a2 2 0 0 0 1.73-3Z"[31m
            [36m/>[31m
            [36m<path[31m
              [33md[31m=[32m"M12 9v4"[31m
            [36m/>[31m
            [36m<path[31m
              [33md[31m=[32m"M12 17h.01"[31m
            [36m/>[31m
          [36m</svg>[31m
        [36m</div>[31m
        [36m<h2[31m
          [33mclass[31m=[32m"text-2xl font-bold text-gray-900 mb-4"[31m
        [36m>[31m
          [0mCurso no v├ílido[0m
        [36m</h2>[31m
        [36m<p[31m
          [33mclass[31m=[32m"text-gray-600 mb-2"[31m
        [36m>[31m
          [0mLa URL del curso no es v├ílida.[0m
        [36m</p>[31m
        [36m<p[31m
          [33mclass[31m=[32m"text-sm text-gray-400 mb-8"[31m
        [36m>[31m
          [0mError: [0m
          [0mID de curso no v├ílido[0m
        [36m</p>[31m
        [36m<div[31m
          [33mclass[31m=[32m"space-y-3"[31m
        [36m>[31m
          [36m<div[31m
            [33mclass[31m=[32m"flex space-x-3"[31m
          [36m>[31m
            [36m<button[31m
              [33mclass[31m=[32m"flex-1 inline-flex items-center justify-center px-4 py-2 bg-gray-100 text-gray-700 font-medium rounded-lg hover:bg-gray-200 focus:outline-none focus:ring-2 focus:ring-gray-500 focus:ring-offset-2 transition-colors duration-200"[31m
            [36m>[31m
              [36m<svg[31m
                [33mclass[31m=[32m"w-5 h-5 mr-2"[31m
                [33mfill[31m=[32m"none"[31m
                [33mheight[31m=[32m"24"[31m
                [33mstroke[31m=[32m"currentColor"[31m
                [33mstroke-linecap[31m=[32m"round"[31m
                [33mstroke-linejoin[31m=[32m"round"[31m
                [33mstroke-width[31m=[32m"2"[31m
                [33mviewBox[31m=[32m"0 0 24 24"[31m
                [33mwidth[31m=[32m"24"[31m
                [33mxmlns[31m=[32m"http://www.w3.org/2000/svg"[31m
              [36m>[31m
                [36m<path[31m
                  [33md[31m=[32m"m3 9 9-7 9 7v11a2 2 0 0 1-2 2H5a2 2 0 0 1-2-2z"[31m
                [36m/>[31m
                [36m<polyline[31m
                  [33mpoints[31m=[32m"9 22 9 12 15 12 15 22"[31m
                [36m/>[31m
              [36m</svg>[31m
              [0mInicio[0m
            [36m</button>[31m
          [36m</div>[31m
        [36m</div>[31m
      [36m</div>[31m
    [36m</div>[31m
  [36m</body>[31m
[36m</html>[31m[39m
 [31m├ù[39m src/tests/integration/CourseFlow.test.tsx[2m > [22mCourse Flow Integration[2m > [22mAuthentication Flow Integration[2m > [22mshows different content based on enrollment status[33m 1011[2mms[22m[39m
[31m   ÔåÆ Unable to find an element with the text: /continue learning/i. This could be because the text is broken up by multiple elements. In this case, you can provide a function for your text matcher to make your matcher more flexible.

Ignored nodes: comments, script, style
[36m<body>[31m
  [36m<div>[31m
    [36m<div[31m
      [33mclass[31m=[32m"max-w-md mx-auto text-center py-12 px-4"[31m
    [36m>[31m
      [36m<div[31m
        [33mclass[31m=[32m"flex justify-center mb-6"[31m
      [36m>[31m
        [36m<svg[31m
          [33mclass[31m=[32m"w-16 h-16 text-red-400"[31m
          [33mfill[31m=[32m"none"[31m
          [33mheight[31m=[32m"24"[31m
          [33mstroke[31m=[32m"currentColor"[31m
          [33mstroke-linecap[31m=[32m"round"[31m
          [33mstroke-linejoin[31m=[32m"round"[31m
          [33mstroke-width[31m=[32m"2"[31m
          [33mviewBox[31m=[32m"0 0 24 24"[31m
          [33mwidth[31m=[32m"24"[31m
          [33mxmlns[31m=[32m"http://www.w3.org/2000/svg"[31m
        [36m>[31m
          [36m<path[31m
            [33md[31m=[32m"m21.73 18-8-14a2 2 0 0 0-3.48 0l-8 14A2 2 0 0 0 4 21h16a2 2 0 0 0 1.73-3Z"[31m
          [36m/>[31m
          [36m<path[31m
            [33md[31m=[32m"M12 9v4"[31m
          [36m/>[31m
          [36m<path[31m
            [33md[31m=[32m"M12 17h.01"[31m
          [36m/>[31m
        [36m</svg>[31m
      [36m</div>[31m
      [36m<h2[31m
        [33mclass[31m=[32m"text-2xl font-bold text-gray-900 mb-4"[31m
      [36m>[31m
        [0mCurso no v├ílido[0m
      [36m</h2>[31m
      [36m<p[31m
        [33mclass[31m=[32m"text-gray-600 mb-2"[31m
      [36m>[31m
        [0mLa URL del curso no es v├ílida.[0m
      [36m</p>[31m
      [36m<p[31m
        [33mclass[31m=[32m"text-sm text-gray-400 mb-8"[31m
      [36m>[31m
        [0mError: [0m
        [0mID de curso no v├ílido[0m
      [36m</p>[31m
      [36m<div[31m
        [33mclass[31m=[32m"space-y-3"[31m
      [36m>[31m
        [36m<div[31m
          [33mclass[31m=[32m"flex space-x-3"[31m
        [36m>[31m
          [36m<button[31m
            [33mclass[31m=[32m"flex-1 inline-flex items-center justify-center px-4 py-2 bg-gray-100 text-gray-700 font-medium rounded-lg hover:bg-gray-200 focus:outline-none focus:ring-2 focus:ring-gray-500 focus:ring-offset-2 transition-colors duration-200"[31m
          [36m>[31m
            [36m<svg[31m
              [33mclass[31m=[32m"w-5 h-5 mr-2"[31m
              [33mfill[31m=[32m"none"[31m
              [33mheight[31m=[32m"24"[31m
              [33mstroke[31m=[32m"currentColor"[31m
              [33mstroke-linecap[31m=[32m"round"[31m
              [33mstroke-linejoin[31m=[32m"round"[31m
              [33mstroke-width[31m=[32m"2"[31m
              [33mviewBox[31m=[32m"0 0 24 24"[31m
              [33mwidth[31m=[32m"24"[31m
              [33mxmlns[31m=[32m"http://www.w3.org/2000/svg"[31m
            [36m>[31m
              [36m<path[31m
                [33md[31m=[32m"m3 9 9-7 9 7v11a2 2 0 0 1-2 2H5a2 2 0 0 1-2-2z"[31m
              [36m/>[31m
              [36m<polyline[31m
                [33mpoints[31m=[32m"9 22 9 12 15 12 15 22"[31m
              [36m/>[31m
            [36m</svg>[31m
            [0mInicio[0m
          [36m</button>[31m
        [36m</div>[31m
      [36m</div>[31m
    [36m</div>[31m
  [36m</div>[31m
[36m</body>[31m

Ignored nodes: comments, script, style
[36m<html>[31m
  [36m<head />[31m
  [36m<body>[31m
    [36m<div>[31m
      [36m<div[31m
        [33mclass[31m=[32m"max-w-md mx-auto text-center py-12 px-4"[31m
      [36m>[31m
        [36m<div[31m
          [33mclass[31m=[32m"flex justify-center mb-6"[31m
        [36m>[31m
          [36m<svg[31m
            [33mclass[31m=[32m"w-16 h-16 text-red-400"[31m
            [33mfill[31m=[32m"none"[31m
            [33mheight[31m=[32m"24"[31m
            [33mstroke[31m=[32m"currentColor"[31m
            [33mstroke-linecap[31m=[32m"round"[31m
            [33mstroke-linejoin[31m=[32m"round"[31m
            [33mstroke-width[31m=[32m"2"[31m
            [33mviewBox[31m=[32m"0 0 24 24"[31m
            [33mwidth[31m=[32m"24"[31m
            [33mxmlns[31m=[32m"http://www.w3.org/2000/svg"[31m
          [36m>[31m
            [36m<path[31m
              [33md[31m=[32m"m21.73 18-8-14a2 2 0 0 0-3.48 0l-8 14A2 2 0 0 0 4 21h16a2 2 0 0 0 1.73-3Z"[31m
            [36m/>[31m
            [36m<path[31m
              [33md[31m=[32m"M12 9v4"[31m
            [36m/>[31m
            [36m<path[31m
              [33md[31m=[32m"M12 17h.01"[31m
            [36m/>[31m
          [36m</svg>[31m
        [36m</div>[31m
        [36m<h2[31m
          [33mclass[31m=[32m"text-2xl font-bold text-gray-900 mb-4"[31m
        [36m>[31m
          [0mCurso no v├ílido[0m
        [36m</h2>[31m
        [36m<p[31m
          [33mclass[31m=[32m"text-gray-600 mb-2"[31m
        [36m>[31m
          [0mLa URL del curso no es v├ílida.[0m
        [36m</p>[31m
        [36m<p[31m
          [33mclass[31m=[32m"text-sm text-gray-400 mb-8"[31m
        [36m>[31m
          [0mError: [0m
          [0mID de curso no v├ílido[0m
        [36m</p>[31m
        [36m<div[31m
          [33mclass[31m=[32m"space-y-3"[31m
        [36m>[31m
          [36m<div[31m
            [33mclass[31m=[32m"flex space-x-3"[31m
          [36m>[31m
            [36m<button[31m
              [33mclass[31m=[32m"flex-1 inline-flex items-center justify-center px-4 py-2 bg-gray-100 text-gray-700 font-medium rounded-lg hover:bg-gray-200 focus:outline-none focus:ring-2 focus:ring-gray-500 focus:ring-offset-2 transition-colors duration-200"[31m
            [36m>[31m
              [36m<svg[31m
                [33mclass[31m=[32m"w-5 h-5 mr-2"[31m
                [33mfill[31m=[32m"none"[31m
                [33mheight[31m=[32m"24"[31m
                [33mstroke[31m=[32m"currentColor"[31m
                [33mstroke-linecap[31m=[32m"round"[31m
                [33mstroke-linejoin[31m=[32m"round"[31m
                [33mstroke-width[31m=[32m"2"[31m
                [33mviewBox[31m=[32m"0 0 24 24"[31m
                [33mwidth[31m=[32m"24"[31m
                [33mxmlns[31m=[32m"http://www.w3.org/2000/svg"[31m
              [36m>[31m
                [36m<path[31m
                  [33md[31m=[32m"m3 9 9-7 9 7v11a2 2 0 0 1-2 2H5a2 2 0 0 1-2-2z"[31m
                [36m/>[31m
                [36m<polyline[31m
                  [33mpoints[31m=[32m"9 22 9 12 15 12 15 22"[31m
                [36m/>[31m
              [36m</svg>[31m
              [0mInicio[0m
            [36m</button>[31m
          [36m</div>[31m
        [36m</div>[31m
      [36m</div>[31m
    [36m</div>[31m
  [36m</body>[31m
[36m</html>[31m[39m

[31mÔÄ»ÔÄ»ÔÄ»ÔÄ»ÔÄ»ÔÄ»[1m[7m Failed Tests 16 
[27m[22mÔÄ»ÔÄ»ÔÄ»ÔÄ»ÔÄ»ÔÄ»ÔÄ»[39m

[31m[1m[7m FAIL [27m[22m[39m src/tests/integration/CourseFlow.test.tsx[2m 
> [22mCourse Flow Integration[2m > [22mCourse Discovery and Enrollment 
Flow[2m > [22mallows user to browse and view course details
[31m[1mTestingLibraryElementError[22m[39m: Unable to find an element with the 
text: John Doe. This could be because the text is broken up by multiple elements. 
In this case, you can provide a function for your text matcher to make your 
matcher more flexible.

Ignored nodes: comments, script, style
[36m<body>[39m
  [36m<div>[39m
    [36m<div[39m
      [33mclass[39m=[32m"space-y-6 pb-10"[39m
    [36m>[39m
      [36m<header[39m
        [33mclass[39m=[32m"bg-gradient-to-r from-primary-700 to-primary-800 
text-white rounded-xl shadow-md p-6 mb-6"[39m
      [36m>[39m
        [36m<h1[39m
          [33mclass[39m=[32m"text-2xl md:text-3xl font-bold mb-2"[39m
        [36m>[39m
          [0mCat├ílogo de Cursos[0m
        [36m</h1>[39m
        [36m<p[39m
          [33mclass[39m=[32m"text-primary-100"[39m
        [36m>[39m
          [0mExplora nuestra selecci├│n de cursos especializados en consultor├¡a 
y gesti├│n empresarial[0m
        [36m</p>[39m
      [36m</header>[39m
      [36m<div[39m
        [33mclass[39m=[32m"bg-white rounded-xl shadow-sm border 
border-gray-200 p-4 mb-6"[39m
      [36m>[39m
        [36m<div[39m
          [33mclass[39m=[32m"flex flex-col md:flex-row gap-4"[39m
        [36m>[39m
          [36m<div[39m
            [33mclass[39m=[32m"flex-grow"[39m
          [36m>[39m
            [36m<label[39m
              [33mclass[39m=[32m"sr-only"[39m
              [33mfor[39m=[32m"search"[39m
            [36m>[39m
              [0mBuscar cursos[0m
            [36m</label>[39m
            [36m<div[39m
              [33mclass[39m=[32m"relative rounded-md shadow-sm"[39m
            [36m>[39m
              [36m<div[39m
                [33mclass[39m=[32m"absolute inset-y-0 left-0 pl-3 flex 
items-center pointer-events-none"[39m
              [36m>[39m
                [36m<svg[39m
                  [33mclass[39m=[32m"h-5 w-5 text-gray-400"[39m
                  [33mfill[39m=[32m"none"[39m
                  [33mstroke[39m=[32m"currentColor"[39m
                  [33mviewBox[39m=[32m"0 0 24 24"[39m
                  [33mxmlns[39m=[32m"http://www.w3.org/2000/svg"[39m
                [36m>[39m
                  [36m<path[39m
                    [33md[39m=[32m"M21 21l-6-6m2-5a7 7 0 11-14 0 7 7 0 0114 
0z"[39m
                    [33mstroke-linecap[39m=[32m"round"[39m
                    [33mstroke-linejoin[39m=[32m"round"[39m
                    [33mstroke-width[39m=[32m"2"[39m
                  [36m/>[39m
                [36m</svg>[39m
              [36m</div>[39m
              [36m<input[39m
                [33mclass[39m=[32m"focus:ring-primary-500 
focus:border-primary-500 block w-full pl-10 sm:text-sm border-gray-300 
rounded-md"[39m
                [33mid[39m=[32m"search"[39m
                [33mname[39m=[32m"search"[39m
                [33mplaceholder[39m=[32m"Buscar cursos..."[39m
                [33mtype[39m=[32m"search"[39m
                [33mvalue[39m=[32m""[39m
              [36m/>[39m
            [36m</div>[39m
          [36m</div>[39m
          [36m<div[39m
            [33mclass[39m=[32m"flex-shrink-0"[39m
          [36m>[39m
            [36m<label[39m
              [33mclass[39m=[32m"sr-only"[39m
              [33mfor[39m=[32m"category"[39m
            [36m>[39m
              [0mFiltrar por categor├¡a[0m
            [36m</label>[39m
            [36m<select[39m
              [33mclass[39m=[32m"focus:ring-primary-500 
focus:border-primary-500 block w-full sm:text-sm border-gray-300 rounded-md"[39m
              [33mid[39m=[32m"category"[39m
              [33mname[39m=[32m"category"[39m
            [36m>[39m
              [36m<option[39m
                [33mvalue[39m=[32m"all"[39m
              [36m>[39m
                [0mTodas las categor├¡as[0m
              [36m</option>[39m
              [36m<option[39m
                [33mvalue[39m=[32m"consulting"[39m
              [36m>[39m
                [0mConsultor├¡a[0m
              [36m</option>[39m
              [36m<option[39m
                [33mvalue[39m=[32m"management"[39m
              [36m>[39m
                [0mGesti├│n[0m
              [36m</option>[39m
              [36m<option[39m
                [33mvalue[39m=[32m"operations"[39m
              [36m>[39m
                [0mOperaciones[0m
              [36m</option>[39m
              [36m<option[39m
                [33mvalue[39m=[32m"safety_training"[39m
              [36m>[39m
                [0mPrevenci├│n de Riesgos[0m
              [36m</option>[39m
            [36m</select>[39m
          [36m</div>[39m
        [36m</div>[39m
      [36m</div>[39m
      [36m<div[39m
        [33mclass[39m=[32m"grid grid-cols-1 md:grid-cols-2 lg:grid-cols-3 
gap-6"[39m
      [36m>[39m
        [36m<div[39m
          [33mclass[39m=[32m"bg-white rounded-xl shadow-sm border 
border-gray-200 overflow-hidden hover:shadow-md transition-shadow 
duration-200"[39m
        [36m>[39m
          [36m<div[39m
            [33mclass[39m=[32m"p-6"[39m
          [36m>[39m
            [36m<h3[39m
              [33mclass[39m=[32m"text-lg font-semibold text-gray-900 mb-2"[39m
            [36m>[39m
              [0mTest Course 1[0m
            [36m</h3>[39m
            [36m<p[39m
              [33mclass[39m=[32m"text-gray-600 text-sm mb-4 line-clamp-3"[39m
            [36m>[39m
              [0mA test course[0m
            [36m</p>[39m
            [36m<div[39m
              [33mclass[39m=[32m"flex items-center justify-between text-sm 
text-gray-500 mb-4"[39m
            [36m>[39m
              [36m<span>[39m
                [0m5[0m
                [0m lecciones[0m
              [36m</span>[39m
              [36m<span>[39m
                [0m0[0m
                [0m min[0m
              [36m</span>[39m
            [36m</div>[39m
            [36m<button[39m
              [33mclass[39m=[32m"w-full bg-gray-400 text-white py-2 px-4 
rounded-md font-medium "[39m
              [33mdisabled[39m=[32m""[39m
            [36m>[39m
              [36m<div[39m
                [33mclass[39m=[32m"flex items-center justify-center"[39m
              [36m>[39m
                [36m<div[39m
                  [33mclass[39m=[32m"w-4 h-4 border-2 border-white 
border-t-transparent rounded-full animate-spin mr-2"[39m
                [36m/>[39m
                [0mVerificando...[0m
              [36m</div>[39m
            [36m</button>[39m
          [36m</div>[39m
        [36m</div>[39m
        [36m<div[39m
          [33mclass[39m=[32m"bg-white rounded-xl shadow-sm border 
border-gray-200 overflow-hidden hover:shadow-md transition-shadow 
duration-200"[39m
        [36m>[39m
          [36m<div[39m
            [33mclass[39m=[32m"p-6"[39m
          [36m>[39m
            [36m<h3[39m
              [33mclass[39m=[32m"text-lg font-semibold text-gray-900 mb-2"[39m
            [36m>[39m
              [0mTest Course 2[0m
            [36m</h3>[39m
            [36m<p[39m
              [33mclass[39m=[32m"text-gray-600 text-sm mb-4 line-clamp-3"[39m
            [36m>[39m
              [0mAnother test course[0m
            [36m</p>[39m
            [36m<div[39m
              [33mclass[39m=[32m"flex items-center justify-between text-sm 
text-gray-500 mb-4"[39m
            [36m>[39m
              [36m<span>[39m
                [0m8[0m
                [0m lecciones[0m
              [36m</span>[39m
              [36m<span>[39m
                [0m0[0m
                [0m min[0m
              [36m</span>[39m
            [36m</div>[39m
            [36m<button[39m
              [33mclass[39m=[32m"w-full bg-gray-400 text-white py-2 px-4 
rounded-md font-medium "[39m
              [33mdisabled[39m=[32m""[39m
            [36m>[39m
              [36m<div[39m
                [33mclass[39m=[32m"flex items-center justify-center"[39m
              [36m>[39m
                [36m<div[39m
                  [33mclass[39m=[32m"w-4 h-4 border-2 border-white 
border-t-transparent rounded-full animate-spin mr-2"[39m
                [36m/>[39m
                [0mVerificando...[0m
              [36m</div>[39m
            [36m</button>[39m
          [36m</div>[39m
        [36m</div>[39m
      [36m</div>[39m
    [36m</div>[39m
  [36m</div>[39m
[36m</body>[39m
[90m [2mÔØ»[22m Object.getElementError 
node_modules/@testing-library/dom/dist/config.js:[2m37:19[22m[39m
[90m [2mÔØ»[22m 
node_modules/@testing-library/dom/dist/query-helpers.js:[2m76:38[22m[39m
[90m [2mÔØ»[22m 
node_modules/@testing-library/dom/dist/query-helpers.js:[2m52:17[22m[39m
[90m [2mÔØ»[22m 
node_modules/@testing-library/dom/dist/query-helpers.js:[2m95:19[22m[39m
[36m [2mÔØ»[22m src/tests/integration/CourseFlow.test.tsx:[2m35:21[22m[39m
    [90m 33| [39m      
    [90m 34| [39m      [90m// Verify course information is displayed[39m
    [90m 35| [39m      
[34mexpect[39m(screen[33m.[39m[34mgetByText[39m([32m'John 
Doe'[39m))[33m.[39m[34mtoBeInTheDocument[39m()[33m;[39m
    [90m   | [39m                    [31m^[39m
    [90m 36| [39m      
[34mexpect[39m(screen[33m.[39m[34mgetByText[39m([32m'Jane 
Smith'[39m))[33m.[39m[34mtoBeInTheDocument[39m()[33m;[39m
    [90m 37| [39m      
[34mexpect[39m(screen[33m.[39m[34mgetByText[39m([36m/5 
lecciones/i[39m))[33m.[39m[34mtoBeInTheDocument[39m()[33m;[39m

[31m[2mÔÄ»ÔÄ»ÔÄ»ÔÄ»ÔÄ»ÔÄ»ÔÄ»ÔÄ»ÔÄ»ÔÄ»ÔÄ»ÔÄ»ÔÄ»ÔÄ»ÔÄ»ÔÄ»ÔÄ»ÔÄ»ÔÄ»ÔÄ»ÔÄ»ÔÄ»ÔÄ»[1/1
6]ÔÄ»[22m[39m

[31m[1m[7m FAIL [27m[22m[39m src/tests/integration/CourseFlow.test.tsx[2m 
> [22mCourse Flow Integration[2m > [22mCourse Discovery and Enrollment 
Flow[2m > [22mfilters courses by category
[31m[1mTestingLibraryElementError[22m[39m: Unable to find an element with the 
text: Test Course 1. This could be because the text is broken up by multiple 
elements. In this case, you can provide a function for your text matcher to make 
your matcher more flexible.

Ignored nodes: comments, script, style
[36m<body>[39m
  [36m<div>[39m
    [36m<div[39m
      [33mclass[39m=[32m"space-y-6 pb-10"[39m
    [36m>[39m
      [36m<header[39m
        [33mclass[39m=[32m"bg-gradient-to-r from-primary-700 to-primary-800 
text-white rounded-xl shadow-md p-6 mb-6"[39m
      [36m>[39m
        [36m<h1[39m
          [33mclass[39m=[32m"text-2xl md:text-3xl font-bold mb-2"[39m
        [36m>[39m
          [0mCat├ílogo de Cursos[0m
        [36m</h1>[39m
        [36m<p[39m
          [33mclass[39m=[32m"text-primary-100"[39m
        [36m>[39m
          [0mExplora nuestra selecci├│n de cursos especializados en consultor├¡a 
y gesti├│n empresarial[0m
        [36m</p>[39m
      [36m</header>[39m
      [36m<div[39m
        [33mclass[39m=[32m"bg-white rounded-xl shadow-sm border 
border-gray-200 p-4 mb-6"[39m
      [36m>[39m
        [36m<div[39m
          [33mclass[39m=[32m"flex flex-col md:flex-row gap-4"[39m
        [36m>[39m
          [36m<div[39m
            [33mclass[39m=[32m"flex-grow"[39m
          [36m>[39m
            [36m<label[39m
              [33mclass[39m=[32m"sr-only"[39m
              [33mfor[39m=[32m"search"[39m
            [36m>[39m
              [0mBuscar cursos[0m
            [36m</label>[39m
            [36m<div[39m
              [33mclass[39m=[32m"relative rounded-md shadow-sm"[39m
            [36m>[39m
              [36m<div[39m
                [33mclass[39m=[32m"absolute inset-y-0 left-0 pl-3 flex 
items-center pointer-events-none"[39m
              [36m>[39m
                [36m<svg[39m
                  [33mclass[39m=[32m"h-5 w-5 text-gray-400"[39m
                  [33mfill[39m=[32m"none"[39m
                  [33mstroke[39m=[32m"currentColor"[39m
                  [33mviewBox[39m=[32m"0 0 24 24"[39m
                  [33mxmlns[39m=[32m"http://www.w3.org/2000/svg"[39m
                [36m>[39m
                  [36m<path[39m
                    [33md[39m=[32m"M21 21l-6-6m2-5a7 7 0 11-14 0 7 7 0 0114 
0z"[39m
                    [33mstroke-linecap[39m=[32m"round"[39m
                    [33mstroke-linejoin[39m=[32m"round"[39m
                    [33mstroke-width[39m=[32m"2"[39m
                  [36m/>[39m
                [36m</svg>[39m
              [36m</div>[39m
              [36m<input[39m
                [33mclass[39m=[32m"focus:ring-primary-500 
focus:border-primary-500 block w-full pl-10 sm:text-sm border-gray-300 
rounded-md"[39m
                [33mid[39m=[32m"search"[39m
                [33mname[39m=[32m"search"[39m
                [33mplaceholder[39m=[32m"Buscar cursos..."[39m
                [33mtype[39m=[32m"search"[39m
                [33mvalue[39m=[32m""[39m
              [36m/>[39m
            [36m</div>[39m
          [36m</div>[39m
          [36m<div[39m
            [33mclass[39m=[32m"flex-shrink-0"[39m
          [36m>[39m
            [36m<label[39m
              [33mclass[39m=[32m"sr-only"[39m
              [33mfor[39m=[32m"category"[39m
            [36m>[39m
              [0mFiltrar por categor├¡a[0m
            [36m</label>[39m
            [36m<select[39m
              [33mclass[39m=[32m"focus:ring-primary-500 
focus:border-primary-500 block w-full sm:text-sm border-gray-300 rounded-md"[39m
              [33mid[39m=[32m"category"[39m
              [33mname[39m=[32m"category"[39m
            [36m>[39m
              [36m<option[39m
                [33mvalue[39m=[32m"all"[39m
              [36m>[39m
                [0mTodas las categor├¡as[0m
              [36m</option>[39m
              [36m<option[39m
                [33mvalue[39m=[32m"consulting"[39m
              [36m>[39m
                [0mConsultor├¡a[0m
              [36m</option>[39m
              [36m<option[39m
                [33mvalue[39m=[32m"management"[39m
              [36m>[39m
                [0mGesti├│n[0m
              [36m</option>[39m
              [36m<option[39m
                [33mvalue[39m=[32m"operations"[39m
              [36m>[39m
                [0mOperaciones[0m
              [36m</option>[39m
              [36m<option[39m
                [33mvalue[39m=[32m"safety_training"[39m
              [36m>[39m
                [0mPrevenci├│n de Riesgos[0m
              [36m</option>[39m
            [36m</select>[39m
          [36m</div>[39m
        [36m</div>[39m
      [36m</div>[39m
      [36m<div[39m
        [33mclass[39m=[32m"text-center py-8"[39m
      [36m>[39m
        [36m<div[39m
          [33mclass[39m=[32m"bg-yellow-50 border border-yellow-200 rounded-lg 
p-6 max-w-md mx-auto"[39m
        [36m>[39m
          [36m<svg[39m
            [33mclass[39m=[32m"mx-auto h-12 w-12 text-yellow-400 mb-4"[39m
            [33mfill[39m=[32m"none"[39m
            [33mstroke[39m=[32m"currentColor"[39m
            [33mviewBox[39m=[32m"0 0 24 24"[39m
          [36m>[39m
            [36m<path[39m
              [33md[39m=[32m"M9.172 16.172a4 4 0 015.656 0M9 12h6m-6-4h6m2 
5.291A7.962 7.962 0 0112 15c-2.34 0-4.291-1.007-5.691-2.709M12 15l2-9m5 9a9 9 0 
11-18 0 9 9 0 0118 0z"[39m
              [33mstroke-linecap[39m=[32m"round"[39m
              [33mstroke-linejoin[39m=[32m"round"[39m
              [33mstroke-width[39m=[32m"2"[39m
            [36m/>[39m
          [36m</svg>[39m
          [36m<h3[39m
            [33mclass[39m=[32m"text-lg font-medium text-yellow-800 mb-2"[39m
          [36m>[39m
            [0mNo se encontraron cursos[0m
          [36m</h3>[39m
          [36m<p[39m
            [33mclass[39m=[32m"text-yellow-700 mb-4"[39m
          [36m>[39m
            [0mNo hay cursos que coincidan con tu b├║squeda. Intenta con 
diferentes t├®rminos o filtros.[0m
          [36m</p>[39m
          [36m<button[39m
            [33mclass[39m=[32m"bg-yellow-600 text-white px-4 py-2 rounded-md 
hover:bg-yellow-700 transition-colors"[39m
          [36m>[39m
            [0mLimpiar filtros[0m
          [36m</button>[39m
        [36m</div>[39m
      [36m</div>[39m
    [36m</div>[39m
  [36m</div>[39m
[36m</body>[39m

Ignored nodes: comments, script, style
[36m<html>[39m
  [36m<head />[39m
  [36m<body>[39m
    [36m<div>[39m
      [36m<div[39m
        [33mclass[39m=[32m"space-y-6 pb-10"[39m
      [36m>[39m
        [36m<header[39m
          [33mclass[39m=[32m"bg-gradient-to-r from-primary-700 to-primary-800 
text-white rounded-xl shadow-md p-6 mb-6"[39m
        [36m>[39m
          [36m<h1[39m
            [33mclass[39m=[32m"text-2xl md:text-3xl font-bold mb-2"[39m
          [36m>[39m
            [0mCat├ílogo de Cursos[0m
          [36m</h1>[39m
          [36m<p[39m
            [33mclass[39m=[32m"text-primary-100"[39m
          [36m>[39m
            [0mExplora nuestra selecci├│n de cursos especializados en 
consultor├¡a y gesti├│n empresarial[0m
          [36m</p>[39m
        [36m</header>[39m
        [36m<div[39m
          [33mclass[39m=[32m"bg-white rounded-xl shadow-sm border 
border-gray-200 p-4 mb-6"[39m
        [36m>[39m
          [36m<div[39m
            [33mclass[39m=[32m"flex flex-col md:flex-row gap-4"[39m
          [36m>[39m
            [36m<div[39m
              [33mclass[39m=[32m"flex-grow"[39m
            [36m>[39m
              [36m<label[39m
                [33mclass[39m=[32m"sr-only"[39m
                [33mfor[39m=[32m"search"[39m
              [36m>[39m
                [0mBuscar cursos[0m
              [36m</label>[39m
              [36m<div[39m
                [33mclass[39m=[32m"relative rounded-md shadow-sm"[39m
              [36m>[39m
                [36m<div[39m
                  [33mclass[39m=[32m"absolute inset-y-0 left-0 pl-3 flex 
items-center pointer-events-none"[39m
                [36m>[39m
                  [36m<svg[39m
                    [33mclass[39m=[32m"h-5 w-5 text-gray-400"[39m
                    [33mfill[39m=[32m"none"[39m
                    [33mstroke[39m=[32m"currentColor"[39m
                    [33mviewBox[39m=[32m"0 0 24 24"[39m
                    [33mxmlns[39m=[32m"http://www.w3.org/2000/svg"[39m
                  [36m>[39m
                    [36m<path[39m
                      [33md[39m=[32m"M21 21l-6-6m2-5a7 7 0 11-14 0 7 7 0 0114 
0z"[39m
                      [33mstroke-linecap[39m=[32m"round"[39m
                      [33mstroke-linejoin[39m=[32m"round"[39m
                      [33mstroke-width[39m=[32m"2"[39m
                    [36m/>[39m
                  [36m</svg>[39m
                [36m</div>[39m
                [36m<input[39m
                  [33mclass[39m=[32m"focus:ring-primary-500 
focus:border-primary-500 block w-full pl-10 sm:text-sm border-gray-300 
rounded-md"[39m
                  [33mid[39m=[32m"search"[39m
                  [33mname[39m=[32m"search"[39m
                  [33mplaceholder[39m=[32m"Buscar cursos..."[39m
                  [33mtype[39m=[32m"search"[39m
                  [33mvalue[39m=[32m""[39m
                [36m/>[39m
              [36m</div>[39m
            [36m</div>[39m
            [36m<div[39m
              [33mclass[39m=[32m"flex-shrink-0"[39m
            [36m>[39m
              [36m<label[39m
                [33mclass[39m=[32m"sr-only"[39m
                [33mfor[39m=[32m"category"[39m
              [36m>[39m
                [0mFiltrar por categor├¡a[0m
              [36m</label>[39m
              [36m<select[39m
                [33mclass[39m=[32m"focus:ring-primary-500 
focus:border-primary-500 block w-full sm:text-sm border-gray-300 rounded-md"[39m
                [33mid[39m=[32m"category"[39m
                [33mname[39m=[32m"category"[39m
              [36m>[39m
                [36m<option[39m
                  [33mvalue[39m=[32m"all"[39m
                [36m>[39m
                  [0mTodas las categor├¡as[0m
                [36m</option>[39m
                [36m<option[39m
                  [33mvalue[39m=[32m"consulting"[39m
                [36m>[39m
                  [0mConsultor├¡a[0m
                [36m</option>[39m
                [36m<option[39m
                  [33mvalue[39m=[32m"management"[39m
                [36m>[39m
                  [0mGesti├│n[0m
                [36m</option>[39m
                [36m<option[39m
                  [33mvalue[39m=[32m"operations"[39m
                [36m>[39m
                  [0mOperaciones[0m
                [36m</option>[39m
                [36m<option[39m
                  [33mvalue[39m=[32m"safety_training"[39m
                [36m>[39m
                  [0mPrevenci├│n de Riesgos[0m
                [36m</option>[39m
              [36m</select>[39m
            [36m</div>[39m
          [36m</div>[39m
        [36m</div>[39m
        [36m<div[39m
          [33mclass[39m=[32m"text-center py-8"[39m
        [36m>[39m
          [36m<div[39m
            [33mclass[39m=[32m"bg-yellow-50 border border-yellow-200 
rounded-lg p-6 max-w-md mx-auto"[39m
          [36m>[39m
            [36m<svg[39m
              [33mclass[39m=[32m"mx-auto h-12 w-12 text-yellow-400 mb-4"[39m
              [33mfill[39m=[32m"none"[39m
              [33mstroke[39m=[32m"currentColor"[39m
              [33mviewBox[39m=[32m"0 0 24 24"[39m
            [36m>[39m
              [36m<path[39m
                [33md[39m=[32m"M9.172 16.172a4 4 0 015.656 0M9 12h6m-6-4h6m2 
5.291A7.962 7.962 0 0112 15c-2.34 0-4.291-1.007-5.691-2.709M12 15l2-9m5 9a9 9 0 
11-18 0 9 9 0 0118 0z"[39m
                [33mstroke-linecap[39m=[32m"round"[39m
                [33mstroke-linejoin[39m=[32m"round"[39m
                [33mstroke-width[39m=[32m"2"[39m
              [36m/>[39m
            [36m</svg>[39m
            [36m<h3[39m
              [33mclass[39m=[32m"text-lg font-medium text-yellow-800 mb-2"[39m
            [36m>[39m
              [0mNo se encontraron cursos[0m
            [36m</h3>[39m
            [36m<p[39m
              [33mclass[39m=[32m"text-yellow-700 mb-4"[39m
            [36m>[39m
              [0mNo hay cursos que coincidan con tu b├║squeda. Intenta con 
diferentes t├®rminos o filtros.[0m
            [36m</p>[39m
            [36m<button[39m
              [33mclass[39m=[32m"bg-yellow-600 text-white px-4 py-2 rounded-md 
hover:bg-yellow-700 transition-colors"[39m
            [36m>[39m
              [0mLimpiar filtros[0m
            [36m</button>[39m
          [36m</div>[39m
        [36m</div>[39m
      [36m</div>[39m
    [36m</div>[39m
  [36m</body>[39m
[36m</html>[39m
[90m [2mÔØ»[22m Proxy.waitForWrapper 
node_modules/@testing-library/dom/dist/wait-for.js:[2m163:27[22m[39m
[36m [2mÔØ»[22m src/tests/integration/CourseFlow.test.tsx:[2m52:13[22m[39m
    [90m 50| [39m      
fireEvent[33m.[39m[34mchange[39m(categoryFilter[33m,[39m { 
target[33m:[39m { value[33m:[39m [32m'programming[39mÔÇª
    [90m 51| [39m      
    [90m 52| [39m      [35mawait[39m [34mwaitFor[39m(() [33m=>[39m {
    [90m   | [39m            [31m^[39m
    [90m 53| [39m        
[34mexpect[39m(screen[33m.[39m[34mgetByText[39m([32m'Test Course 
1'[39m))[33m.[39m[34mtoBeInTheDocument[39m()[33m;[39m
    [90m 54| [39m        
[34mexpect[39m(screen[33m.[39m[34mqueryByText[39m([32m'Test Course 
2'[39m))[33m.[39mnot[33m.[39m[34mtoBeInTheDocum[39mÔÇª

[31m[2mÔÄ»ÔÄ»ÔÄ»ÔÄ»ÔÄ»ÔÄ»ÔÄ»ÔÄ»ÔÄ»ÔÄ»ÔÄ»ÔÄ»ÔÄ»ÔÄ»ÔÄ»ÔÄ»ÔÄ»ÔÄ»ÔÄ»ÔÄ»ÔÄ»ÔÄ»ÔÄ»[2/1
6]ÔÄ»[22m[39m

[31m[1m[7m FAIL [27m[22m[39m src/tests/integration/CourseFlow.test.tsx[2m 
> [22mCourse Flow Integration[2m > [22mCourse Detail View[2m > [22mdisplays 
complete course information
[31m[1mTestingLibraryElementError[22m[39m: Unable to find an element with the 
text: Complete React Course. This could be because the text is broken up by 
multiple elements. In this case, you can provide a function for your text matcher 
to make your matcher more flexible.

Ignored nodes: comments, script, style
[36m<body>[39m
  [36m<div>[39m
    [36m<div[39m
      [33mclass[39m=[32m"max-w-md mx-auto text-center py-12 px-4"[39m
    [36m>[39m
      [36m<div[39m
        [33mclass[39m=[32m"flex justify-center mb-6"[39m
      [36m>[39m
        [36m<svg[39m
          [33mclass[39m=[32m"w-16 h-16 text-red-400"[39m
          [33mfill[39m=[32m"none"[39m
          [33mheight[39m=[32m"24"[39m
          [33mstroke[39m=[32m"currentColor"[39m
          [33mstroke-linecap[39m=[32m"round"[39m
          [33mstroke-linejoin[39m=[32m"round"[39m
          [33mstroke-width[39m=[32m"2"[39m
          [33mviewBox[39m=[32m"0 0 24 24"[39m
          [33mwidth[39m=[32m"24"[39m
          [33mxmlns[39m=[32m"http://www.w3.org/2000/svg"[39m
        [36m>[39m
          [36m<path[39m
            [33md[39m=[32m"m21.73 18-8-14a2 2 0 0 0-3.48 0l-8 14A2 2 0 0 0 4 
21h16a2 2 0 0 0 1.73-3Z"[39m
          [36m/>[39m
          [36m<path[39m
            [33md[39m=[32m"M12 9v4"[39m
          [36m/>[39m
          [36m<path[39m
            [33md[39m=[32m"M12 17h.01"[39m
          [36m/>[39m
        [36m</svg>[39m
      [36m</div>[39m
      [36m<h2[39m
        [33mclass[39m=[32m"text-2xl font-bold text-gray-900 mb-4"[39m
      [36m>[39m
        [0mCurso no v├ílido[0m
      [36m</h2>[39m
      [36m<p[39m
        [33mclass[39m=[32m"text-gray-600 mb-2"[39m
      [36m>[39m
        [0mLa URL del curso no es v├ílida.[0m
      [36m</p>[39m
      [36m<p[39m
        [33mclass[39m=[32m"text-sm text-gray-400 mb-8"[39m
      [36m>[39m
        [0mError: [0m
        [0mID de curso no v├ílido[0m
      [36m</p>[39m
      [36m<div[39m
        [33mclass[39m=[32m"space-y-3"[39m
      [36m>[39m
        [36m<div[39m
          [33mclass[39m=[32m"flex space-x-3"[39m
        [36m>[39m
          [36m<button[39m
            [33mclass[39m=[32m"flex-1 inline-flex items-center justify-center 
px-4 py-2 bg-gray-100 text-gray-700 font-medium rounded-lg hover:bg-gray-200 
focus:outline-none focus:ring-2 focus:ring-gray-500 focus:ring-offset-2 
transition-colors duration-200"[39m
          [36m>[39m
            [36m<svg[39m
              [33mclass[39m=[32m"w-5 h-5 mr-2"[39m
              [33mfill[39m=[32m"none"[39m
              [33mheight[39m=[32m"24"[39m
              [33mstroke[39m=[32m"currentColor"[39m
              [33mstroke-linecap[39m=[32m"round"[39m
              [33mstroke-linejoin[39m=[32m"round"[39m
              [33mstroke-width[39m=[32m"2"[39m
              [33mviewBox[39m=[32m"0 0 24 24"[39m
              [33mwidth[39m=[32m"24"[39m
              [33mxmlns[39m=[32m"http://www.w3.org/2000/svg"[39m
            [36m>[39m
              [36m<path[39m
                [33md[39m=[32m"m3 9 9-7 9 7v11a2 2 0 0 1-2 2H5a2 2 0 0 
1-2-2z"[39m
              [36m/>[39m
              [36m<polyline[39m
                [33mpoints[39m=[32m"9 22 9 12 15 12 15 22"[39m
              [36m/>[39m
            [36m</svg>[39m
            [0mInicio[0m
          [36m</button>[39m
        [36m</div>[39m
      [36m</div>[39m
    [36m</div>[39m
  [36m</div>[39m
[36m</body>[39m

Ignored nodes: comments, script, style
[36m<html>[39m
  [36m<head />[39m
  [36m<body>[39m
    [36m<div>[39m
      [36m<div[39m
        [33mclass[39m=[32m"max-w-md mx-auto text-center py-12 px-4"[39m
      [36m>[39m
        [36m<div[39m
          [33mclass[39m=[32m"flex justify-center mb-6"[39m
        [36m>[39m
          [36m<svg[39m
            [33mclass[39m=[32m"w-16 h-16 text-red-400"[39m
            [33mfill[39m=[32m"none"[39m
            [33mheight[39m=[32m"24"[39m
            [33mstroke[39m=[32m"currentColor"[39m
            [33mstroke-linecap[39m=[32m"round"[39m
            [33mstroke-linejoin[39m=[32m"round"[39m
            [33mstroke-width[39m=[32m"2"[39m
            [33mviewBox[39m=[32m"0 0 24 24"[39m
            [33mwidth[39m=[32m"24"[39m
            [33mxmlns[39m=[32m"http://www.w3.org/2000/svg"[39m
          [36m>[39m
            [36m<path[39m
              [33md[39m=[32m"m21.73 18-8-14a2 2 0 0 0-3.48 0l-8 14A2 2 0 0 0 4 
21h16a2 2 0 0 0 1.73-3Z"[39m
            [36m/>[39m
            [36m<path[39m
              [33md[39m=[32m"M12 9v4"[39m
            [36m/>[39m
            [36m<path[39m
              [33md[39m=[32m"M12 17h.01"[39m
            [36m/>[39m
          [36m</svg>[39m
        [36m</div>[39m
        [36m<h2[39m
          [33mclass[39m=[32m"text-2xl font-bold text-gray-900 mb-4"[39m
        [36m>[39m
          [0mCurso no v├ílido[0m
        [36m</h2>[39m
        [36m<p[39m
          [33mclass[39m=[32m"text-gray-600 mb-2"[39m
        [36m>[39m
          [0mLa URL del curso no es v├ílida.[0m
        [36m</p>[39m
        [36m<p[39m
          [33mclass[39m=[32m"text-sm text-gray-400 mb-8"[39m
        [36m>[39m
          [0mError: [0m
          [0mID de curso no v├ílido[0m
        [36m</p>[39m
        [36m<div[39m
          [33mclass[39m=[32m"space-y-3"[39m
        [36m>[39m
          [36m<div[39m
            [33mclass[39m=[32m"flex space-x-3"[39m
          [36m>[39m
            [36m<button[39m
              [33mclass[39m=[32m"flex-1 inline-flex items-center 
justify-center px-4 py-2 bg-gray-100 text-gray-700 font-medium rounded-lg 
hover:bg-gray-200 focus:outline-none focus:ring-2 focus:ring-gray-500 
focus:ring-offset-2 transition-colors duration-200"[39m
            [36m>[39m
              [36m<svg[39m
                [33mclass[39m=[32m"w-5 h-5 mr-2"[39m
                [33mfill[39m=[32m"none"[39m
                [33mheight[39m=[32m"24"[39m
                [33mstroke[39m=[32m"currentColor"[39m
                [33mstroke-linecap[39m=[32m"round"[39m
                [33mstroke-linejoin[39m=[32m"round"[39m
                [33mstroke-width[39m=[32m"2"[39m
                [33mviewBox[39m=[32m"0 0 24 24"[39m
                [33mwidth[39m=[32m"24"[39m
                [33mxmlns[39m=[32m"http://www.w3.org/2000/svg"[39m
              [36m>[39m
                [36m<path[39m
                  [33md[39m=[32m"m3 9 9-7 9 7v11a2 2 0 0 1-2 2H5a2 2 0 0 
1-2-2z"[39m
                [36m/>[39m
                [36m<polyline[39m
                  [33mpoints[39m=[32m"9 22 9 12 15 12 15 22"[39m
                [36m/>[39m
              [36m</svg>[39m
              [0mInicio[0m
            [36m</button>[39m
          [36m</div>[39m
        [36m</div>[39m
      [36m</div>[39m
    [36m</div>[39m
  [36m</body>[39m
[36m</html>[39m
[90m [2mÔØ»[22m Proxy.waitForWrapper 
node_modules/@testing-library/dom/dist/wait-for.js:[2m163:27[22m[39m
[36m [2mÔØ»[22m src/tests/integration/CourseFlow.test.tsx:[2m116:13[22m[39m
    [90m114| [39m      [34mrender[39m([33m<[39m[33mCourseDetailPage[39m 
[33m/[39m[33m>[39m)[33m;[39m
    [90m115| [39m      
    [90m116| [39m      [35mawait[39m [34mwaitFor[39m(() [33m=>[39m {
    [90m   | [39m            [31m^[39m
    [90m117| [39m        
[34mexpect[39m(screen[33m.[39m[34mgetByText[39m([32m'Complete React 
Course'[39m))[33m.[39m[34mtoBeInTheDoc[39mÔÇª
    [90m118| [39m        
[34mexpect[39m(screen[33m.[39m[34mgetByText[39m([32m'Learn React from 
basics to advanced'[39m)ÔÇª

[31m[2mÔÄ»ÔÄ»ÔÄ»ÔÄ»ÔÄ»ÔÄ»ÔÄ»ÔÄ»ÔÄ»ÔÄ»ÔÄ»ÔÄ»ÔÄ»ÔÄ»ÔÄ»ÔÄ»ÔÄ»ÔÄ»ÔÄ»ÔÄ»ÔÄ»ÔÄ»ÔÄ»[3/1
6]ÔÄ»[22m[39m

[31m[1m[7m FAIL [27m[22m[39m src/tests/integration/CourseFlow.test.tsx[2m 
> [22mCourse Flow Integration[2m > [22mCourse Detail View[2m > [22mhandles 
enrollment process
[31m[1mTestingLibraryElementError[22m[39m: Unable to find an element with the 
text: Complete React Course. This could be because the text is broken up by 
multiple elements. In this case, you can provide a function for your text matcher 
to make your matcher more flexible.

Ignored nodes: comments, script, style
[36m<body>[39m
  [36m<div>[39m
    [36m<div[39m
      [33mclass[39m=[32m"max-w-md mx-auto text-center py-12 px-4"[39m
    [36m>[39m
      [36m<div[39m
        [33mclass[39m=[32m"flex justify-center mb-6"[39m
      [36m>[39m
        [36m<svg[39m
          [33mclass[39m=[32m"w-16 h-16 text-red-400"[39m
          [33mfill[39m=[32m"none"[39m
          [33mheight[39m=[32m"24"[39m
          [33mstroke[39m=[32m"currentColor"[39m
          [33mstroke-linecap[39m=[32m"round"[39m
          [33mstroke-linejoin[39m=[32m"round"[39m
          [33mstroke-width[39m=[32m"2"[39m
          [33mviewBox[39m=[32m"0 0 24 24"[39m
          [33mwidth[39m=[32m"24"[39m
          [33mxmlns[39m=[32m"http://www.w3.org/2000/svg"[39m
        [36m>[39m
          [36m<path[39m
            [33md[39m=[32m"m21.73 18-8-14a2 2 0 0 0-3.48 0l-8 14A2 2 0 0 0 4 
21h16a2 2 0 0 0 1.73-3Z"[39m
          [36m/>[39m
          [36m<path[39m
            [33md[39m=[32m"M12 9v4"[39m
          [36m/>[39m
          [36m<path[39m
            [33md[39m=[32m"M12 17h.01"[39m
          [36m/>[39m
        [36m</svg>[39m
      [36m</div>[39m
      [36m<h2[39m
        [33mclass[39m=[32m"text-2xl font-bold text-gray-900 mb-4"[39m
      [36m>[39m
        [0mCurso no v├ílido[0m
      [36m</h2>[39m
      [36m<p[39m
        [33mclass[39m=[32m"text-gray-600 mb-2"[39m
      [36m>[39m
        [0mLa URL del curso no es v├ílida.[0m
      [36m</p>[39m
      [36m<p[39m
        [33mclass[39m=[32m"text-sm text-gray-400 mb-8"[39m
      [36m>[39m
        [0mError: [0m
        [0mID de curso no v├ílido[0m
      [36m</p>[39m
      [36m<div[39m
        [33mclass[39m=[32m"space-y-3"[39m
      [36m>[39m
        [36m<div[39m
          [33mclass[39m=[32m"flex space-x-3"[39m
        [36m>[39m
          [36m<button[39m
            [33mclass[39m=[32m"flex-1 inline-flex items-center justify-center 
px-4 py-2 bg-gray-100 text-gray-700 font-medium rounded-lg hover:bg-gray-200 
focus:outline-none focus:ring-2 focus:ring-gray-500 focus:ring-offset-2 
transition-colors duration-200"[39m
          [36m>[39m
            [36m<svg[39m
              [33mclass[39m=[32m"w-5 h-5 mr-2"[39m
              [33mfill[39m=[32m"none"[39m
              [33mheight[39m=[32m"24"[39m
              [33mstroke[39m=[32m"currentColor"[39m
              [33mstroke-linecap[39m=[32m"round"[39m
              [33mstroke-linejoin[39m=[32m"round"[39m
              [33mstroke-width[39m=[32m"2"[39m
              [33mviewBox[39m=[32m"0 0 24 24"[39m
              [33mwidth[39m=[32m"24"[39m
              [33mxmlns[39m=[32m"http://www.w3.org/2000/svg"[39m
            [36m>[39m
              [36m<path[39m
                [33md[39m=[32m"m3 9 9-7 9 7v11a2 2 0 0 1-2 2H5a2 2 0 0 
1-2-2z"[39m
              [36m/>[39m
              [36m<polyline[39m
                [33mpoints[39m=[32m"9 22 9 12 15 12 15 22"[39m
              [36m/>[39m
            [36m</svg>[39m
            [0mInicio[0m
          [36m</button>[39m
        [36m</div>[39m
      [36m</div>[39m
    [36m</div>[39m
  [36m</div>[39m
[36m</body>[39m

Ignored nodes: comments, script, style
[36m<html>[39m
  [36m<head />[39m
  [36m<body>[39m
    [36m<div>[39m
      [36m<div[39m
        [33mclass[39m=[32m"max-w-md mx-auto text-center py-12 px-4"[39m
      [36m>[39m
        [36m<div[39m
          [33mclass[39m=[32m"flex justify-center mb-6"[39m
        [36m>[39m
          [36m<svg[39m
            [33mclass[39m=[32m"w-16 h-16 text-red-400"[39m
            [33mfill[39m=[32m"none"[39m
            [33mheight[39m=[32m"24"[39m
            [33mstroke[39m=[32m"currentColor"[39m
            [33mstroke-linecap[39m=[32m"round"[39m
            [33mstroke-linejoin[39m=[32m"round"[39m
            [33mstroke-width[39m=[32m"2"[39m
            [33mviewBox[39m=[32m"0 0 24 24"[39m
            [33mwidth[39m=[32m"24"[39m
            [33mxmlns[39m=[32m"http://www.w3.org/2000/svg"[39m
          [36m>[39m
            [36m<path[39m
              [33md[39m=[32m"m21.73 18-8-14a2 2 0 0 0-3.48 0l-8 14A2 2 0 0 0 4 
21h16a2 2 0 0 0 1.73-3Z"[39m
            [36m/>[39m
            [36m<path[39m
              [33md[39m=[32m"M12 9v4"[39m
            [36m/>[39m
            [36m<path[39m
              [33md[39m=[32m"M12 17h.01"[39m
            [36m/>[39m
          [36m</svg>[39m
        [36m</div>[39m
        [36m<h2[39m
          [33mclass[39m=[32m"text-2xl font-bold text-gray-900 mb-4"[39m
        [36m>[39m
          [0mCurso no v├ílido[0m
        [36m</h2>[39m
        [36m<p[39m
          [33mclass[39m=[32m"text-gray-600 mb-2"[39m
        [36m>[39m
          [0mLa URL del curso no es v├ílida.[0m
        [36m</p>[39m
        [36m<p[39m
          [33mclass[39m=[32m"text-sm text-gray-400 mb-8"[39m
        [36m>[39m
          [0mError: [0m
          [0mID de curso no v├ílido[0m
        [36m</p>[39m
        [36m<div[39m
          [33mclass[39m=[32m"space-y-3"[39m
        [36m>[39m
          [36m<div[39m
            [33mclass[39m=[32m"flex space-x-3"[39m
          [36m>[39m
            [36m<button[39m
              [33mclass[39m=[32m"flex-1 inline-flex items-center 
justify-center px-4 py-2 bg-gray-100 text-gray-700 font-medium rounded-lg 
hover:bg-gray-200 focus:outline-none focus:ring-2 focus:ring-gray-500 
focus:ring-offset-2 transition-colors duration-200"[39m
            [36m>[39m
              [36m<svg[39m
                [33mclass[39m=[32m"w-5 h-5 mr-2"[39m
                [33mfill[39m=[32m"none"[39m
                [33mheight[39m=[32m"24"[39m
                [33mstroke[39m=[32m"currentColor"[39m
                [33mstroke-linecap[39m=[32m"round"[39m
                [33mstroke-linejoin[39m=[32m"round"[39m
                [33mstroke-width[39m=[32m"2"[39m
                [33mviewBox[39m=[32m"0 0 24 24"[39m
                [33mwidth[39m=[32m"24"[39m
                [33mxmlns[39m=[32m"http://www.w3.org/2000/svg"[39m
              [36m>[39m
                [36m<path[39m
                  [33md[39m=[32m"m3 9 9-7 9 7v11a2 2 0 0 1-2 2H5a2 2 0 0 
1-2-2z"[39m
                [36m/>[39m
                [36m<polyline[39m
                  [33mpoints[39m=[32m"9 22 9 12 15 12 15 22"[39m
                [36m/>[39m
              [36m</svg>[39m
              [0mInicio[0m
            [36m</button>[39m
          [36m</div>[39m
        [36m</div>[39m
      [36m</div>[39m
    [36m</div>[39m
  [36m</body>[39m
[36m</html>[39m
[90m [2mÔØ»[22m Proxy.waitForWrapper 
node_modules/@testing-library/dom/dist/wait-for.js:[2m163:27[22m[39m
[36m [2mÔØ»[22m src/tests/integration/CourseFlow.test.tsx:[2m148:13[22m[39m
    [90m146| [39m      [34mrender[39m([33m<[39m[33mCourseDetailPage[39m 
[33m/[39m[33m>[39m)[33m;[39m
    [90m147| [39m      
    [90m148| [39m      [35mawait[39m [34mwaitFor[39m(() [33m=>[39m {
    [90m   | [39m            [31m^[39m
    [90m149| [39m        
[34mexpect[39m(screen[33m.[39m[34mgetByText[39m([32m'Complete React 
Course'[39m))[33m.[39m[34mtoBeInTheDoc[39mÔÇª
    [90m150| [39m      })[33m;[39m

[31m[2mÔÄ»ÔÄ»ÔÄ»ÔÄ»ÔÄ»ÔÄ»ÔÄ»ÔÄ»ÔÄ»ÔÄ»ÔÄ»ÔÄ»ÔÄ»ÔÄ»ÔÄ»ÔÄ»ÔÄ»ÔÄ»ÔÄ»ÔÄ»ÔÄ»ÔÄ»ÔÄ»[4/1
6]ÔÄ»[22m[39m

[31m[1m[7m FAIL [27m[22m[39m src/tests/integration/CourseFlow.test.tsx[2m 
> [22mCourse Flow Integration[2m > [22mError Handling[2m > [22mhandles 
course not found gracefully
[31m[1mTestingLibraryElementError[22m[39m: Unable to find an element with the 
text: /course not found/i. This could be because the text is broken up by 
multiple elements. In this case, you can provide a function for your text matcher 
to make your matcher more flexible.

Ignored nodes: comments, script, style
[36m<body>[39m
  [36m<div>[39m
    [36m<div[39m
      [33mclass[39m=[32m"max-w-md mx-auto text-center py-12 px-4"[39m
    [36m>[39m
      [36m<div[39m
        [33mclass[39m=[32m"flex justify-center mb-6"[39m
      [36m>[39m
        [36m<svg[39m
          [33mclass[39m=[32m"w-16 h-16 text-red-400"[39m
          [33mfill[39m=[32m"none"[39m
          [33mheight[39m=[32m"24"[39m
          [33mstroke[39m=[32m"currentColor"[39m
          [33mstroke-linecap[39m=[32m"round"[39m
          [33mstroke-linejoin[39m=[32m"round"[39m
          [33mstroke-width[39m=[32m"2"[39m
          [33mviewBox[39m=[32m"0 0 24 24"[39m
          [33mwidth[39m=[32m"24"[39m
          [33mxmlns[39m=[32m"http://www.w3.org/2000/svg"[39m
        [36m>[39m
          [36m<path[39m
            [33md[39m=[32m"m21.73 18-8-14a2 2 0 0 0-3.48 0l-8 14A2 2 0 0 0 4 
21h16a2 2 0 0 0 1.73-3Z"[39m
          [36m/>[39m
          [36m<path[39m
            [33md[39m=[32m"M12 9v4"[39m
          [36m/>[39m
          [36m<path[39m
            [33md[39m=[32m"M12 17h.01"[39m
          [36m/>[39m
        [36m</svg>[39m
      [36m</div>[39m
      [36m<h2[39m
        [33mclass[39m=[32m"text-2xl font-bold text-gray-900 mb-4"[39m
      [36m>[39m
        [0mCurso no v├ílido[0m
      [36m</h2>[39m
      [36m<p[39m
        [33mclass[39m=[32m"text-gray-600 mb-2"[39m
      [36m>[39m
        [0mLa URL del curso no es v├ílida.[0m
      [36m</p>[39m
      [36m<p[39m
        [33mclass[39m=[32m"text-sm text-gray-400 mb-8"[39m
      [36m>[39m
        [0mError: [0m
        [0mID de curso no v├ílido[0m
      [36m</p>[39m
      [36m<div[39m
        [33mclass[39m=[32m"space-y-3"[39m
      [36m>[39m
        [36m<div[39m
          [33mclass[39m=[32m"flex space-x-3"[39m
        [36m>[39m
          [36m<button[39m
            [33mclass[39m=[32m"flex-1 inline-flex items-center justify-center 
px-4 py-2 bg-gray-100 text-gray-700 font-medium rounded-lg hover:bg-gray-200 
focus:outline-none focus:ring-2 focus:ring-gray-500 focus:ring-offset-2 
transition-colors duration-200"[39m
          [36m>[39m
            [36m<svg[39m
              [33mclass[39m=[32m"w-5 h-5 mr-2"[39m
              [33mfill[39m=[32m"none"[39m
              [33mheight[39m=[32m"24"[39m
              [33mstroke[39m=[32m"currentColor"[39m
              [33mstroke-linecap[39m=[32m"round"[39m
              [33mstroke-linejoin[39m=[32m"round"[39m
              [33mstroke-width[39m=[32m"2"[39m
              [33mviewBox[39m=[32m"0 0 24 24"[39m
              [33mwidth[39m=[32m"24"[39m
              [33mxmlns[39m=[32m"http://www.w3.org/2000/svg"[39m
            [36m>[39m
              [36m<path[39m
                [33md[39m=[32m"m3 9 9-7 9 7v11a2 2 0 0 1-2 2H5a2 2 0 0 
1-2-2z"[39m
              [36m/>[39m
              [36m<polyline[39m
                [33mpoints[39m=[32m"9 22 9 12 15 12 15 22"[39m
              [36m/>[39m
            [36m</svg>[39m
            [0mInicio[0m
          [36m</button>[39m
        [36m</div>[39m
      [36m</div>[39m
    [36m</div>[39m
  [36m</div>[39m
[36m</body>[39m

Ignored nodes: comments, script, style
[36m<html>[39m
  [36m<head />[39m
  [36m<body>[39m
    [36m<div>[39m
      [36m<div[39m
        [33mclass[39m=[32m"max-w-md mx-auto text-center py-12 px-4"[39m
      [36m>[39m
        [36m<div[39m
          [33mclass[39m=[32m"flex justify-center mb-6"[39m
        [36m>[39m
          [36m<svg[39m
            [33mclass[39m=[32m"w-16 h-16 text-red-400"[39m
            [33mfill[39m=[32m"none"[39m
            [33mheight[39m=[32m"24"[39m
            [33mstroke[39m=[32m"currentColor"[39m
            [33mstroke-linecap[39m=[32m"round"[39m
            [33mstroke-linejoin[39m=[32m"round"[39m
            [33mstroke-width[39m=[32m"2"[39m
            [33mviewBox[39m=[32m"0 0 24 24"[39m
            [33mwidth[39m=[32m"24"[39m
            [33mxmlns[39m=[32m"http://www.w3.org/2000/svg"[39m
          [36m>[39m
            [36m<path[39m
              [33md[39m=[32m"m21.73 18-8-14a2 2 0 0 0-3.48 0l-8 14A2 2 0 0 0 4 
21h16a2 2 0 0 0 1.73-3Z"[39m
            [36m/>[39m
            [36m<path[39m
              [33md[39m=[32m"M12 9v4"[39m
            [36m/>[39m
            [36m<path[39m
              [33md[39m=[32m"M12 17h.01"[39m
            [36m/>[39m
          [36m</svg>[39m
        [36m</div>[39m
        [36m<h2[39m
          [33mclass[39m=[32m"text-2xl font-bold text-gray-900 mb-4"[39m
        [36m>[39m
          [0mCurso no v├ílido[0m
        [36m</h2>[39m
        [36m<p[39m
          [33mclass[39m=[32m"text-gray-600 mb-2"[39m
        [36m>[39m
          [0mLa URL del curso no es v├ílida.[0m
        [36m</p>[39m
        [36m<p[39m
          [33mclass[39m=[32m"text-sm text-gray-400 mb-8"[39m
        [36m>[39m
          [0mError: [0m
          [0mID de curso no v├ílido[0m
        [36m</p>[39m
        [36m<div[39m
          [33mclass[39m=[32m"space-y-3"[39m
        [36m>[39m
          [36m<div[39m
            [33mclass[39m=[32m"flex space-x-3"[39m
          [36m>[39m
            [36m<button[39m
              [33mclass[39m=[32m"flex-1 inline-flex items-center 
justify-center px-4 py-2 bg-gray-100 text-gray-700 font-medium rounded-lg 
hover:bg-gray-200 focus:outline-none focus:ring-2 focus:ring-gray-500 
focus:ring-offset-2 transition-colors duration-200"[39m
            [36m>[39m
              [36m<svg[39m
                [33mclass[39m=[32m"w-5 h-5 mr-2"[39m
                [33mfill[39m=[32m"none"[39m
                [33mheight[39m=[32m"24"[39m
                [33mstroke[39m=[32m"currentColor"[39m
                [33mstroke-linecap[39m=[32m"round"[39m
                [33mstroke-linejoin[39m=[32m"round"[39m
                [33mstroke-width[39m=[32m"2"[39m
                [33mviewBox[39m=[32m"0 0 24 24"[39m
                [33mwidth[39m=[32m"24"[39m
                [33mxmlns[39m=[32m"http://www.w3.org/2000/svg"[39m
              [36m>[39m
                [36m<path[39m
                  [33md[39m=[32m"m3 9 9-7 9 7v11a2 2 0 0 1-2 2H5a2 2 0 0 
1-2-2z"[39m
                [36m/>[39m
                [36m<polyline[39m
                  [33mpoints[39m=[32m"9 22 9 12 15 12 15 22"[39m
                [36m/>[39m
              [36m</svg>[39m
              [0mInicio[0m
            [36m</button>[39m
          [36m</div>[39m
        [36m</div>[39m
      [36m</div>[39m
    [36m</div>[39m
  [36m</body>[39m
[36m</html>[39m
[90m [2mÔØ»[22m Proxy.waitForWrapper 
node_modules/@testing-library/dom/dist/wait-for.js:[2m163:27[22m[39m
[36m [2mÔØ»[22m src/tests/integration/CourseFlow.test.tsx:[2m172:13[22m[39m
    [90m170| [39m      [34mrender[39m([33m<[39m[33mCourseDetailPage[39m 
[33m/[39m[33m>[39m)[33m;[39m
    [90m171| [39m      
    [90m172| [39m      [35mawait[39m [34mwaitFor[39m(() [33m=>[39m {
    [90m   | [39m            [31m^[39m
    [90m173| [39m        
[34mexpect[39m(screen[33m.[39m[34mgetByText[39m([36m/course not 
found/i[39m))[33m.[39m[34mtoBeInTheDocumen[39mÔÇª
    [90m174| [39m      })[33m;[39m

[31m[2mÔÄ»ÔÄ»ÔÄ»ÔÄ»ÔÄ»ÔÄ»ÔÄ»ÔÄ»ÔÄ»ÔÄ»ÔÄ»ÔÄ»ÔÄ»ÔÄ»ÔÄ»ÔÄ»ÔÄ»ÔÄ»ÔÄ»ÔÄ»ÔÄ»ÔÄ»ÔÄ»[5/1
6]ÔÄ»[22m[39m

[31m[1m[7m FAIL [27m[22m[39m src/tests/integration/CourseFlow.test.tsx[2m 
> [22mCourse Flow Integration[2m > [22mError Handling[2m > [22mhandles 
network errors in course listing
[31m[1mTestingLibraryElementError[22m: Unable to find an element with the 
text: /error loading courses/i. This could be because the text is broken up by 
multiple elements. In this case, you can provide a function for your text matcher 
to make your matcher more flexible.

Ignored nodes: comments, script, style
[36m<body>[31m
  [36m<div>[31m
    [36m<div[31m
      [33mclass[31m=[32m"text-center py-12"[31m
    [36m>[31m
      [36m<div[31m
        [33mclass[31m=[32m"bg-red-50 border border-red-200 rounded-lg p-6 
max-w-md mx-auto"[31m
      [36m>[31m
        [36m<svg[31m
          [33mclass[31m=[32m"mx-auto h-12 w-12 text-red-400 mb-4"[31m
          [33mfill[31m=[32m"none"[31m
          [33mstroke[31m=[32m"currentColor"[31m
          [33mviewBox[31m=[32m"0 0 24 24"[31m
        [36m>[31m
          [36m<path[31m
            [33md[31m=[32m"M12 8v4m0 4h.01M21 12a9 9 0 11-18 0 9 9 0 0118 
0z"[31m
            [33mstroke-linecap[31m=[32m"round"[31m
            [33mstroke-linejoin[31m=[32m"round"[31m
            [33mstroke-width[31m=[32m"2"[31m
          [36m/>[31m
        [36m</svg>[31m
        [36m<h3[31m
          [33mclass[31m=[32m"text-lg font-medium text-red-800 mb-2"[31m
        [36m>[31m
          [0mError al cargar cursos[0m
        [36m</h3>[31m
        [36m<p[31m
          [33mclass[31m=[32m"text-red-600 mb-4"[31m
        [36m>[31m
          [0mError al obtener cursos disponibles[0m
        [36m</p>[31m
        [36m<button[31m
          [33mclass[31m=[32m"bg-red-600 text-white px-4 py-2 rounded-md 
hover:bg-red-700 transition-colors"[31m
        [36m>[31m
          [0mReintentar[0m
        [36m</button>[31m
      [36m</div>[31m
    [36m</div>[31m
  [36m</div>[31m
[36m</body>[31m

Ignored nodes: comments, script, style
[36m<html>[31m
  [36m<head />[31m
  [36m<body>[31m
    [36m<div>[31m
      [36m<div[31m
        [33mclass[31m=[32m"text-center py-12"[31m
      [36m>[31m
        [36m<div[31m
          [33mclass[31m=[32m"bg-red-50 border border-red-200 rounded-lg p-6 
max-w-md mx-auto"[31m
        [36m>[31m
          [36m<svg[31m
            [33mclass[31m=[32m"mx-auto h-12 w-12 text-red-400 mb-4"[31m
            [33mfill[31m=[32m"none"[31m
            [33mstroke[31m=[32m"currentColor"[31m
            [33mviewBox[31m=[32m"0 0 24 24"[31m
          [36m>[31m
            [36m<path[31m
              [33md[31m=[32m"M12 8v4m0 4h.01M21 12a9 9 0 11-18 0 9 9 0 0118 
0z"[31m
              [33mstroke-linecap[31m=[32m"round"[31m
              [33mstroke-linejoin[31m=[32m"round"[31m
              [33mstroke-width[31m=[32m"2"[31m
            [36m/>[31m
          [36m</svg>[31m
          [36m<h3[31m
            [33mclass[31m=[32m"text-lg font-medium text-red-800 mb-2"[31m
          [36m>[31m
            [0mError al cargar cursos[0m
          [36m</h3>[31m
          [36m<p[31m
            [33mclass[31m=[32m"text-red-600 mb-4"[31m
          [36m>[31m
            [0mError al obtener cursos disponibles[0m
          [36m</p>[31m
          [36m<button[31m
            [33mclass[31m=[32m"bg-red-600 text-white px-4 py-2 rounded-md 
hover:bg-red-700 transition-colors"[31m
          [36m>[31m
            [0mReintentar[0m
          [36m</button>[31m
        [36m</div>[31m
      [36m</div>[31m
    [36m</div>[31m
  [36m</body>[31m
[36m</html>[31m[39m
[90m [2mÔØ»[22m Proxy.waitForWrapper 
node_modules/@testing-library/dom/dist/wait-for.js:[2m163:27[22m[39m
[36m [2mÔØ»[22m src/tests/integration/CourseFlow.test.tsx:[2m186:13[22m[39m
    [90m184| [39m      [34mrender[39m([33m<[39m[33mCoursesPage[39m 
[33m/[39m[33m>[39m)[33m;[39m
    [90m185| [39m      
    [90m186| [39m      [35mawait[39m [34mwaitFor[39m(() [33m=>[39m {
    [90m   | [39m            [31m^[39m
    [90m187| [39m        
[34mexpect[39m(screen[33m.[39m[34mgetByText[39m([36m/error loading 
courses/i[39m))[33m.[39m[34mtoBeInTheDo[39mÔÇª
    [90m188| [39m      })[33m;[39m

[31m[2mÔÄ»ÔÄ»ÔÄ»ÔÄ»ÔÄ»ÔÄ»ÔÄ»ÔÄ»ÔÄ»ÔÄ»ÔÄ»ÔÄ»ÔÄ»ÔÄ»ÔÄ»ÔÄ»ÔÄ»ÔÄ»ÔÄ»ÔÄ»ÔÄ»ÔÄ»ÔÄ»[6/1
6]ÔÄ»[22m[39m

[31m[1m[7m FAIL [27m[22m[39m src/tests/integration/CourseFlow.test.tsx[2m 
> [22mCourse Flow Integration[2m > [22mError Handling[2m > [22mhandles 
enrollment errors
[31m[1mTestingLibraryElementError[22m[39m: Unable to find role="button" and 
name `/enroll/i`

Ignored nodes: comments, script, style
[36m<body>[39m
  [36m<div>[39m
    [36m<div[39m
      [33mclass[39m=[32m"max-w-md mx-auto text-center py-12 px-4"[39m
    [36m>[39m
      [36m<div[39m
        [33mclass[39m=[32m"flex justify-center mb-6"[39m
      [36m>[39m
        [36m<svg[39m
          [33mclass[39m=[32m"w-16 h-16 text-red-400"[39m
          [33mfill[39m=[32m"none"[39m
          [33mheight[39m=[32m"24"[39m
          [33mstroke[39m=[32m"currentColor"[39m
          [33mstroke-linecap[39m=[32m"round"[39m
          [33mstroke-linejoin[39m=[32m"round"[39m
          [33mstroke-width[39m=[32m"2"[39m
          [33mviewBox[39m=[32m"0 0 24 24"[39m
          [33mwidth[39m=[32m"24"[39m
          [33mxmlns[39m=[32m"http://www.w3.org/2000/svg"[39m
        [36m>[39m
          [36m<path[39m
            [33md[39m=[32m"m21.73 18-8-14a2 2 0 0 0-3.48 0l-8 14A2 2 0 0 0 4 
21h16a2 2 0 0 0 1.73-3Z"[39m
          [36m/>[39m
          [36m<path[39m
            [33md[39m=[32m"M12 9v4"[39m
          [36m/>[39m
          [36m<path[39m
            [33md[39m=[32m"M12 17h.01"[39m
          [36m/>[39m
        [36m</svg>[39m
      [36m</div>[39m
      [36m<h2[39m
        [33mclass[39m=[32m"text-2xl font-bold text-gray-900 mb-4"[39m
      [36m>[39m
        [0mCurso no v├ílido[0m
      [36m</h2>[39m
      [36m<p[39m
        [33mclass[39m=[32m"text-gray-600 mb-2"[39m
      [36m>[39m
        [0mLa URL del curso no es v├ílida.[0m
      [36m</p>[39m
      [36m<p[39m
        [33mclass[39m=[32m"text-sm text-gray-400 mb-8"[39m
      [36m>[39m
        [0mError: [0m
        [0mID de curso no v├ílido[0m
      [36m</p>[39m
      [36m<div[39m
        [33mclass[39m=[32m"space-y-3"[39m
      [36m>[39m
        [36m<div[39m
          [33mclass[39m=[32m"flex space-x-3"[39m
        [36m>[39m
          [36m<button[39m
            [33mclass[39m=[32m"flex-1 inline-flex items-center justify-center 
px-4 py-2 bg-gray-100 text-gray-700 font-medium rounded-lg hover:bg-gray-200 
focus:outline-none focus:ring-2 focus:ring-gray-500 focus:ring-offset-2 
transition-colors duration-200"[39m
          [36m>[39m
            [36m<svg[39m
              [33mclass[39m=[32m"w-5 h-5 mr-2"[39m
              [33mfill[39m=[32m"none"[39m
              [33mheight[39m=[32m"24"[39m
              [33mstroke[39m=[32m"currentColor"[39m
              [33mstroke-linecap[39m=[32m"round"[39m
              [33mstroke-linejoin[39m=[32m"round"[39m
              [33mstroke-width[39m=[32m"2"[39m
              [33mviewBox[39m=[32m"0 0 24 24"[39m
              [33mwidth[39m=[32m"24"[39m
              [33mxmlns[39m=[32m"http://www.w3.org/2000/svg"[39m
            [36m>[39m
              [36m<path[39m
                [33md[39m=[32m"m3 9 9-7 9 7v11a2 2 0 0 1-2 2H5a2 2 0 0 
1-2-2z"[39m
              [36m/>[39m
              [36m<polyline[39m
                [33mpoints[39m=[32m"9 22 9 12 15 12 15 22"[39m
              [36m/>[39m
            [36m</svg>[39m
            [0mInicio[0m
          [36m</button>[39m
        [36m</div>[39m
      [36m</div>[39m
    [36m</div>[39m
  [36m</div>[39m
[36m</body>[39m

Ignored nodes: comments, script, style
[36m<html>[39m
  [36m<head />[39m
  [36m<body>[39m
    [36m<div>[39m
      [36m<div[39m
        [33mclass[39m=[32m"max-w-md mx-auto text-center py-12 px-4"[39m
      [36m>[39m
        [36m<div[39m
          [33mclass[39m=[32m"flex justify-center mb-6"[39m
        [36m>[39m
          [36m<svg[39m
            [33mclass[39m=[32m"w-16 h-16 text-red-400"[39m
            [33mfill[39m=[32m"none"[39m
            [33mheight[39m=[32m"24"[39m
            [33mstroke[39m=[32m"currentColor"[39m
            [33mstroke-linecap[39m=[32m"round"[39m
            [33mstroke-linejoin[39m=[32m"round"[39m
            [33mstroke-width[39m=[32m"2"[39m
            [33mviewBox[39m=[32m"0 0 24 24"[39m
            [33mwidth[39m=[32m"24"[39m
            [33mxmlns[39m=[32m"http://www.w3.org/2000/svg"[39m
          [36m>[39m
            [36m<path[39m
              [33md[39m=[32m"m21.73 18-8-14a2 2 0 0 0-3.48 0l-8 14A2 2 0 0 0 4 
21h16a2 2 0 0 0 1.73-3Z"[39m
            [36m/>[39m
            [36m<path[39m
              [33md[39m=[32m"M12 9v4"[39m
            [36m/>[39m
            [36m<path[39m
              [33md[39m=[32m"M12 17h.01"[39m
            [36m/>[39m
          [36m</svg>[39m
        [36m</div>[39m
        [36m<h2[39m
          [33mclass[39m=[32m"text-2xl font-bold text-gray-900 mb-4"[39m
        [36m>[39m
          [0mCurso no v├ílido[0m
        [36m</h2>[39m
        [36m<p[39m
          [33mclass[39m=[32m"text-gray-600 mb-2"[39m
        [36m>[39m
          [0mLa URL del curso no es v├ílida.[0m
        [36m</p>[39m
        [36m<p[39m
          [33mclass[39m=[32m"text-sm text-gray-400 mb-8"[39m
        [36m>[39m
          [0mError: [0m
          [0mID de curso no v├ílido[0m
        [36m</p>[39m
        [36m<div[39m
          [33mclass[39m=[32m"space-y-3"[39m
        [36m>[39m
          [36m<div[39m
            [33mclass[39m=[32m"flex space-x-3"[39m
          [36m>[39m
            [36m<button[39m
              [33mclass[39m=[32m"flex-1 inline-flex items-center 
justify-center px-4 py-2 bg-gray-100 text-gray-700 font-medium rounded-lg 
hover:bg-gray-200 focus:outline-none focus:ring-2 focus:ring-gray-500 
focus:ring-offset-2 transition-colors duration-200"[39m
            [36m>[39m
              [36m<svg[39m
                [33mclass[39m=[32m"w-5 h-5 mr-2"[39m
                [33mfill[39m=[32m"none"[39m
                [33mheight[39m=[32m"24"[39m
                [33mstroke[39m=[32m"currentColor"[39m
                [33mstroke-linecap[39m=[32m"round"[39m
                [33mstroke-linejoin[39m=[32m"round"[39m
                [33mstroke-width[39m=[32m"2"[39m
                [33mviewBox[39m=[32m"0 0 24 24"[39m
                [33mwidth[39m=[32m"24"[39m
                [33mxmlns[39m=[32m"http://www.w3.org/2000/svg"[39m
              [36m>[39m
                [36m<path[39m
                  [33md[39m=[32m"m3 9 9-7 9 7v11a2 2 0 0 1-2 2H5a2 2 0 0 
1-2-2z"[39m
                [36m/>[39m
                [36m<polyline[39m
                  [33mpoints[39m=[32m"9 22 9 12 15 12 15 22"[39m
                [36m/>[39m
              [36m</svg>[39m
              [0mInicio[0m
            [36m</button>[39m
          [36m</div>[39m
        [36m</div>[39m
      [36m</div>[39m
    [36m</div>[39m
  [36m</body>[39m
[36m</html>[39m
[90m [2mÔØ»[22m Proxy.waitForWrapper 
node_modules/@testing-library/dom/dist/wait-for.js:[2m163:27[22m[39m
[36m [2mÔØ»[22m src/tests/integration/CourseFlow.test.tsx:[2m200:13[22m[39m
    [90m198| [39m      [34mrender[39m([33m<[39m[33mCourseDetailPage[39m 
[33m/[39m[33m>[39m)[33m;[39m
    [90m199| [39m      
    [90m200| [39m      [35mawait[39m [34mwaitFor[39m(() [33m=>[39m {
    [90m   | [39m            [31m^[39m
    [90m201| [39m        [34mexpect[39m(screen[33m.[39m[34mgetByRole[39m(
[32m'button'[39m[33m,[39m { name[33m:[39m [36m/enroll/i[39m 
}))[33m.[39m[34mtoBeIn[39mÔÇª
    [90m202| [39m      })[33m;[39m

[31m[2mÔÄ»ÔÄ»ÔÄ»ÔÄ»ÔÄ»ÔÄ»ÔÄ»ÔÄ»ÔÄ»ÔÄ»ÔÄ»ÔÄ»ÔÄ»ÔÄ»ÔÄ»ÔÄ»ÔÄ»ÔÄ»ÔÄ»ÔÄ»ÔÄ»ÔÄ»ÔÄ»[7/1
6]ÔÄ»[22m[39m

[31m[1m[7m FAIL [27m[22m[39m src/tests/integration/CourseFlow.test.tsx[2m 
> [22mCourse Flow Integration[2m > [22mAuthentication Flow Integration[2m > 
[22mredirects to login when accessing protected content without auth
[31m[1mTestingLibraryElementError[22m[39m: Unable to find an element with the 
text: /please log in/i. This could be because the text is broken up by multiple 
elements. In this case, you can provide a function for your text matcher to make 
your matcher more flexible.

Ignored nodes: comments, script, style
[36m<body>[39m
  [36m<div>[39m
    [36m<div[39m
      [33mclass[39m=[32m"max-w-md mx-auto text-center py-12 px-4"[39m
    [36m>[39m
      [36m<div[39m
        [33mclass[39m=[32m"flex justify-center mb-6"[39m
      [36m>[39m
        [36m<svg[39m
          [33mclass[39m=[32m"w-16 h-16 text-red-400"[39m
          [33mfill[39m=[32m"none"[39m
          [33mheight[39m=[32m"24"[39m
          [33mstroke[39m=[32m"currentColor"[39m
          [33mstroke-linecap[39m=[32m"round"[39m
          [33mstroke-linejoin[39m=[32m"round"[39m
          [33mstroke-width[39m=[32m"2"[39m
          [33mviewBox[39m=[32m"0 0 24 24"[39m
          [33mwidth[39m=[32m"24"[39m
          [33mxmlns[39m=[32m"http://www.w3.org/2000/svg"[39m
        [36m>[39m
          [36m<path[39m
            [33md[39m=[32m"m21.73 18-8-14a2 2 0 0 0-3.48 0l-8 14A2 2 0 0 0 4 
21h16a2 2 0 0 0 1.73-3Z"[39m
          [36m/>[39m
          [36m<path[39m
            [33md[39m=[32m"M12 9v4"[39m
          [36m/>[39m
          [36m<path[39m
            [33md[39m=[32m"M12 17h.01"[39m
          [36m/>[39m
        [36m</svg>[39m
      [36m</div>[39m
      [36m<h2[39m
        [33mclass[39m=[32m"text-2xl font-bold text-gray-900 mb-4"[39m
      [36m>[39m
        [0mCurso no v├ílido[0m
      [36m</h2>[39m
      [36m<p[39m
        [33mclass[39m=[32m"text-gray-600 mb-2"[39m
      [36m>[39m
        [0mLa URL del curso no es v├ílida.[0m
      [36m</p>[39m
      [36m<p[39m
        [33mclass[39m=[32m"text-sm text-gray-400 mb-8"[39m
      [36m>[39m
        [0mError: [0m
        [0mID de curso no v├ílido[0m
      [36m</p>[39m
      [36m<div[39m
        [33mclass[39m=[32m"space-y-3"[39m
      [36m>[39m
        [36m<div[39m
          [33mclass[39m=[32m"flex space-x-3"[39m
        [36m>[39m
          [36m<button[39m
            [33mclass[39m=[32m"flex-1 inline-flex items-center justify-center 
px-4 py-2 bg-gray-100 text-gray-700 font-medium rounded-lg hover:bg-gray-200 
focus:outline-none focus:ring-2 focus:ring-gray-500 focus:ring-offset-2 
transition-colors duration-200"[39m
          [36m>[39m
            [36m<svg[39m
              [33mclass[39m=[32m"w-5 h-5 mr-2"[39m
              [33mfill[39m=[32m"none"[39m
              [33mheight[39m=[32m"24"[39m
              [33mstroke[39m=[32m"currentColor"[39m
              [33mstroke-linecap[39m=[32m"round"[39m
              [33mstroke-linejoin[39m=[32m"round"[39m
              [33mstroke-width[39m=[32m"2"[39m
              [33mviewBox[39m=[32m"0 0 24 24"[39m
              [33mwidth[39m=[32m"24"[39m
              [33mxmlns[39m=[32m"http://www.w3.org/2000/svg"[39m
            [36m>[39m
              [36m<path[39m
                [33md[39m=[32m"m3 9 9-7 9 7v11a2 2 0 0 1-2 2H5a2 2 0 0 
1-2-2z"[39m
              [36m/>[39m
              [36m<polyline[39m
                [33mpoints[39m=[32m"9 22 9 12 15 12 15 22"[39m
              [36m/>[39m
            [36m</svg>[39m
            [0mInicio[0m
          [36m</button>[39m
        [36m</div>[39m
      [36m</div>[39m
    [36m</div>[39m
  [36m</div>[39m
[36m</body>[39m

Ignored nodes: comments, script, style
[36m<html>[39m
  [36m<head />[39m
  [36m<body>[39m
    [36m<div>[39m
      [36m<div[39m
        [33mclass[39m=[32m"max-w-md mx-auto text-center py-12 px-4"[39m
      [36m>[39m
        [36m<div[39m
          [33mclass[39m=[32m"flex justify-center mb-6"[39m
        [36m>[39m
          [36m<svg[39m
            [33mclass[39m=[32m"w-16 h-16 text-red-400"[39m
            [33mfill[39m=[32m"none"[39m
            [33mheight[39m=[32m"24"[39m
            [33mstroke[39m=[32m"currentColor"[39m
            [33mstroke-linecap[39m=[32m"round"[39m
            [33mstroke-linejoin[39m=[32m"round"[39m
            [33mstroke-width[39m=[32m"2"[39m
            [33mviewBox[39m=[32m"0 0 24 24"[39m
            [33mwidth[39m=[32m"24"[39m
            [33mxmlns[39m=[32m"http://www.w3.org/2000/svg"[39m
          [36m>[39m
            [36m<path[39m
              [33md[39m=[32m"m21.73 18-8-14a2 2 0 0 0-3.48 0l-8 14A2 2 0 0 0 4 
21h16a2 2 0 0 0 1.73-3Z"[39m
            [36m/>[39m
            [36m<path[39m
              [33md[39m=[32m"M12 9v4"[39m
            [36m/>[39m
            [36m<path[39m
              [33md[39m=[32m"M12 17h.01"[39m
            [36m/>[39m
          [36m</svg>[39m
        [36m</div>[39m
        [36m<h2[39m
          [33mclass[39m=[32m"text-2xl font-bold text-gray-900 mb-4"[39m
        [36m>[39m
          [0mCurso no v├ílido[0m
        [36m</h2>[39m
        [36m<p[39m
          [33mclass[39m=[32m"text-gray-600 mb-2"[39m
        [36m>[39m
          [0mLa URL del curso no es v├ílida.[0m
        [36m</p>[39m
        [36m<p[39m
          [33mclass[39m=[32m"text-sm text-gray-400 mb-8"[39m
        [36m>[39m
          [0mError: [0m
          [0mID de curso no v├ílido[0m
        [36m</p>[39m
        [36m<div[39m
          [33mclass[39m=[32m"space-y-3"[39m
        [36m>[39m
          [36m<div[39m
            [33mclass[39m=[32m"flex space-x-3"[39m
          [36m>[39m
            [36m<button[39m
              [33mclass[39m=[32m"flex-1 inline-flex items-center 
justify-center px-4 py-2 bg-gray-100 text-gray-700 font-medium rounded-lg 
hover:bg-gray-200 focus:outline-none focus:ring-2 focus:ring-gray-500 
focus:ring-offset-2 transition-colors duration-200"[39m
            [36m>[39m
              [36m<svg[39m
                [33mclass[39m=[32m"w-5 h-5 mr-2"[39m
                [33mfill[39m=[32m"none"[39m
                [33mheight[39m=[32m"24"[39m
                [33mstroke[39m=[32m"currentColor"[39m
                [33mstroke-linecap[39m=[32m"round"[39m
                [33mstroke-linejoin[39m=[32m"round"[39m
                [33mstroke-width[39m=[32m"2"[39m
                [33mviewBox[39m=[32m"0 0 24 24"[39m
                [33mwidth[39m=[32m"24"[39m
                [33mxmlns[39m=[32m"http://www.w3.org/2000/svg"[39m
              [36m>[39m
                [36m<path[39m
                  [33md[39m=[32m"m3 9 9-7 9 7v11a2 2 0 0 1-2 2H5a2 2 0 0 
1-2-2z"[39m
                [36m/>[39m
                [36m<polyline[39m
                  [33mpoints[39m=[32m"9 22 9 12 15 12 15 22"[39m
                [36m/>[39m
              [36m</svg>[39m
              [0mInicio[0m
            [36m</button>[39m
          [36m</div>[39m
        [36m</div>[39m
      [36m</div>[39m
    [36m</div>[39m
  [36m</body>[39m
[36m</html>[39m
[90m [2mÔØ»[22m Proxy.waitForWrapper 
node_modules/@testing-library/dom/dist/wait-for.js:[2m163:27[22m[39m
[36m [2mÔØ»[22m src/tests/integration/CourseFlow.test.tsx:[2m219:13[22m[39m
    [90m217| [39m      [34mrender[39m([33m<[39m[33mCourseDetailPage[39m 
[33m/[39m[33m>[39m)[33m;[39m
    [90m218| [39m      
    [90m219| [39m      [35mawait[39m [34mwaitFor[39m(() [33m=>[39m {
    [90m   | [39m            [31m^[39m
    [90m220| [39m        
[34mexpect[39m(screen[33m.[39m[34mgetByText[39m([36m/please log 
in/i[39m))[33m.[39m[34mtoBeInTheDocument[39m()[33m;[39m
    [90m221| [39m      })[33m;[39m

[31m[2mÔÄ»ÔÄ»ÔÄ»ÔÄ»ÔÄ»ÔÄ»ÔÄ»ÔÄ»ÔÄ»ÔÄ»ÔÄ»ÔÄ»ÔÄ»ÔÄ»ÔÄ»ÔÄ»ÔÄ»ÔÄ»ÔÄ»ÔÄ»ÔÄ»ÔÄ»ÔÄ»[8/1
6]ÔÄ»[22m[39m

[31m[1m[7m FAIL [27m[22m[39m src/tests/integration/CourseFlow.test.tsx[2m 
> [22mCourse Flow Integration[2m > [22mAuthentication Flow Integration[2m > 
[22mshows different content based on enrollment status
[31m[1mTestingLibraryElementError[22m[39m: Unable to find an element with the 
text: /continue learning/i. This could be because the text is broken up by 
multiple elements. In this case, you can provide a function for your text matcher 
to make your matcher more flexible.

Ignored nodes: comments, script, style
[36m<body>[39m
  [36m<div>[39m
    [36m<div[39m
      [33mclass[39m=[32m"max-w-md mx-auto text-center py-12 px-4"[39m
    [36m>[39m
      [36m<div[39m
        [33mclass[39m=[32m"flex justify-center mb-6"[39m
      [36m>[39m
        [36m<svg[39m
          [33mclass[39m=[32m"w-16 h-16 text-red-400"[39m
          [33mfill[39m=[32m"none"[39m
          [33mheight[39m=[32m"24"[39m
          [33mstroke[39m=[32m"currentColor"[39m
          [33mstroke-linecap[39m=[32m"round"[39m
          [33mstroke-linejoin[39m=[32m"round"[39m
          [33mstroke-width[39m=[32m"2"[39m
          [33mviewBox[39m=[32m"0 0 24 24"[39m
          [33mwidth[39m=[32m"24"[39m
          [33mxmlns[39m=[32m"http://www.w3.org/2000/svg"[39m
        [36m>[39m
          [36m<path[39m
            [33md[39m=[32m"m21.73 18-8-14a2 2 0 0 0-3.48 0l-8 14A2 2 0 0 0 4 
21h16a2 2 0 0 0 1.73-3Z"[39m
          [36m/>[39m
          [36m<path[39m
            [33md[39m=[32m"M12 9v4"[39m
          [36m/>[39m
          [36m<path[39m
            [33md[39m=[32m"M12 17h.01"[39m
          [36m/>[39m
        [36m</svg>[39m
      [36m</div>[39m
      [36m<h2[39m
        [33mclass[39m=[32m"text-2xl font-bold text-gray-900 mb-4"[39m
      [36m>[39m
        [0mCurso no v├ílido[0m
      [36m</h2>[39m
      [36m<p[39m
        [33mclass[39m=[32m"text-gray-600 mb-2"[39m
      [36m>[39m
        [0mLa URL del curso no es v├ílida.[0m
      [36m</p>[39m
      [36m<p[39m
        [33mclass[39m=[32m"text-sm text-gray-400 mb-8"[39m
      [36m>[39m
        [0mError: [0m
        [0mID de curso no v├ílido[0m
      [36m</p>[39m
      [36m<div[39m
        [33mclass[39m=[32m"space-y-3"[39m
      [36m>[39m
        [36m<div[39m
          [33mclass[39m=[32m"flex space-x-3"[39m
        [36m>[39m
          [36m<button[39m
            [33mclass[39m=[32m"flex-1 inline-flex items-center justify-center 
px-4 py-2 bg-gray-100 text-gray-700 font-medium rounded-lg hover:bg-gray-200 
focus:outline-none focus:ring-2 focus:ring-gray-500 focus:ring-offset-2 
transition-colors duration-200"[39m
          [36m>[39m
            [36m<svg[39m
              [33mclass[39m=[32m"w-5 h-5 mr-2"[39m
              [33mfill[39m=[32m"none"[39m
              [33mheight[39m=[32m"24"[39m
              [33mstroke[39m=[32m"currentColor"[39m
              [33mstroke-linecap[39m=[32m"round"[39m
              [33mstroke-linejoin[39m=[32m"round"[39m
              [33mstroke-width[39m=[32m"2"[39m
              [33mviewBox[39m=[32m"0 0 24 24"[39m
              [33mwidth[39m=[32m"24"[39m
              [33mxmlns[39m=[32m"http://www.w3.org/2000/svg"[39m
            [36m>[39m
              [36m<path[39m
                [33md[39m=[32m"m3 9 9-7 9 7v11a2 2 0 0 1-2 2H5a2 2 0 0 
1-2-2z"[39m
              [36m/>[39m
              [36m<polyline[39m
                [33mpoints[39m=[32m"9 22 9 12 15 12 15 22"[39m
              [36m/>[39m
            [36m</svg>[39m
            [0mInicio[0m
          [36m</button>[39m
        [36m</div>[39m
      [36m</div>[39m
    [36m</div>[39m
  [36m</div>[39m
[36m</body>[39m

Ignored nodes: comments, script, style
[36m<html>[39m
  [36m<head />[39m
  [36m<body>[39m
    [36m<div>[39m
      [36m<div[39m
        [33mclass[39m=[32m"max-w-md mx-auto text-center py-12 px-4"[39m
      [36m>[39m
        [36m<div[39m
          [33mclass[39m=[32m"flex justify-center mb-6"[39m
        [36m>[39m
          [36m<svg[39m
            [33mclass[39m=[32m"w-16 h-16 text-red-400"[39m
            [33mfill[39m=[32m"none"[39m
            [33mheight[39m=[32m"24"[39m
            [33mstroke[39m=[32m"currentColor"[39m
            [33mstroke-linecap[39m=[32m"round"[39m
            [33mstroke-linejoin[39m=[32m"round"[39m
            [33mstroke-width[39m=[32m"2"[39m
            [33mviewBox[39m=[32m"0 0 24 24"[39m
            [33mwidth[39m=[32m"24"[39m
            [33mxmlns[39m=[32m"http://www.w3.org/2000/svg"[39m
          [36m>[39m
            [36m<path[39m
              [33md[39m=[32m"m21.73 18-8-14a2 2 0 0 0-3.48 0l-8 14A2 2 0 0 0 4 
21h16a2 2 0 0 0 1.73-3Z"[39m
            [36m/>[39m
            [36m<path[39m
              [33md[39m=[32m"M12 9v4"[39m
            [36m/>[39m
            [36m<path[39m
              [33md[39m=[32m"M12 17h.01"[39m
            [36m/>[39m
          [36m</svg>[39m
        [36m</div>[39m
        [36m<h2[39m
          [33mclass[39m=[32m"text-2xl font-bold text-gray-900 mb-4"[39m
        [36m>[39m
          [0mCurso no v├ílido[0m
        [36m</h2>[39m
        [36m<p[39m
          [33mclass[39m=[32m"text-gray-600 mb-2"[39m
        [36m>[39m
          [0mLa URL del curso no es v├ílida.[0m
        [36m</p>[39m
        [36m<p[39m
          [33mclass[39m=[32m"text-sm text-gray-400 mb-8"[39m
        [36m>[39m
          [0mError: [0m
          [0mID de curso no v├ílido[0m
        [36m</p>[39m
        [36m<div[39m
          [33mclass[39m=[32m"space-y-3"[39m
        [36m>[39m
          [36m<div[39m
            [33mclass[39m=[32m"flex space-x-3"[39m
          [36m>[39m
            [36m<button[39m
              [33mclass[39m=[32m"flex-1 inline-flex items-center 
justify-center px-4 py-2 bg-gray-100 text-gray-700 font-medium rounded-lg 
hover:bg-gray-200 focus:outline-none focus:ring-2 focus:ring-gray-500 
focus:ring-offset-2 transition-colors duration-200"[39m
            [36m>[39m
              [36m<svg[39m
                [33mclass[39m=[32m"w-5 h-5 mr-2"[39m
                [33mfill[39m=[32m"none"[39m
                [33mheight[39m=[32m"24"[39m
                [33mstroke[39m=[32m"currentColor"[39m
                [33mstroke-linecap[39m=[32m"round"[39m
                [33mstroke-linejoin[39m=[32m"round"[39m
                [33mstroke-width[39m=[32m"2"[39m
                [33mviewBox[39m=[32m"0 0 24 24"[39m
                [33mwidth[39m=[32m"24"[39m
                [33mxmlns[39m=[32m"http://www.w3.org/2000/svg"[39m
              [36m>[39m
                [36m<path[39m
                  [33md[39m=[32m"m3 9 9-7 9 7v11a2 2 0 0 1-2 2H5a2 2 0 0 
1-2-2z"[39m
                [36m/>[39m
                [36m<polyline[39m
                  [33mpoints[39m=[32m"9 22 9 12 15 12 15 22"[39m
                [36m/>[39m
              [36m</svg>[39m
              [0mInicio[0m
            [36m</button>[39m
          [36m</div>[39m
        [36m</div>[39m
      [36m</div>[39m
    [36m</div>[39m
  [36m</body>[39m
[36m</html>[39m
[90m [2mÔØ»[22m Proxy.waitForWrapper 
node_modules/@testing-library/dom/dist/wait-for.js:[2m163:27[22m[39m
[36m [2mÔØ»[22m src/tests/integration/CourseFlow.test.tsx:[2m241:13[22m[39m
    [90m239| [39m      [34mrender[39m([33m<[39m[33mCourseDetailPage[39m 
[33m/[39m[33m>[39m)[33m;[39m
    [90m240| [39m      
    [90m241| [39m      [35mawait[39m [34mwaitFor[39m(() [33m=>[39m {
    [90m   | [39m            [31m^[39m
    [90m242| [39m        
[34mexpect[39m(screen[33m.[39m[34mgetByText[39m([36m/continue 
learning/i[39m))[33m.[39m[34mtoBeInTheDocume[39mÔÇª
    [90m243| [39m        
[34mexpect[39m(screen[33m.[39m[34mgetByText[39m([36m/50% 
complete/i[39m))[33m.[39m[34mtoBeInTheDocument[39m()[33m;[39m

[31m[2mÔÄ»ÔÄ»ÔÄ»ÔÄ»ÔÄ»ÔÄ»ÔÄ»ÔÄ»ÔÄ»ÔÄ»ÔÄ»ÔÄ»ÔÄ»ÔÄ»ÔÄ»ÔÄ»ÔÄ»ÔÄ»ÔÄ»ÔÄ»ÔÄ»ÔÄ»ÔÄ»[9/1
6]ÔÄ»[22m[39m

[31m[1m[7m FAIL [27m[22m[39m src/tests/services/courseService.test.ts[2m > 
[22mCourseService[2m > [22mgetCourse[2m > [22mincludes auth token in request
[31m[1mAssertionError[22m: expected '' to be 'Bearer mock-jwt-token' // 
Object.is equality[39m

[32m- Expected[39m
[31m+ Received[39m

[32m- Bearer mock-jwt-token[39m

[36m [2mÔØ»[22m src/tests/services/courseService.test.ts:[2m89:26[22m[39m
    [90m 87| [39m      [90m// Verificar que el header Authorization est├® 
presente[39m
    [90m 88| [39m      [35mconst[39m authHeader [33m=[39m requestHeaders[33
m![39m[33m.[39m[35mget[39m([32m'authorization'[39m)[33m;[39m
    [90m 89| [39m      
[34mexpect[39m(authHeader)[33m.[39m[34mtoBe[39m([32m'Bearer 
mock-jwt-token'[39m)[33m;[39m
    [90m   | [39m                         [31m^[39m
    [90m 90| [39m    })[33m;[39m
    [90m 91| [39m  })[33m;[39m

[31m[2mÔÄ»ÔÄ»ÔÄ»ÔÄ»ÔÄ»ÔÄ»ÔÄ»ÔÄ»ÔÄ»ÔÄ»ÔÄ»ÔÄ»ÔÄ»ÔÄ»ÔÄ»ÔÄ»ÔÄ»ÔÄ»ÔÄ»ÔÄ»ÔÄ»ÔÄ»[10/16]
ÔÄ»[22m[39m

[31m[1m[7m FAIL [27m[22m[39m 
src/tests/components/auth/LoginForm.test.tsx[2m > [22mLoginForm[2m > 
[22mvalidates email format
[31m[1mTestingLibraryElementError[22m[39m: Unable to find an element with the 
text: /email v├ílido/i. This could be because the text is broken up by multiple 
elements. In this case, you can provide a function for your text matcher to make 
your matcher more flexible.

Ignored nodes: comments, script, style
[36m<body>[39m
  [36m<div>[39m
    [36m<form[39m
      [33maction[39m=[32m"#"[39m
      [33mclass[39m=[32m"space-y-4"[39m
    [36m>[39m
      [36m<div[39m
        [33mclass[39m=[32m"mb-4"[39m
      [36m>[39m
        [36m<label[39m
          [33mclass[39m=[32m"block text-sm font-medium mb-2 text-gray-700"[39m
          [33mfor[39m=[32m"email"[39m
        [36m>[39m
          [0mCorreo electr├│nico[0m
          [0m [0m
          [36m<span[39m
            [33mclass[39m=[32m"text-primary-600"[39m
          [36m>[39m
            [0m*[0m
          [36m</span>[39m
        [36m</label>[39m
        [36m<div[39m
          [33mclass[39m=[32m"relative"[39m
        [36m>[39m
          [36m<input[39m
            [33mautocomplete[39m=[32m"email"[39m
            [33mclass[39m=[32m"
            w-full px-4 py-3 rounded-md border 
            border-gray-300 focus:border-primary-500 focus:ring 
focus:ring-primary-200
            focus:outline-none transition duration-200
            
          "[39m
            [33mid[39m=[32m"email"[39m
            [33mname[39m=[32m"email"[39m
            [33mplaceholder[39m=[32m"tu@email.com"[39m
            [33mtype[39m=[32m"email"[39m
            [33mvalue[39m=[32m"invalid-email"[39m
          [36m/>[39m
        [36m</div>[39m
      [36m</div>[39m
      [36m<div[39m
        [33mclass[39m=[32m"mb-4"[39m
      [36m>[39m
        [36m<label[39m
          [33mclass[39m=[32m"block text-sm font-medium mb-2 text-gray-700"[39m
          [33mfor[39m=[32m"password"[39m
        [36m>[39m
          [0mContrase├▒a[0m
          [0m [0m
          [36m<span[39m
            [33mclass[39m=[32m"text-primary-600"[39m
          [36m>[39m
            [0m*[0m
          [36m</span>[39m
        [36m</label>[39m
        [36m<div[39m
          [33mclass[39m=[32m"relative"[39m
        [36m>[39m
          [36m<input[39m
            [33mautocomplete[39m=[32m"current-password"[39m
            [33mclass[39m=[32m"
            w-full px-4 py-3 rounded-md border 
            border-gray-300 focus:border-primary-500 focus:ring 
focus:ring-primary-200
            focus:outline-none transition duration-200
            
          "[39m
            [33mid[39m=[32m"password"[39m
            [33mname[39m=[32m"password"[39m
            [33mplaceholder[39m=[32m"ÔÇóÔÇóÔÇóÔÇóÔÇóÔÇóÔÇóÔÇó"[39m
            [33mtype[39m=[32m"password"[39m
            [33mvalue[39m=[32m""[39m
          [36m/>[39m
        [36m</div>[39m
      [36m</div>[39m
      [36m<div[39m
        [33mclass[39m=[32m"flex justify-end"[39m
      [36m>[39m
        [36m<a[39m
          [33mclass[39m=[32m"text-sm text-primary-600 hover:text-primary-700 
transition-colors"[39m
          [33mhref[39m=[32m"/forgot-password"[39m
        [36m>[39m
          [0m┬┐Olvidaste tu contrase├▒a?[0m
        [36m</a>[39m
      [36m</div>[39m
      [36m<div[39m
        [33mclass[39m=[32m"pt-2"[39m
      [36m>[39m
        [36m<button[39m
          [33mclass[39m=[32m"w-full flex justify-center items-center 
bg-primary-600 hover:bg-primary-700 text-white py-3 px-4 rounded-md transition 
duration-200 font-medium focus:outline-none focus:ring-2 focus:ring-primary-500 
focus:ring-offset-2 disabled:opacity-70"[39m
          [33mtype[39m=[32m"submit"[39m
        [36m>[39m
          [0mIniciar sesi├│n[0m
        [36m</button>[39m
      [36m</div>[39m
    [36m</form>[39m
  [36m</div>[39m
[36m</body>[39m

Ignored nodes: comments, script, style
[36m<html>[39m
  [36m<head />[39m
  [36m<body>[39m
    [36m<div>[39m
      [36m<form[39m
        [33maction[39m=[32m"#"[39m
        [33mclass[39m=[32m"space-y-4"[39m
      [36m>[39m
        [36m<div[39m
          [33mclass[39m=[32m"mb-4"[39m
        [36m>[39m
          [36m<label[39m
            [33mclass[39m=[32m"block text-sm font-medium mb-2 
text-gray-700"[39m
            [33mfor[39m=[32m"email"[39m
          [36m>[39m
            [0mCorreo electr├│nico[0m
            [0m [0m
            [36m<span[39m
              [33mclass[39m=[32m"text-primary-600"[39m
            [36m>[39m
              [0m*[0m
            [36m</span>[39m
          [36m</label>[39m
          [36m<div[39m
            [33mclass[39m=[32m"relative"[39m
          [36m>[39m
            [36m<input[39m
              [33mautocomplete[39m=[32m"email"[39m
              [33mclass[39m=[32m"
            w-full px-4 py-3 rounded-md border 
            border-gray-300 focus:border-primary-500 focus:ring 
focus:ring-primary-200
            focus:outline-none transition duration-200
            
          "[39m
              [33mid[39m=[32m"email"[39m
              [33mname[39m=[32m"email"[39m
              [33mplaceholder[39m=[32m"tu@email.com"[39m
              [33mtype[39m=[32m"email"[39m
              [33mvalue[39m=[32m"invalid-email"[39m
            [36m/>[39m
          [36m</div>[39m
        [36m</div>[39m
        [36m<div[39m
          [33mclass[39m=[32m"mb-4"[39m
        [36m>[39m
          [36m<label[39m
            [33mclass[39m=[32m"block text-sm font-medium mb-2 
text-gray-700"[39m
            [33mfor[39m=[32m"password"[39m
          [36m>[39m
            [0mContrase├▒a[0m
            [0m [0m
            [36m<span[39m
              [33mclass[39m=[32m"text-primary-600"[39m
            [36m>[39m
              [0m*[0m
            [36m</span>[39m
          [36m</label>[39m
          [36m<div[39m
            [33mclass[39m=[32m"relative"[39m
          [36m>[39m
            [36m<input[39m
              [33mautocomplete[39m=[32m"current-password"[39m
              [33mclass[39m=[32m"
            w-full px-4 py-3 rounded-md border 
            border-gray-300 focus:border-primary-500 focus:ring 
focus:ring-primary-200
            focus:outline-none transition duration-200
            
          "[39m
              [33mid[39m=[32m"password"[39m
              [33mname[39m=[32m"password"[39m
              [33mplaceholder[39m=[32m"ÔÇóÔÇóÔÇóÔÇóÔÇóÔÇóÔÇóÔÇó"[39m
              [33mtype[39m=[32m"password"[39m
              [33mvalue[39m=[32m""[39m
            [36m/>[39m
          [36m</div>[39m
        [36m</div>[39m
        [36m<div[39m
          [33mclass[39m=[32m"flex justify-end"[39m
        [36m>[39m
          [36m<a[39m
            [33mclass[39m=[32m"text-sm text-primary-600 hover:text-primary-700 
transition-colors"[39m
            [33mhref[39m=[32m"/forgot-password"[39m
          [36m>[39m
            [0m┬┐Olvidaste tu contrase├▒a?[0m
          [36m</a>[39m
        [36m</div>[39m
        [36m<div[39m
          [33mclass[39m=[32m"pt-2"[39m
        [36m>[39m
          [36m<button[39m
            [33mclass[39m=[32m"w-full flex justify-center items-center 
bg-primary-600 hover:bg-primary-700 text-white py-3 px-4 rounded-md transition 
duration-200 font-medium focus:outline-none focus:ring-2 focus:ring-primary-500 
focus:ring-offset-2 disabled:opacity-70"[39m
            [33mtype[39m=[32m"submit"[39m
          [36m>[39m
            [0mIniciar sesi├│n[0m
          [36m</button>[39m
        [36m</div>[39m
      [36m</form>[39m
    [36m</div>[39m
  [36m</body>[39m
[36m</html>[39m
[90m [2mÔØ»[22m Proxy.waitForWrapper 
node_modules/@testing-library/dom/dist/wait-for.js:[2m163:27[22m[39m
[36m [2mÔØ»[22m 
src/tests/components/auth/LoginForm.test.tsx:[2m35:11[22m[39m
    [90m 33| [39m    
fireEvent[33m.[39m[34mclick[39m(submitButton)[33m;[39m
    [90m 34| [39m    
    [90m 35| [39m    [35mawait[39m [34mwaitFor[39m(() [33m=>[39m {
    [90m   | [39m          [31m^[39m
    [90m 36| [39m      
[34mexpect[39m(screen[33m.[39m[34mgetByText[39m([36m/email 
v├ílido/i[39m))[33m.[39m[34mtoBeInTheDocument[39m()[33m;[39m
    [90m 37| [39m    })[33m;[39m

[31m[2mÔÄ»ÔÄ»ÔÄ»ÔÄ»ÔÄ»ÔÄ»ÔÄ»ÔÄ»ÔÄ»ÔÄ»ÔÄ»ÔÄ»ÔÄ»ÔÄ»ÔÄ»ÔÄ»ÔÄ»ÔÄ»ÔÄ»ÔÄ»ÔÄ»ÔÄ»[11/16]
ÔÄ»[22m[39m

[31m[1m[7m FAIL [27m[22m[39m 
src/tests/components/auth/LoginForm.test.tsx[2m > [22mLoginForm[2m > 
[22mdisplays error message on login failure
[31m[1mTestingLibraryElementError[22m[39m: Unable to find an element with the 
text: /credenciales inv├ílidas/i. This could be because the text is broken up by 
multiple elements. In this case, you can provide a function for your text matcher 
to make your matcher more flexible.

Ignored nodes: comments, script, style
[36m<body>[39m
  [36m<div>[39m
    [36m<form[39m
      [33maction[39m=[32m"#"[39m
      [33mclass[39m=[32m"space-y-4"[39m
    [36m>[39m
      [36m<div[39m
        [33mclass[39m=[32m"mb-4"[39m
      [36m>[39m
        [36m<label[39m
          [33mclass[39m=[32m"block text-sm font-medium mb-2 text-gray-700"[39m
          [33mfor[39m=[32m"email"[39m
        [36m>[39m
          [0mCorreo electr├│nico[0m
          [0m [0m
          [36m<span[39m
            [33mclass[39m=[32m"text-primary-600"[39m
          [36m>[39m
            [0m*[0m
          [36m</span>[39m
        [36m</label>[39m
        [36m<div[39m
          [33mclass[39m=[32m"relative"[39m
        [36m>[39m
          [36m<input[39m
            [33mautocomplete[39m=[32m"email"[39m
            [33mclass[39m=[32m"
            w-full px-4 py-3 rounded-md border 
            border-gray-300 focus:border-primary-500 focus:ring 
focus:ring-primary-200
            focus:outline-none transition duration-200
            
          "[39m
            [33mid[39m=[32m"email"[39m
            [33mname[39m=[32m"email"[39m
            [33mplaceholder[39m=[32m"tu@email.com"[39m
            [33mtype[39m=[32m"email"[39m
            [33mvalue[39m=[32m"test@example.com"[39m
          [36m/>[39m
        [36m</div>[39m
      [36m</div>[39m
      [36m<div[39m
        [33mclass[39m=[32m"mb-4"[39m
      [36m>[39m
        [36m<label[39m
          [33mclass[39m=[32m"block text-sm font-medium mb-2 text-gray-700"[39m
          [33mfor[39m=[32m"password"[39m
        [36m>[39m
          [0mContrase├▒a[0m
          [0m [0m
          [36m<span[39m
            [33mclass[39m=[32m"text-primary-600"[39m
          [36m>[39m
            [0m*[0m
          [36m</span>[39m
        [36m</label>[39m
        [36m<div[39m
          [33mclass[39m=[32m"relative"[39m
        [36m>[39m
          [36m<input[39m
            [33mautocomplete[39m=[32m"current-password"[39m
            [33mclass[39m=[32m"
            w-full px-4 py-3 rounded-md border 
            border-gray-300 focus:border-primary-500 focus:ring 
focus:ring-primary-200
            focus:outline-none transition duration-200
            
          "[39m
            [33mid[39m=[32m"password"[39m
            [33mname[39m=[32m"password"[39m
            [33mplaceholder[39m=[32m"ÔÇóÔÇóÔÇóÔÇóÔÇóÔÇóÔÇóÔÇó"[39m
            [33mtype[39m=[32m"password"[39m
            [33mvalue[39m=[32m"wrongpassword"[39m
          [36m/>[39m
        [36m</div>[39m
      [36m</div>[39m
      [36m<div[39m
        [33mclass[39m=[32m"flex justify-end"[39m
      [36m>[39m
        [36m<a[39m
          [33mclass[39m=[32m"text-sm text-primary-600 hover:text-primary-700 
transition-colors"[39m
          [33mhref[39m=[32m"/forgot-password"[39m
        [36m>[39m
          [0m┬┐Olvidaste tu contrase├▒a?[0m
        [36m</a>[39m
      [36m</div>[39m
      [36m<div[39m
        [33mclass[39m=[32m"pt-2"[39m
      [36m>[39m
        [36m<button[39m
          [33mclass[39m=[32m"w-full flex justify-center items-center 
bg-primary-600 hover:bg-primary-700 text-white py-3 px-4 rounded-md transition 
duration-200 font-medium focus:outline-none focus:ring-2 focus:ring-primary-500 
focus:ring-offset-2 disabled:opacity-70"[39m
          [33mtype[39m=[32m"submit"[39m
        [36m>[39m
          [0mIniciar sesi├│n[0m
        [36m</button>[39m
      [36m</div>[39m
    [36m</form>[39m
  [36m</div>[39m
[36m</body>[39m

Ignored nodes: comments, script, style
[36m<html>[39m
  [36m<head />[39m
  [36m<body>[39m
    [36m<div>[39m
      [36m<form[39m
        [33maction[39m=[32m"#"[39m
        [33mclass[39m=[32m"space-y-4"[39m
      [36m>[39m
        [36m<div[39m
          [33mclass[39m=[32m"mb-4"[39m
        [36m>[39m
          [36m<label[39m
            [33mclass[39m=[32m"block text-sm font-medium mb-2 
text-gray-700"[39m
            [33mfor[39m=[32m"email"[39m
          [36m>[39m
            [0mCorreo electr├│nico[0m
            [0m [0m
            [36m<span[39m
              [33mclass[39m=[32m"text-primary-600"[39m
            [36m>[39m
              [0m*[0m
            [36m</span>[39m
          [36m</label>[39m
          [36m<div[39m
            [33mclass[39m=[32m"relative"[39m
          [36m>[39m
            [36m<input[39m
              [33mautocomplete[39m=[32m"email"[39m
              [33mclass[39m=[32m"
            w-full px-4 py-3 rounded-md border 
            border-gray-300 focus:border-primary-500 focus:ring 
focus:ring-primary-200
            focus:outline-none transition duration-200
            
          "[39m
              [33mid[39m=[32m"email"[39m
              [33mname[39m=[32m"email"[39m
              [33mplaceholder[39m=[32m"tu@email.com"[39m
              [33mtype[39m=[32m"email"[39m
              [33mvalue[39m=[32m"test@example.com"[39m
            [36m/>[39m
          [36m</div>[39m
        [36m</div>[39m
        [36m<div[39m
          [33mclass[39m=[32m"mb-4"[39m
        [36m>[39m
          [36m<label[39m
            [33mclass[39m=[32m"block text-sm font-medium mb-2 
text-gray-700"[39m
            [33mfor[39m=[32m"password"[39m
          [36m>[39m
            [0mContrase├▒a[0m
            [0m [0m
            [36m<span[39m
              [33mclass[39m=[32m"text-primary-600"[39m
            [36m>[39m
              [0m*[0m
            [36m</span>[39m
          [36m</label>[39m
          [36m<div[39m
            [33mclass[39m=[32m"relative"[39m
          [36m>[39m
            [36m<input[39m
              [33mautocomplete[39m=[32m"current-password"[39m
              [33mclass[39m=[32m"
            w-full px-4 py-3 rounded-md border 
            border-gray-300 focus:border-primary-500 focus:ring 
focus:ring-primary-200
            focus:outline-none transition duration-200
            
          "[39m
              [33mid[39m=[32m"password"[39m
              [33mname[39m=[32m"password"[39m
              [33mplaceholder[39m=[32m"ÔÇóÔÇóÔÇóÔÇóÔÇóÔÇóÔÇóÔÇó"[39m
              [33mtype[39m=[32m"password"[39m
              [33mvalue[39m=[32m"wrongpassword"[39m
            [36m/>[39m
          [36m</div>[39m
        [36m</div>[39m
        [36m<div[39m
          [33mclass[39m=[32m"flex justify-end"[39m
        [36m>[39m
          [36m<a[39m
            [33mclass[39m=[32m"text-sm text-primary-600 hover:text-primary-700 
transition-colors"[39m
            [33mhref[39m=[32m"/forgot-password"[39m
          [36m>[39m
            [0m┬┐Olvidaste tu contrase├▒a?[0m
          [36m</a>[39m
        [36m</div>[39m
        [36m<div[39m
          [33mclass[39m=[32m"pt-2"[39m
        [36m>[39m
          [36m<button[39m
            [33mclass[39m=[32m"w-full flex justify-center items-center 
bg-primary-600 hover:bg-primary-700 text-white py-3 px-4 rounded-md transition 
duration-200 font-medium focus:outline-none focus:ring-2 focus:ring-primary-500 
focus:ring-offset-2 disabled:opacity-70"[39m
            [33mtype[39m=[32m"submit"[39m
          [36m>[39m
            [0mIniciar sesi├│n[0m
          [36m</button>[39m
        [36m</div>[39m
      [36m</form>[39m
    [36m</div>[39m
  [36m</body>[39m
[36m</html>[39m
[90m [2mÔØ»[22m Proxy.waitForWrapper 
node_modules/@testing-library/dom/dist/wait-for.js:[2m163:27[22m[39m
[36m [2mÔØ»[22m 
src/tests/components/auth/LoginForm.test.tsx:[2m81:11[22m[39m
    [90m 79| [39m    
fireEvent[33m.[39m[34mclick[39m(submitButton)[33m;[39m
    [90m 80| [39m    
    [90m 81| [39m    [35mawait[39m [34mwaitFor[39m(() [33m=>[39m {
    [90m   | [39m          [31m^[39m
    [90m 82| [39m      
[34mexpect[39m(screen[33m.[39m[34mgetByText[39m([36m/credenciales 
inv├ílidas/i[39m))[33m.[39m[34mtoBeInTheDoc[39mÔÇª
    [90m 83| [39m    })[33m;[39m

[31m[2mÔÄ»ÔÄ»ÔÄ»ÔÄ»ÔÄ»ÔÄ»ÔÄ»ÔÄ»ÔÄ»ÔÄ»ÔÄ»ÔÄ»ÔÄ»ÔÄ»ÔÄ»ÔÄ»ÔÄ»ÔÄ»ÔÄ»ÔÄ»ÔÄ»ÔÄ»[12/16]
ÔÄ»[22m[39m

[31m[1m[7m FAIL [27m[22m[39m 
src/tests/components/auth/LoginForm.test.tsx[2m > [22mLoginForm[2m > 
[22mtoggles password visibility
[31m[1mTestingLibraryElementError[22m[39m: Unable to find an accessible 
element with the role "button" and name `/toggle password visibility/i`

Here are the accessible roles:

  textbox:

  Name "Correo electr├│nico *":
  [36m<input[39m
    [33mautocomplete[39m=[32m"email"[39m
    [33mclass[39m=[32m"
              w-full px-4 py-3 rounded-md border 
              border-gray-300 focus:border-primary-500 focus:ring 
focus:ring-primary-200
              focus:outline-none transition duration-200
              
            "[39m
    [33mid[39m=[32m"email"[39m
    [33mname[39m=[32m"email"[39m
    [33mplaceholder[39m=[32m"tu@email.com"[39m
    [33mtype[39m=[32m"email"[39m
    [33mvalue[39m=[32m""[39m
  [36m/>[39m

  --------------------------------------------------
  link:

  Name "┬┐Olvidaste tu contrase├▒a?":
  [36m<a[39m
    [33mclass[39m=[32m"text-sm text-primary-600 hover:text-primary-700 
transition-colors"[39m
    [33mhref[39m=[32m"/forgot-password"[39m
  [36m/>[39m

  --------------------------------------------------
  button:

  Name "Iniciar sesi├│n":
  [36m<button[39m
    [33mclass[39m=[32m"w-full flex justify-center items-center bg-primary-600 
hover:bg-primary-700 text-white py-3 px-4 rounded-md transition duration-200 
font-medium focus:outline-none focus:ring-2 focus:ring-primary-500 
focus:ring-offset-2 disabled:opacity-70"[39m
    [33mtype[39m=[32m"submit"[39m
  [36m/>[39m

  --------------------------------------------------

Ignored nodes: comments, script, style
[36m<body>[39m
  [36m<div>[39m
    [36m<form[39m
      [33maction[39m=[32m"#"[39m
      [33mclass[39m=[32m"space-y-4"[39m
    [36m>[39m
      [36m<div[39m
        [33mclass[39m=[32m"mb-4"[39m
      [36m>[39m
        [36m<label[39m
          [33mclass[39m=[32m"block text-sm font-medium mb-2 text-gray-700"[39m
          [33mfor[39m=[32m"email"[39m
        [36m>[39m
          [0mCorreo electr├│nico[0m
          [0m [0m
          [36m<span[39m
            [33mclass[39m=[32m"text-primary-600"[39m
          [36m>[39m
            [0m*[0m
          [36m</span>[39m
        [36m</label>[39m
        [36m<div[39m
          [33mclass[39m=[32m"relative"[39m
        [36m>[39m
          [36m<input[39m
            [33mautocomplete[39m=[32m"email"[39m
            [33mclass[39m=[32m"
            w-full px-4 py-3 rounded-md border 
            border-gray-300 focus:border-primary-500 focus:ring 
focus:ring-primary-200
            focus:outline-none transition duration-200
            
          "[39m
            [33mid[39m=[32m"email"[39m
            [33mname[39m=[32m"email"[39m
            [33mplaceholder[39m=[32m"tu@email.com"[39m
            [33mtype[39m=[32m"email"[39m
            [33mvalue[39m=[32m""[39m
          [36m/>[39m
        [36m</div>[39m
      [36m</div>[39m
      [36m<div[39m
        [33mclass[39m=[32m"mb-4"[39m
      [36m>[39m
        [36m<label[39m
          [33mclass[39m=[32m"block text-sm font-medium mb-2 text-gray-700"[39m
          [33mfor[39m=[32m"password"[39m
        [36m>[39m
          [0mContrase├▒a[0m
          [0m [0m
          [36m<span[39m
            [33mclass[39m=[32m"text-primary-600"[39m
          [36m>[39m
            [0m*[0m
          [36m</span>[39m
        [36m</label>[39m
        [36m<div[39m
          [33mclass[39m=[32m"relative"[39m
        [36m>[39m
          [36m<input[39m
            [33mautocomplete[39m=[32m"current-password"[39m
            [33mclass[39m=[32m"
            w-full px-4 py-3 rounded-md border 
            border-gray-300 focus:border-primary-500 focus:ring 
focus:ring-primary-200
            focus:outline-none transition duration-200
            
          "[39m
            [33mid[39m=[32m"password"[39m
            [33mname[39m=[32m"password"[39m
            [33mplaceholder[39m=[32m"ÔÇóÔÇóÔÇóÔÇóÔÇóÔÇóÔÇóÔÇó"[39m
            [33mtype[39m=[32m"password"[39m
            [33mvalue[39m=[32m""[39m
          [36m/>[39m
        [36m</div>[39m
      [36m</div>[39m
      [36m<div[39m
        [33mclass[39m=[32m"flex justify-end"[39m
      [36m>[39m
        [36m<a[39m
          [33mclass[39m=[32m"text-sm text-primary-600 hover:text-primary-700 
transition-colors"[39m
          [33mhref[39m=[32m"/forgot-password"[39m
        [36m>[39m
          [0m┬┐Olvidaste tu contrase├▒a?[0m
        [36m</a>[39m
      [36m</div>[39m
      [36m<div[39m
        [33mclass[39m=[32m"pt-2"[39m
      [36m>[39m
        [36m<button[39m
          [33mclass[39m=[32m"w-full flex justify-center items-center 
bg-primary-600 hover:bg-primary-700 text-white py-3 px-4 rounded-md transition 
duration-200 font-medium focus:outline-none focus:ring-2 focus:ring-primary-500 
focus:ring-offset-2 disabled:opacity-70"[39m
          [33mtype[39m=[32m"submit"[39m
        [36m>[39m
          [0mIniciar sesi├│n[0m
        [36m</button>[39m
      [36m</div>[39m
    [36m</form>[39m
  [36m</div>[39m
[36m</body>[39m
[90m [2mÔØ»[22m Object.getElementError 
node_modules/@testing-library/dom/dist/config.js:[2m37:19[22m[39m
[90m [2mÔØ»[22m 
node_modules/@testing-library/dom/dist/query-helpers.js:[2m76:38[22m[39m
[90m [2mÔØ»[22m 
node_modules/@testing-library/dom/dist/query-helpers.js:[2m52:17[22m[39m
[90m [2mÔØ»[22m 
node_modules/@testing-library/dom/dist/query-helpers.js:[2m95:19[22m[39m
[36m [2mÔØ»[22m 
src/tests/components/auth/LoginForm.test.tsx:[2m90:33[22m[39m
    [90m 88| [39m    
    [90m 89| [39m    [35mconst[39m passwordInput [33m=[39m 
screen[33m.[39m[34mgetByLabelText[39m([36m/contrase├▒a/i[39m)[33m;[39m
    [90m 90| [39m    [35mconst[39m toggleButton [33m=[39m 
screen[33m.[39m[34mgetByRole[39m([32m'button'[39m[33m,[39m { 
name[33m:[39m [36m/toggle pa[39mÔÇª
    [90m   | [39m                                [31m^[39m
    [90m 91| [39m    
    [90m 92| [39m    [34mexpect[39m(passwordInput)[33m.[39m[34mtoHaveAttrib
ute[39m([32m'type'[39m[33m,[39m [32m'password'[39m)[33m;[39m

[31m[2mÔÄ»ÔÄ»ÔÄ»ÔÄ»ÔÄ»ÔÄ»ÔÄ»ÔÄ»ÔÄ»ÔÄ»ÔÄ»ÔÄ»ÔÄ»ÔÄ»ÔÄ»ÔÄ»ÔÄ»ÔÄ»ÔÄ»ÔÄ»ÔÄ»ÔÄ»[13/16]
ÔÄ»[22m[39m

[31m[1m[7m FAIL [27m[22m[39m 
src/tests/pages/admin/AdminDashboard.test.tsx[2m > [22mAdminDashboard[2m > 
[22mrenders dashboard metrics correctly
[31m[1mTestingLibraryElementError[22m: Unable to find an element with the 
text: /dashboard administrativo/i. This could be because the text is broken up by 
multiple elements. In this case, you can provide a function for your text matcher 
to make your matcher more flexible.

Ignored nodes: comments, script, style
[36m<body>[31m
  [36m<div>[31m
    [36m<div[31m
      [33mclass[31m=[32m"text-center py-8"[31m
    [36m>[31m
      [0mCargando estad├¡sticas...[0m
    [36m</div>[31m
  [36m</div>[31m
[36m</body>[31m[39m
[90m [2mÔØ»[22m Object.getElementError 
node_modules/@testing-library/dom/dist/config.js:[2m37:19[22m[39m
[90m [2mÔØ»[22m 
node_modules/@testing-library/dom/dist/query-helpers.js:[2m76:38[22m[39m
[90m [2mÔØ»[22m 
node_modules/@testing-library/dom/dist/query-helpers.js:[2m52:17[22m[39m
[90m [2mÔØ»[22m 
node_modules/@testing-library/dom/dist/query-helpers.js:[2m95:19[22m[39m
[36m [2mÔØ»[22m 
src/tests/pages/admin/AdminDashboard.test.tsx:[2m13:19[22m[39m
    [90m 11| [39m    
    [90m 12| [39m    [90m// Verificar que el t├¡tulo principal est├® 
presente[39m
    [90m 13| [39m    
[34mexpect[39m(screen[33m.[39m[34mgetByText[39m([36m/dashboard 
administrativo/i[39m))[33m.[39m[34mtoBeInTheDoc[39mÔÇª
    [90m   | [39m                  [31m^[39m
    [90m 14| [39m    
    [90m 15| [39m    [90m// Esperar a que carguen las m├®tricas (datos del 
mock)[39m

[31m[2mÔÄ»ÔÄ»ÔÄ»ÔÄ»ÔÄ»ÔÄ»ÔÄ»ÔÄ»ÔÄ»ÔÄ»ÔÄ»ÔÄ»ÔÄ»ÔÄ»ÔÄ»ÔÄ»ÔÄ»ÔÄ»ÔÄ»ÔÄ»ÔÄ»ÔÄ»[14/16]
ÔÄ»[22m[39m

[31m[1m[7m FAIL [27m[22m[39m 
src/tests/pages/admin/AdminDashboard.test.tsx[2m > [22mAdminDashboard[2m > 
[22mhandles API error gracefully
[31m[1mTestingLibraryElementError[22m[39m: Unable to find an element with the 
text: /error loading dashboard/i. This could be because the text is broken up by 
multiple elements. In this case, you can provide a function for your text matcher 
to make your matcher more flexible.

Ignored nodes: comments, script, style
[36m<body>[39m
  [36m<div>[39m
    [36m<div>[39m
      [36m<h1[39m
        [33mclass[39m=[32m"text-2xl font-bold text-gray-900 mb-6"[39m
      [36m>[39m
        [0mDashboard Administrativo[0m
      [36m</h1>[39m
      [36m<div[39m
        [33mclass[39m=[32m"grid grid-cols-1 md:grid-cols-2 lg:grid-cols-4 
gap-6 mb-8"[39m
      [36m>[39m
        [36m<div[39m
          [33mclass[39m=[32m"bg-white p-6 rounded-lg shadow"[39m
        [36m>[39m
          [36m<h3[39m
            [33mclass[39m=[32m"text-sm font-medium text-gray-500"[39m
          [36m>[39m
            [0mTotal Usuarios[0m
          [36m</h3>[39m
          [36m<p[39m
            [33mclass[39m=[32m"text-3xl font-bold text-gray-900"[39m
          [36m>[39m
            [0m0[0m
          [36m</p>[39m
        [36m</div>[39m
        [36m<div[39m
          [33mclass[39m=[32m"bg-white p-6 rounded-lg shadow"[39m
        [36m>[39m
          [36m<h3[39m
            [33mclass[39m=[32m"text-sm font-medium text-gray-500"[39m
          [36m>[39m
            [0mTotal Cursos[0m
          [36m</h3>[39m
          [36m<p[39m
            [33mclass[39m=[32m"text-3xl font-bold text-gray-900"[39m
          [36m>[39m
            [0m0[0m
          [36m</p>[39m
        [36m</div>[39m
        [36m<div[39m
          [33mclass[39m=[32m"bg-white p-6 rounded-lg shadow"[39m
        [36m>[39m
          [36m<h3[39m
            [33mclass[39m=[32m"text-sm font-medium text-gray-500"[39m
          [36m>[39m
            [0mNuevos Usuarios[0m
          [36m</h3>[39m
          [36m<p[39m
            [33mclass[39m=[32m"text-3xl font-bold text-green-600"[39m
          [36m>[39m
            [0m0[0m
          [36m</p>[39m
          [36m<p[39m
            [33mclass[39m=[32m"text-sm text-gray-500"[39m
          [36m>[39m
            [0m├Ültimo mes[0m
          [36m</p>[39m
        [36m</div>[39m
        [36m<div[39m
          [33mclass[39m=[32m"bg-white p-6 rounded-lg shadow"[39m
        [36m>[39m
          [36m<h3[39m
            [33mclass[39m=[32m"text-sm font-medium text-gray-500"[39m
          [36m>[39m
            [0mCursos Publicados[0m
          [36m</h3>[39m
          [36m<p[39m
            [33mclass[39m=[32m"text-3xl font-bold text-blue-600"[39m
          [36m>[39m
            [0m0[0m
          [36m</p>[39m
        [36m</div>[39m
      [36m</div>[39m
      [36m<div[39m
        [33mclass[39m=[32m"bg-white rounded-lg shadow p-6"[39m
      [36m>[39m
        [36m<h2[39m
          [33mclass[39m=[32m"text-lg font-semibold mb-4"[39m
        [36m>[39m
          [0mAcciones R├ípidas[0m
        [36m</h2>[39m
        [36m<div[39m
          [33mclass[39m=[32m"flex flex-wrap gap-4"[39m
        [36m>[39m
          [36m<a[39m
            [33mclass[39m=[32m"bg-blue-600 hover:bg-blue-700 text-white px-4 
py-2 rounded-md"[39m
            [33mhref[39m=[32m"/admin/courses/new"[39m
          [36m>[39m
            [0mCrear Nuevo Curso[0m
          [36m</a>[39m
          [36m<a[39m
            [33mclass[39m=[32m"bg-gray-600 hover:bg-gray-700 text-white px-4 
py-2 rounded-md"[39m
            [33mhref[39m=[32m"/admin/users"[39m
          [36m>[39m
            [0mVer Usuarios[0m
          [36m</a>[39m
        [36m</div>[39m
      [36m</div>[39m
    [36m</div>[39m
  [36m</div>[39m
[36m</body>[39m

Ignored nodes: comments, script, style
[36m<html>[39m
  [36m<head />[39m
  [36m<body>[39m
    [36m<div>[39m
      [36m<div>[39m
        [36m<h1[39m
          [33mclass[39m=[32m"text-2xl font-bold text-gray-900 mb-6"[39m
        [36m>[39m
          [0mDashboard Administrativo[0m
        [36m</h1>[39m
        [36m<div[39m
          [33mclass[39m=[32m"grid grid-cols-1 md:grid-cols-2 lg:grid-cols-4 
gap-6 mb-8"[39m
        [36m>[39m
          [36m<div[39m
            [33mclass[39m=[32m"bg-white p-6 rounded-lg shadow"[39m
          [36m>[39m
            [36m<h3[39m
              [33mclass[39m=[32m"text-sm font-medium text-gray-500"[39m
            [36m>[39m
              [0mTotal Usuarios[0m
            [36m</h3>[39m
            [36m<p[39m
              [33mclass[39m=[32m"text-3xl font-bold text-gray-900"[39m
            [36m>[39m
              [0m0[0m
            [36m</p>[39m
          [36m</div>[39m
          [36m<div[39m
            [33mclass[39m=[32m"bg-white p-6 rounded-lg shadow"[39m
          [36m>[39m
            [36m<h3[39m
              [33mclass[39m=[32m"text-sm font-medium text-gray-500"[39m
            [36m>[39m
              [0mTotal Cursos[0m
            [36m</h3>[39m
            [36m<p[39m
              [33mclass[39m=[32m"text-3xl font-bold text-gray-900"[39m
            [36m>[39m
              [0m0[0m
            [36m</p>[39m
          [36m</div>[39m
          [36m<div[39m
            [33mclass[39m=[32m"bg-white p-6 rounded-lg shadow"[39m
          [36m>[39m
            [36m<h3[39m
              [33mclass[39m=[32m"text-sm font-medium text-gray-500"[39m
            [36m>[39m
              [0mNuevos Usuarios[0m
            [36m</h3>[39m
            [36m<p[39m
              [33mclass[39m=[32m"text-3xl font-bold text-green-600"[39m
            [36m>[39m
              [0m0[0m
            [36m</p>[39m
            [36m<p[39m
              [33mclass[39m=[32m"text-sm text-gray-500"[39m
            [36m>[39m
              [0m├Ültimo mes[0m
            [36m</p>[39m
          [36m</div>[39m
          [36m<div[39m
            [33mclass[39m=[32m"bg-white p-6 rounded-lg shadow"[39m
          [36m>[39m
            [36m<h3[39m
              [33mclass[39m=[32m"text-sm font-medium text-gray-500"[39m
            [36m>[39m
              [0mCursos Publicados[0m
            [36m</h3>[39m
            [36m<p[39m
              [33mclass[39m=[32m"text-3xl font-bold text-blue-600"[39m
            [36m>[39m
              [0m0[0m
            [36m</p>[39m
          [36m</div>[39m
        [36m</div>[39m
        [36m<div[39m
          [33mclass[39m=[32m"bg-white rounded-lg shadow p-6"[39m
        [36m>[39m
          [36m<h2[39m
            [33mclass[39m=[32m"text-lg font-semibold mb-4"[39m
          [36m>[39m
            [0mAcciones R├ípidas[0m
          [36m</h2>[39m
          [36m<div[39m
            [33mclass[39m=[32m"flex flex-wrap gap-4"[39m
          [36m>[39m
            [36m<a[39m
              [33mclass[39m=[32m"bg-blue-600 hover:bg-blue-700 text-white px-4 
py-2 rounded-md"[39m
              [33mhref[39m=[32m"/admin/courses/new"[39m
            [36m>[39m
              [0mCrear Nuevo Curso[0m
            [36m</a>[39m
            [36m<a[39m
              [33mclass[39m=[32m"bg-gray-600 hover:bg-gray-700 text-white px-4 
py-2 rounded-md"[39m
              [33mhref[39m=[32m"/admin/users"[39m
            [36m>[39m
              [0mVer Usuarios[0m
            [36m</a>[39m
          [36m</div>[39m
        [36m</div>[39m
      [36m</div>[39m
    [36m</div>[39m
  [36m</body>[39m
[36m</html>[39m
[90m [2mÔØ»[22m Proxy.waitForWrapper 
node_modules/@testing-library/dom/dist/wait-for.js:[2m163:27[22m[39m
[36m [2mÔØ»[22m 
src/tests/pages/admin/AdminDashboard.test.tsx:[2m60:11[22m[39m
    [90m 58| [39m    
[34mrenderWithAdminAuth[39m([33m<[39m[33mAdminDashboard[39m 
[33m/[39m[33m>[39m)[33m;[39m
    [90m 59| [39m    
    [90m 60| [39m    [35mawait[39m [34mwaitFor[39m(() [33m=>[39m {
    [90m   | [39m          [31m^[39m
    [90m 61| [39m      
[34mexpect[39m(screen[33m.[39m[34mgetByText[39m([36m/error loading 
dashboard/i[39m))[33m.[39m[34mtoBeInTheDo[39mÔÇª
    [90m 62| [39m    })[33m;[39m

[31m[2mÔÄ»ÔÄ»ÔÄ»ÔÄ»ÔÄ»ÔÄ»ÔÄ»ÔÄ»ÔÄ»ÔÄ»ÔÄ»ÔÄ»ÔÄ»ÔÄ»ÔÄ»ÔÄ»ÔÄ»ÔÄ»ÔÄ»ÔÄ»ÔÄ»ÔÄ»[15/16]
ÔÄ»[22m[39m

[31m[1m[7m FAIL [27m[22m[39m 
src/tests/pages/admin/AdminDashboard.test.tsx[2m > [22mAdminDashboard[2m > 
[22mrefreshes data when refresh button is clicked
[31m[1mTestingLibraryElementError[22m[39m: Unable to find an element with the 
text: 150. This could be because the text is broken up by multiple elements. In 
this case, you can provide a function for your text matcher to make your matcher 
more flexible.

Ignored nodes: comments, script, style
[36m<body>[39m
  [36m<div>[39m
    [36m<div>[39m
      [36m<h1[39m
        [33mclass[39m=[32m"text-2xl font-bold text-gray-900 mb-6"[39m
      [36m>[39m
        [0mDashboard Administrativo[0m
      [36m</h1>[39m
      [36m<div[39m
        [33mclass[39m=[32m"grid grid-cols-1 md:grid-cols-2 lg:grid-cols-4 
gap-6 mb-8"[39m
      [36m>[39m
        [36m<div[39m
          [33mclass[39m=[32m"bg-white p-6 rounded-lg shadow"[39m
        [36m>[39m
          [36m<h3[39m
            [33mclass[39m=[32m"text-sm font-medium text-gray-500"[39m
          [36m>[39m
            [0mTotal Usuarios[0m
          [36m</h3>[39m
          [36m<p[39m
            [33mclass[39m=[32m"text-3xl font-bold text-gray-900"[39m
          [36m>[39m
            [0m0[0m
          [36m</p>[39m
        [36m</div>[39m
        [36m<div[39m
          [33mclass[39m=[32m"bg-white p-6 rounded-lg shadow"[39m
        [36m>[39m
          [36m<h3[39m
            [33mclass[39m=[32m"text-sm font-medium text-gray-500"[39m
          [36m>[39m
            [0mTotal Cursos[0m
          [36m</h3>[39m
          [36m<p[39m
            [33mclass[39m=[32m"text-3xl font-bold text-gray-900"[39m
          [36m>[39m
            [0m0[0m
          [36m</p>[39m
        [36m</div>[39m
        [36m<div[39m
          [33mclass[39m=[32m"bg-white p-6 rounded-lg shadow"[39m
        [36m>[39m
          [36m<h3[39m
            [33mclass[39m=[32m"text-sm font-medium text-gray-500"[39m
          [36m>[39m
            [0mNuevos Usuarios[0m
          [36m</h3>[39m
          [36m<p[39m
            [33mclass[39m=[32m"text-3xl font-bold text-green-600"[39m
          [36m>[39m
            [0m0[0m
          [36m</p>[39m
          [36m<p[39m
            [33mclass[39m=[32m"text-sm text-gray-500"[39m
          [36m>[39m
            [0m├Ültimo mes[0m
          [36m</p>[39m
        [36m</div>[39m
        [36m<div[39m
          [33mclass[39m=[32m"bg-white p-6 rounded-lg shadow"[39m
        [36m>[39m
          [36m<h3[39m
            [33mclass[39m=[32m"text-sm font-medium text-gray-500"[39m
          [36m>[39m
            [0mCursos Publicados[0m
          [36m</h3>[39m
          [36m<p[39m
            [33mclass[39m=[32m"text-3xl font-bold text-blue-600"[39m
          [36m>[39m
            [0m0[0m
          [36m</p>[39m
        [36m</div>[39m
      [36m</div>[39m
      [36m<div[39m
        [33mclass[39m=[32m"bg-white rounded-lg shadow p-6"[39m
      [36m>[39m
        [36m<h2[39m
          [33mclass[39m=[32m"text-lg font-semibold mb-4"[39m
        [36m>[39m
          [0mAcciones R├ípidas[0m
        [36m</h2>[39m
        [36m<div[39m
          [33mclass[39m=[32m"flex flex-wrap gap-4"[39m
        [36m>[39m
          [36m<a[39m
            [33mclass[39m=[32m"bg-blue-600 hover:bg-blue-700 text-white px-4 
py-2 rounded-md"[39m
            [33mhref[39m=[32m"/admin/courses/new"[39m
          [36m>[39m
            [0mCrear Nuevo Curso[0m
          [36m</a>[39m
          [36m<a[39m
[2m Test Files [22m [1m[31m4 failed[39m[22m[2m | [22m[1m[32m2 passed[39m[22m[90m (6)[39m
[2m      Tests [22m [1m[31m16 failed[39m[22m[2m | [22m[1m[32m31 passed[39m[22m[90m (47)[39m
[2m   Start at [22m 13:09:07
[2m   Duration [22m 11.80s[2m (transform 1.31s, setup 4.19s, collect 3.48s, tests 13.71s, environment 5.97s, prepare 1.17s)[22m

            [33mclass[39m=[32m"bg-gray-600 hover:bg-gray-700 text-white px-4 
py-2 rounded-md"[39m
            [33mhref[39m=[32m"/admin/users"[39m
          [36m>[39m
            [0mVer Usuarios[0m
          [36m</a>[39m
        [36m</div>[39m
      [36m</div>[39m
    [36m</div>[39m
  [36m</div>[39m
[36m</body>[39m

Ignored nodes: comments, script, style
[36m<html>[39m
  [36m<head />[39m
  [36m<body>[39m
    [36m<div>[39m
      [36m<div>[39m
        [36m<h1[39m
          [33mclass[39m=[32m"text-2xl font-bold text-gray-900 mb-6"[39m
        [36m>[39m
          [0mDashboard Administrativo[0m
        [36m</h1>[39m
        [36m<div[39m
          [33mclass[39m=[32m"grid grid-cols-1 md:grid-cols-2 lg:grid-cols-4 
gap-6 mb-8"[39m
        [36m>[39m
          [36m<div[39m
            [33mclass[39m=[32m"bg-white p-6 rounded-lg shadow"[39m
          [36m>[39m
            [36m<h3[39m
              [33mclass[39m=[32m"text-sm font-medium text-gray-500"[39m
            [36m>[39m
              [0mTotal Usuarios[0m
            [36m</h3>[39m
            [36m<p[39m
              [33mclass[39m=[32m"text-3xl font-bold text-gray-900"[39m
            [36m>[39m
              [0m0[0m
            [36m</p>[39m
          [36m</div>[39m
          [36m<div[39m
            [33mclass[39m=[32m"bg-white p-6 rounded-lg shadow"[39m
          [36m>[39m
            [36m<h3[39m
              [33mclass[39m=[32m"text-sm font-medium text-gray-500"[39m
            [36m>[39m
              [0mTotal Cursos[0m
            [36m</h3>[39m
            [36m<p[39m
              [33mclass[39m=[32m"text-3xl font-bold text-gray-900"[39m
            [36m>[39m
              [0m0[0m
            [36m</p>[39m
          [36m</div>[39m
          [36m<div[39m
            [33mclass[39m=[32m"bg-white p-6 rounded-lg shadow"[39m
          [36m>[39m
            [36m<h3[39m
              [33mclass[39m=[32m"text-sm font-medium text-gray-500"[39m
            [36m>[39m
              [0mNuevos Usuarios[0m
            [36m</h3>[39m
            [36m<p[39m
              [33mclass[39m=[32m"text-3xl font-bold text-green-600"[39m
            [36m>[39m
              [0m0[0m
            [36m</p>[39m
            [36m<p[39m
              [33mclass[39m=[32m"text-sm text-gray-500"[39m
            [36m>[39m
              [0m├Ültimo mes[0m
            [36m</p>[39m
          [36m</div>[39m
          [36m<div[39m
            [33mclass[39m=[32m"bg-white p-6 rounded-lg shadow"[39m
          [36m>[39m
            [36m<h3[39m
              [33mclass[39m=[32m"text-sm font-medium text-gray-500"[39m
            [36m>[39m
              [0mCursos Publicados[0m
            [36m</h3>[39m
            [36m<p[39m
              [33mclass[39m=[32m"text-3xl font-bold text-blue-600"[39m
            [36m>[39m
              [0m0[0m
            [36m</p>[39m
          [36m</div>[39m
        [36m</div>[39m
        [36m<div[39m
          [33mclass[39m=[32m"bg-white rounded-lg shadow p-6"[39m
        [36m>[39m
          [36m<h2[39m
            [33mclass[39m=[32m"text-lg font-semibold mb-4"[39m
          [36m>[39m
            [0mAcciones R├ípidas[0m
          [36m</h2>[39m
          [36m<div[39m
            [33mclass[39m=[32m"flex flex-wrap gap-4"[39m
          [36m>[39m
            [36m<a[39m
              [33mclass[39m=[32m"bg-blue-600 hover:bg-blue-700 text-white px-4 
py-2 rounded-md"[39m
              [33mhref[39m=[32m"/admin/courses/new"[39m
            [36m>[39m
              [0mCrear Nuevo Curso[0m
            [36m</a>[39m
            [36m<a[39m
              [33mclass[39m=[32m"bg-gray-600 hover:bg-gray-700 text-white px-4 
py-2 rounded-md"[39m
              [33mhref[39m=[32m"/admin/users"[39m
            [36m>[39m
              [0mVer Usuarios[0m
            [36m</a>[39m
          [36m</div>[39m
        [36m</div>[39m
      [36m</div>[39m
    [36m</div>[39m
  [36m</body>[39m
[36m</html>[39m
[90m [2mÔØ»[22m Proxy.waitForWrapper 
node_modules/@testing-library/dom/dist/wait-for.js:[2m163:27[22m[39m
[36m [2mÔØ»[22m 
src/tests/pages/admin/AdminDashboard.test.tsx:[2m72:11[22m[39m
    [90m 70| [39m    
[34mrenderWithAdminAuth[39m([33m<[39m[33mAdminDashboard[39m 
[33m/[39m[33m>[39m)[33m;[39m
    [90m 71| [39m    
    [90m 72| [39m    [35mawait[39m [34mwaitFor[39m(() [33m=>[39m {
    [90m   | [39m          [31m^[39m
    [90m 73| [39m      [34mexpect[39m(screen[33m.[39m[34mgetByText[39m([3
2m'150'[39m))[33m.[39m[34mtoBeInTheDocument[39m()[33m;[39m
    [90m 74| [39m    })[33m;[39m

[31m[2mÔÄ»ÔÄ»ÔÄ»ÔÄ»ÔÄ»ÔÄ»ÔÄ»ÔÄ»ÔÄ»ÔÄ»ÔÄ»ÔÄ»ÔÄ»ÔÄ»ÔÄ»ÔÄ»ÔÄ»ÔÄ»ÔÄ»ÔÄ»ÔÄ»ÔÄ»[16/16]
ÔÄ»[22m[39m

